Archive member included to satisfy reference by file (symbol)

D:/SOFTWARE/en.st-stm32cubeide_1.18.1_24813_20250409_2138_x86_64.exe/STM32CubeIDE_1.18.1/STM32CubeIDE/plugins/com.st.stm32cube.ide.mcu.externaltools.gnu-tools-for-stm32.13.3.rel1.win32_1.0.0.202411081344/tools/bin/../lib/gcc/arm-none-eabi/13.3.1/../../../../arm-none-eabi/lib/thumb/v7e-m+fp/hard\libc_nano.a(libc_a-exit.o)
                              D:/SOFTWARE/en.st-stm32cubeide_1.18.1_24813_20250409_2138_x86_64.exe/STM32CubeIDE_1.18.1/STM32CubeIDE/plugins/com.st.stm32cube.ide.mcu.externaltools.gnu-tools-for-stm32.13.3.rel1.win32_1.0.0.202411081344/tools/bin/../lib/gcc/arm-none-eabi/13.3.1/../../../../arm-none-eabi/lib/thumb/v7e-m+fp/hard/crt0.o (exit)
D:/SOFTWARE/en.st-stm32cubeide_1.18.1_24813_20250409_2138_x86_64.exe/STM32CubeIDE_1.18.1/STM32CubeIDE/plugins/com.st.stm32cube.ide.mcu.externaltools.gnu-tools-for-stm32.13.3.rel1.win32_1.0.0.202411081344/tools/bin/../lib/gcc/arm-none-eabi/13.3.1/../../../../arm-none-eabi/lib/thumb/v7e-m+fp/hard\libc_nano.a(libc_a-nano-vfprintf_float.o)
                              (_printf_float)
D:/SOFTWARE/en.st-stm32cubeide_1.18.1_24813_20250409_2138_x86_64.exe/STM32CubeIDE_1.18.1/STM32CubeIDE/plugins/com.st.stm32cube.ide.mcu.externaltools.gnu-tools-for-stm32.13.3.rel1.win32_1.0.0.202411081344/tools/bin/../lib/gcc/arm-none-eabi/13.3.1/../../../../arm-none-eabi/lib/thumb/v7e-m+fp/hard\libc_nano.a(libc_a-nano-vfprintf_i.o)
                              D:/SOFTWARE/en.st-stm32cubeide_1.18.1_24813_20250409_2138_x86_64.exe/STM32CubeIDE_1.18.1/STM32CubeIDE/plugins/com.st.stm32cube.ide.mcu.externaltools.gnu-tools-for-stm32.13.3.rel1.win32_1.0.0.202411081344/tools/bin/../lib/gcc/arm-none-eabi/13.3.1/../../../../arm-none-eabi/lib/thumb/v7e-m+fp/hard\libc_nano.a(libc_a-nano-vfprintf_float.o) (_printf_common)
D:/SOFTWARE/en.st-stm32cubeide_1.18.1_24813_20250409_2138_x86_64.exe/STM32CubeIDE_1.18.1/STM32CubeIDE/plugins/com.st.stm32cube.ide.mcu.externaltools.gnu-tools-for-stm32.13.3.rel1.win32_1.0.0.202411081344/tools/bin/../lib/gcc/arm-none-eabi/13.3.1/../../../../arm-none-eabi/lib/thumb/v7e-m+fp/hard\libc_nano.a(libc_a-findfp.o)
                              D:/SOFTWARE/en.st-stm32cubeide_1.18.1_24813_20250409_2138_x86_64.exe/STM32CubeIDE_1.18.1/STM32CubeIDE/plugins/com.st.stm32cube.ide.mcu.externaltools.gnu-tools-for-stm32.13.3.rel1.win32_1.0.0.202411081344/tools/bin/../lib/gcc/arm-none-eabi/13.3.1/../../../../arm-none-eabi/lib/thumb/v7e-m+fp/hard\libc_nano.a(libc_a-exit.o) (__stdio_exit_handler)
D:/SOFTWARE/en.st-stm32cubeide_1.18.1_24813_20250409_2138_x86_64.exe/STM32CubeIDE_1.18.1/STM32CubeIDE/plugins/com.st.stm32cube.ide.mcu.externaltools.gnu-tools-for-stm32.13.3.rel1.win32_1.0.0.202411081344/tools/bin/../lib/gcc/arm-none-eabi/13.3.1/../../../../arm-none-eabi/lib/thumb/v7e-m+fp/hard\libc_nano.a(libc_a-fwalk.o)
                              D:/SOFTWARE/en.st-stm32cubeide_1.18.1_24813_20250409_2138_x86_64.exe/STM32CubeIDE_1.18.1/STM32CubeIDE/plugins/com.st.stm32cube.ide.mcu.externaltools.gnu-tools-for-stm32.13.3.rel1.win32_1.0.0.202411081344/tools/bin/../lib/gcc/arm-none-eabi/13.3.1/../../../../arm-none-eabi/lib/thumb/v7e-m+fp/hard\libc_nano.a(libc_a-findfp.o) (_fwalk_sglue)
D:/SOFTWARE/en.st-stm32cubeide_1.18.1_24813_20250409_2138_x86_64.exe/STM32CubeIDE_1.18.1/STM32CubeIDE/plugins/com.st.stm32cube.ide.mcu.externaltools.gnu-tools-for-stm32.13.3.rel1.win32_1.0.0.202411081344/tools/bin/../lib/gcc/arm-none-eabi/13.3.1/../../../../arm-none-eabi/lib/thumb/v7e-m+fp/hard\libc_nano.a(libc_a-printf.o)
                              ./Core/Src/BN055_IT.o (printf)
D:/SOFTWARE/en.st-stm32cubeide_1.18.1_24813_20250409_2138_x86_64.exe/STM32CubeIDE_1.18.1/STM32CubeIDE/plugins/com.st.stm32cube.ide.mcu.externaltools.gnu-tools-for-stm32.13.3.rel1.win32_1.0.0.202411081344/tools/bin/../lib/gcc/arm-none-eabi/13.3.1/../../../../arm-none-eabi/lib/thumb/v7e-m+fp/hard\libc_nano.a(libc_a-puts.o)
                              ./Core/Src/BNO055.o (puts)
D:/SOFTWARE/en.st-stm32cubeide_1.18.1_24813_20250409_2138_x86_64.exe/STM32CubeIDE_1.18.1/STM32CubeIDE/plugins/com.st.stm32cube.ide.mcu.externaltools.gnu-tools-for-stm32.13.3.rel1.win32_1.0.0.202411081344/tools/bin/../lib/gcc/arm-none-eabi/13.3.1/../../../../arm-none-eabi/lib/thumb/v7e-m+fp/hard\libc_nano.a(libc_a-snprintf.o)
                              ./Core/Src/Debug.o (snprintf)
D:/SOFTWARE/en.st-stm32cubeide_1.18.1_24813_20250409_2138_x86_64.exe/STM32CubeIDE_1.18.1/STM32CubeIDE/plugins/com.st.stm32cube.ide.mcu.externaltools.gnu-tools-for-stm32.13.3.rel1.win32_1.0.0.202411081344/tools/bin/../lib/gcc/arm-none-eabi/13.3.1/../../../../arm-none-eabi/lib/thumb/v7e-m+fp/hard\libc_nano.a(libc_a-sprintf.o)
                              ./Core/Src/BNO055.o (sprintf)
[...]
Memory Configuration

Name             Origin             Length             Attributes
CCMRAM           0x10000000         0x00010000         xrw
RAM              0x20000000         0x00020000         xrw
FLASH            0x08000000         0x00100000         xr
*default*        0x00000000         0xffffffff

Linker script and memory map

LOAD D:/SOFTWARE/en.st-stm32cubeide_1.18.1_24813_20250409_2138_x86_64.exe/STM32CubeIDE_1.18.1/STM32CubeIDE/plugins/com.st.stm32cube.ide.mcu.externaltools.gnu-tools-for-stm32.13.3.rel1.win32_1.0.0.202411081344/tools/bin/../lib/gcc/arm-none-eabi/13.3.1/thumb/v7e-m+fp/hard/crti.o
LOAD D:/SOFTWARE/en.st-stm32cubeide_1.18.1_24813_20250409_2138_x86_64.exe/STM32CubeIDE_1.18.1/STM32CubeIDE/plugins/com.st.stm32cube.ide.mcu.externaltools.gnu-tools-for-stm32.13.3.rel1.win32_1.0.0.202411081344/tools/bin/../lib/gcc/arm-none-eabi/13.3.1/thumb/v7e-m+fp/hard/crtbegin.o
LOAD D:/SOFTWARE/en.st-stm32cubeide_1.18.1_24813_20250409_2138_x86_64.exe/STM32CubeIDE_1.18.1/STM32CubeIDE/plugins/com.st.stm32cube.ide.mcu.externaltools.gnu-tools-for-stm32.13.3.rel1.win32_1.0.0.202411081344/tools/bin/../lib/gcc/arm-none-eabi/13.3.1/../../../../arm-none-eabi/lib/thumb/v7e-m+fp/hard/crt0.o
LOAD ./Core/Src/BN055_IT.o
LOAD ./Core/Src/BNO055.o
LOAD ./Core/Src/Debug.o
LOAD ./Core/Src/MQ135.o
LOAD ./Core/Src/PN532.o
LOAD ./Core/Src/RC522.o
LOAD ./Core/Src/can_receive.o
LOAD ./Core/Src/can_tranceive.o
LOAD ./Core/Src/checkstatus.o
LOAD ./Core/Src/display.o
LOAD ./Core/Src/led_control.o
LOAD ./Core/Src/liquidcrystal_i2c.o
LOAD ./Core/Src/main.o
LOAD ./Core/Src/nvic_config.o
LOAD ./Core/Src/rfid.o
LOAD ./Core/Src/sensor_test.o
LOAD ./Core/Src/stm32f4xx_hal_msp.o
LOAD ./Core/Src/stm32f4xx_it.o
LOAD ./Core/Src/syscalls.o
LOAD ./Core/Src/sysmem.o
LOAD ./Core/Src/system_stm32f4xx.o
LOAD ./Core/Src/ultrasonic_sensor.o
LOAD ./Core/Startup/startup_stm32f407vgtx.o
LOAD ./Drivers/STM32F4xx_HAL_Driver/Src/stm32f4xx_hal.o
LOAD ./Drivers/STM32F4xx_HAL_Driver/Src/stm32f4xx_hal_adc.o
LOAD ./Drivers/STM32F4xx_HAL_Driver/Src/stm32f4xx_hal_adc_ex.o
LOAD ./Drivers/STM32F4xx_HAL_Driver/Src/stm32f4xx_hal_can.o
LOAD ./Drivers/STM32F4xx_HAL_Driver/Src/stm32f4xx_hal_cortex.o
LOAD ./Drivers/STM32F4xx_HAL_Driver/Src/stm32f4xx_hal_crc.o
LOAD ./Drivers/STM32F4xx_HAL_Driver/Src/stm32f4xx_hal_dma.o
LOAD ./Drivers/STM32F4xx_HAL_Driver/Src/stm32f4xx_hal_dma_ex.o
LOAD ./Drivers/STM32F4xx_HAL_Driver/Src/stm32f4xx_hal_exti.o
LOAD ./Drivers/STM32F4xx_HAL_Driver/Src/stm32f4xx_hal_flash.o
LOAD ./Drivers/STM32F4xx_HAL_Driver/Src/stm32f4xx_hal_flash_ex.o
LOAD ./Drivers/STM32F4xx_HAL_Driver/Src/stm32f4xx_hal_flash_ramfunc.o
LOAD ./Drivers/STM32F4xx_HAL_Driver/Src/stm32f4xx_hal_gpio.o
LOAD ./Drivers/STM32F4xx_HAL_Driver/Src/stm32f4xx_hal_i2c.o
LOAD ./Drivers/STM32F4xx_HAL_Driver/Src/stm32f4xx_hal_i2c_ex.o
LOAD ./Drivers/STM32F4xx_HAL_Driver/Src/stm32f4xx_hal_pwr.o
LOAD ./Drivers/STM32F4xx_HAL_Driver/Src/stm32f4xx_hal_pwr_ex.o
LOAD ./Drivers/STM32F4xx_HAL_Driver/Src/stm32f4xx_hal_rcc.o
LOAD ./Drivers/STM32F4xx_HAL_Driver/Src/stm32f4xx_hal_rcc_ex.o
LOAD ./Drivers/STM32F4xx_HAL_Driver/Src/stm32f4xx_hal_spi.o
LOAD ./Drivers/STM32F4xx_HAL_Driver/Src/stm32f4xx_hal_tim.o
LOAD ./Drivers/STM32F4xx_HAL_Driver/Src/stm32f4xx_hal_tim_ex.o
LOAD ./Drivers/STM32F4xx_HAL_Driver/Src/stm32f4xx_hal_uart.o
LOAD ./Drivers/STM32F4xx_HAL_Driver/Src/stm32f4xx_ll_adc.o
START GROUP
LOAD D:/SOFTWARE/en.st-stm32cubeide_1.18.1_24813_20250409_2138_x86_64.exe/STM32CubeIDE_1.18.1/STM32CubeIDE/plugins/com.st.stm32cube.ide.mcu.externaltools.gnu-tools-for-stm32.13.3.rel1.win32_1.0.0.202411081344/tools/bin/../lib/gcc/arm-none-eabi/13.3.1/../../../../arm-none-eabi/lib/thumb/v7e-m+fp/hard\libc_nano.a
LOAD D:/SOFTWARE/en.st-stm32cubeide_1.18.1_24813_20250409_2138_x86_64.exe/STM32CubeIDE_1.18.1/STM32CubeIDE/plugins/com.st.stm32cube.ide.mcu.externaltools.gnu-tools-for-stm32.13.3.rel1.win32_1.0.0.202411081344/tools/bin/../lib/gcc/arm-none-eabi/13.3.1/../../../../arm-none-eabi/lib/thumb/v7e-m+fp/hard\libm.a
END GROUP
START GROUP
LOAD D:/SOFTWARE/en.st-stm32cubeide_1.18.1_24813_20250409_2138_x86_64.exe/STM32CubeIDE_1.18.1/STM32CubeIDE/plugins/com.st.stm32cube.ide.mcu.externaltools.gnu-tools-for-stm32.13.3.rel1.win32_1.0.0.202411081344/tools/bin/../lib/gcc/arm-none-eabi/13.3.1/thumb/v7e-m+fp/hard\libgcc.a
LOAD D:/SOFTWARE/en.st-stm32cubeide_1.18.1_24813_20250409_2138_x86_64.exe/STM32CubeIDE_1.18.1/STM32CubeIDE/plugins/com.st.stm32cube.ide.mcu.externaltools.gnu-tools-for-stm32.13.3.rel1.win32_1.0.0.202411081344/tools/bin/../lib/gcc/arm-none-eabi/13.3.1/../../../../arm-none-eabi/lib/thumb/v7e-m+fp/hard\libc_nano.a
END GROUP
START GROUP
LOAD D:/SOFTWARE/en.st-stm32cubeide_1.18.1_24813_20250409_2138_x86_64.exe/STM32CubeIDE_1.18.1/STM32CubeIDE/plugins/com.st.stm32cube.ide.mcu.externaltools.gnu-tools-for-stm32.13.3.rel1.win32_1.0.0.202411081344/tools/bin/../lib/gcc/arm-none-eabi/13.3.1/thumb/v7e-m+fp/hard\libgcc.a
LOAD D:/SOFTWARE/en.st-stm32cubeide_1.18.1_24813_20250409_2138_x86_64.exe/STM32CubeIDE_1.18.1/STM32CubeIDE/plugins/com.st.stm32cube.ide.mcu.externaltools.gnu-tools-for-stm32.13.3.rel1.win32_1.0.0.202411081344/tools/bin/../lib/gcc/arm-none-eabi/13.3.1/../../../../arm-none-eabi/lib/thumb/v7e-m+fp/hard\libc_nano.a
LOAD D:/SOFTWARE/en.st-stm32cubeide_1.18.1_24813_20250409_2138_x86_64.exe/STM32CubeIDE_1.18.1/STM32CubeIDE/plugins/com.st.stm32cube.ide.mcu.externaltools.gnu-tools-for-stm32.13.3.rel1.win32_1.0.0.202411081344/tools/bin/../lib/gcc/arm-none-eabi/13.3.1/../../../../arm-none-eabi/lib/thumb/v7e-m+fp/hard\libnosys.a
END GROUP
START GROUP
LOAD D:/SOFTWARE/en.st-stm32cubeide_1.18.1_24813_20250409_2138_x86_64.exe/STM32CubeIDE_1.18.1/STM32CubeIDE/plugins/com.st.stm32cube.ide.mcu.externaltools.gnu-tools-for-stm32.13.3.rel1.win32_1.0.0.202411081344/tools/bin/../lib/gcc/arm-none-eabi/13.3.1/thumb/v7e-m+fp/hard\libgcc.a
LOAD D:/SOFTWARE/en.st-stm32cubeide_1.18.1_24813_20250409_2138_x86_64.exe/STM32CubeIDE_1.18.1/STM32CubeIDE/plugins/com.st.stm32cube.ide.mcu.externaltools.gnu-tools-for-stm32.13.3.rel1.win32_1.0.0.202411081344/tools/bin/../lib/gcc/arm-none-eabi/13.3.1/../../../../arm-none-eabi/lib/thumb/v7e-m+fp/hard\libc_nano.a
LOAD D:/SOFTWARE/en.st-stm32cubeide_1.18.1_24813_20250409_2138_x86_64.exe/STM32CubeIDE_1.18.1/STM32CubeIDE/plugins/com.st.stm32cube.ide.mcu.externaltools.gnu-tools-for-stm32.13.3.rel1.win32_1.0.0.202411081344/tools/bin/../lib/gcc/arm-none-eabi/13.3.1/../../../../arm-none-eabi/lib/thumb/v7e-m+fp/hard\libnosys.a
END GROUP
LOAD D:/SOFTWARE/en.st-stm32cubeide_1.18.1_24813_20250409_2138_x86_64.exe/STM32CubeIDE_1.18.1/STM32CubeIDE/plugins/com.st.stm32cube.ide.mcu.externaltools.gnu-tools-for-stm32.13.3.rel1.win32_1.0.0.202411081344/tools/bin/../lib/gcc/arm-none-eabi/13.3.1/thumb/v7e-m+fp/hard/crtend.o
LOAD D:/SOFTWARE/en.st-stm32cubeide_1.18.1_24813_20250409_2138_x86_64.exe/STM32CubeIDE_1.18.1/STM32CubeIDE/plugins/com.st.stm32cube.ide.mcu.externaltools.gnu-tools-for-stm32.13.3.rel1.win32_1.0.0.202411081344/tools/bin/../lib/gcc/arm-none-eabi/13.3.1/thumb/v7e-m+fp/hard/crtn.o
                0x20020000                        _estack = (ORIGIN (RAM) + LENGTH (RAM))
                0x00000200                        _Min_Heap_Size = 0x200
                0x00000400                        _Min_Stack_Size = 0x400

.isr_vector     0x08000000      0x188
                0x08000000                        . = ALIGN (0x4)
 *(.isr_vector)
 .isr_vector    0x08000000      0x188 ./Core/Startup/startup_stm32f407vgtx.o
                0x08000000                g_pfnVectors
                0x08000188                        . = ALIGN (0x4)

.text           0x08000190    0x107f8
                0x08000190                        . = ALIGN (0x4)
 *(.text)
 .text          0x08000190       0x40 D:/SOFTWARE/en.st-stm32cubeide_1.18.1_24813_20250409_2138_x86_64.exe/STM32CubeIDE_1.18.1/STM32CubeIDE/plugins/com.st.stm32cube.ide.mcu.externaltools.gnu-tools-for-stm32.13.3.rel1.win32_1.0.0.202411081344/tools/bin/../lib/gcc/arm-none-eabi/13.3.1/thumb/v7e-m+fp/hard/crtbegin.o
 .text          0x080001d0       0xa0 D:/SOFTWARE/en.st-stm32cubeide_1.18.1_24813_20250409_2138_x86_64.exe/STM32CubeIDE_1.18.1/STM32CubeIDE/plugins/com.st.stm32cube.ide.mcu.externaltools.gnu-tools-for-stm32.13.3.rel1.win32_1.0.0.202411081344/tools/bin/../lib/gcc/arm-none-eabi/13.3.1/../../../../arm-none-eabi/lib/thumb/v7e-m+fp/hard\libc_nano.a(libc_a-memchr.o)
                0x080001d0                memchr
 .text          0x08000270       0x10 D:/SOFTWARE/en.st-stm32cubeide_1.18.1_24813_20250409_2138_x86_64.exe/STM32CubeIDE_1.18.1/STM32CubeIDE/plugins/com.st.stm32cube.ide.mcu.externaltools.gnu-tools-for-stm32.13.3.rel1.win32_1.0.0.202411081344/tools/bin/../lib/gcc/arm-none-eabi/13.3.1/../../../../arm-none-eabi/lib/thumb/v7e-m+fp/hard\libc_nano.a(libc_a-strlen.o)
                0x08000270                strlen
 .text          0x08000280      0x378 D:/SOFTWARE/en.st-stm32cubeide_1.18.1_24813_20250409_2138_x86_64.exe/STM32CubeIDE_1.18.1/STM32CubeIDE/plugins/com.st.stm32cube.ide.mcu.externaltools.gnu-tools-for-stm32.13.3.rel1.win32_1.0.0.202411081344/tools/bin/../lib/gcc/arm-none-eabi/13.3.1/thumb/v7e-m+fp/hard\libgcc.a(_arm_addsubdf3.o)
                0x08000280                __aeabi_drsub
                0x08000288                __aeabi_dsub
                0x08000288                __subdf3
                0x0800028c                __aeabi_dadd
                0x0800028c                __adddf3
                0x08000504                __floatunsidf
                0x08000504                __aeabi_ui2d
                0x08000524                __floatsidf
                0x08000524                __aeabi_i2d
                0x08000548                __aeabi_f2d
                0x08000548                __extendsfdf2
                0x0800058c                __floatundidf
                0x0800058c                __aeabi_ul2d
                0x0800059c                __floatdidf
                0x0800059c                __aeabi_l2d
 .text          0x080005f8      0x424 D:/SOFTWARE/en.st-stm32cubeide_1.18.1_24813_20250409_2138_x86_64.exe/STM32CubeIDE_1.18.1/STM32CubeIDE/plugins/com.st.stm32cube.ide.mcu.externaltools.gnu-tools-for-stm32.13.3.rel1.win32_1.0.0.202411081344/tools/bin/../lib/gcc/arm-none-eabi/13.3.1/thumb/v7e-m+fp/hard\libgcc.a(_arm_muldivdf3.o)
                0x080005f8                __aeabi_dmul
                0x080005f8                __muldf3
                0x0800084c                __divdf3
                0x0800084c                __aeabi_ddiv
 .text          0x08000a1c      0x110 D:/SOFTWARE/en.st-stm32cubeide_1.18.1_24813_20250409_2138_x86_64.exe/STM32CubeIDE_1.18.1/STM32CubeIDE/plugins/com.st.stm32cube.ide.mcu.externaltools.gnu-tools-for-stm32.13.3.rel1.win32_1.0.0.202411081344/tools/bin/../lib/gcc/arm-none-eabi/13.3.1/thumb/v7e-m+fp/hard\libgcc.a(_arm_cmpdf2.o)
                0x08000a1c                __gtdf2
                0x08000a1c                __gedf2
                0x08000a24                __ltdf2
                0x08000a24                __ledf2
                0x08000a2c                __nedf2
                0x08000a2c                __eqdf2
                0x08000a2c                __cmpdf2
                0x08000aa8                __aeabi_cdrcmple
                0x08000ab8                __aeabi_cdcmpeq
                0x08000ab8                __aeabi_cdcmple
                0x08000ac8                __aeabi_dcmpeq
                0x08000adc                __aeabi_dcmplt
                0x08000af0                __aeabi_dcmple
                0x08000b04                __aeabi_dcmpge
                0x08000b18                __aeabi_dcmpgt
 .text          0x08000b2c       0x2c D:/SOFTWARE/en.st-stm32cubeide_1.18.1_24813_20250409_2138_x86_64.exe/STM32CubeIDE_1.18.1/STM32CubeIDE/plugins/com.st.stm32cube.ide.mcu.externaltools.gnu-tools-for-stm32.13.3.rel1.win32_1.0.0.202411081344/tools/bin/../lib/gcc/arm-none-eabi/13.3.1/thumb/v7e-m+fp/hard\libgcc.a(_arm_unorddf2.o)
                0x08000b2c                __unorddf2
                0x08000b2c                __aeabi_dcmpun
 .text          0x08000b58       0x50 D:/SOFTWARE/en.st-stm32cubeide_1.18.1_24813_20250409_2138_x86_64.exe/STM32CubeIDE_1.18.1/STM32CubeIDE/plugins/com.st.stm32cube.ide.mcu.externaltools.gnu-tools-for-stm32.13.3.rel1.win32_1.0.0.202411081344/tools/bin/../lib/gcc/arm-none-eabi/13.3.1/thumb/v7e-m+fp/hard\libgcc.a(_arm_fixdfsi.o)
                0x08000b58                __aeabi_d2iz
                0x08000b58                __fixdfsi
 .text          0x08000ba8       0xa0 D:/SOFTWARE/en.st-stm32cubeide_1.18.1_24813_20250409_2138_x86_64.exe/STM32CubeIDE_1.18.1/STM32CubeIDE/plugins/com.st.stm32cube.ide.mcu.externaltools.gnu-tools-for-stm32.13.3.rel1.win32_1.0.0.202411081344/tools/bin/../lib/gcc/arm-none-eabi/13.3.1/thumb/v7e-m+fp/hard\libgcc.a(_arm_truncdfsf2.o)
                0x08000ba8                __truncdfsf2
                0x08000ba8                __aeabi_d2f
 .text          0x08000c48       0x30 D:/SOFTWARE/en.st-stm32cubeide_1.18.1_24813_20250409_2138_x86_64.exe/STM32CubeIDE_1.18.1/STM32CubeIDE/plugins/com.st.stm32cube.ide.mcu.externaltools.gnu-tools-for-stm32.13.3.rel1.win32_1.0.0.202411081344/tools/bin/../lib/gcc/arm-none-eabi/13.3.1/thumb/v7e-m+fp/hard\libgcc.a(_aeabi_uldivmod.o)
                0x08000c48                __aeabi_uldivmod
 .text          0x08000c78      0x2f8 D:/SOFTWARE/en.st-stm32cubeide_1.18.1_24813_20250409_2138_x86_64.exe/STM32CubeIDE_1.18.1/STM32CubeIDE/plugins/com.st.stm32cube.ide.mcu.externaltools.gnu-tools-for-stm32.13.3.rel1.win32_1.0.0.202411081344/tools/bin/../lib/gcc/arm-none-eabi/13.3.1/thumb/v7e-m+fp/hard\libgcc.a(_udivmoddi4.o)
                0x08000c78                __udivmoddi4
 .text          0x08000f70        0x4 D:/SOFTWARE/en.st-stm32cubeide_1.18.1_24813_20250409_2138_x86_64.exe/STM32CubeIDE_1.18.1/STM32CubeIDE/plugins/com.st.stm32cube.ide.mcu.externaltools.gnu-tools-for-stm32.13.3.rel1.win32_1.0.0.202411081344/tools/bin/../lib/gcc/arm-none-eabi/13.3.1/thumb/v7e-m+fp/hard\libgcc.a(_dvmd_tls.o)
                0x08000f70                __aeabi_idiv0
                0x08000f70                __aeabi_ldiv0
 *(.text*)
 .text.BNO055_IT_Read
                0x08000f74       0x9c ./Core/Src/BN055_IT.o
                0x08000f74                BNO055_IT_Read
 .text.BNO055_IT_Write
                0x08001010       0x9c ./Core/Src/BN055_IT.o
                0x08001010                BNO055_IT_Write
 .text.HAL_I2C_MemRxCpltCallback
                0x080010ac       0x30 ./Core/Src/BN055_IT.o
                0x080010ac                HAL_I2C_MemRxCpltCallback
 .text.HAL_I2C_MemTxCpltCallback
                0x080010dc       0x30 ./Core/Src/BN055_IT.o
                0x080010dc                HAL_I2C_MemTxCpltCallback
 .text.HAL_I2C_ErrorCallback
                0x0800110c       0x4c ./Core/Src/BN055_IT.o
                0x0800110c                HAL_I2C_ErrorCallback
 .text.SelectPage
                0x08001158       0x34 ./Core/Src/BNO055.o
                0x08001158                SelectPage
 .text.ReadData
                0x0800118c      0x564 ./Core/Src/BNO055.o
                0x0800118c                ReadData
 .text.Set_Operation_Mode
                0x080016f0       0x54 ./Core/Src/BNO055.o
                0x080016f0                Set_Operation_Mode
 .text.SetPowerMODE
                0x08001744       0x40 ./Core/Src/BNO055.o
                0x08001744                SetPowerMODE
 .text.Clock_Source
                0x08001784       0x1e ./Core/Src/BNO055.o
                0x08001784                Clock_Source
 .text.BNO055_Axis
                0x080017a2       0x3c ./Core/Src/BNO055.o
                0x080017a2                BNO055_Axis
 .text.SET_Accel_Range
                0x080017de       0x24 ./Core/Src/BNO055.o
                0x080017de                SET_Accel_Range
 *fill*         0x08001802        0x2 
 .text.BNO055_Init
                0x08001804       0xc8 ./Core/Src/BNO055.o
                0x08001804                BNO055_Init
 .text.BNO055_SendEulerCAN
                0x080018cc       0xb8 ./Core/Src/BNO055.o
                0x080018cc                BNO055_SendEulerCAN
 .text.BNO055_PrintEulerDebug
                0x08001984       0x90 ./Core/Src/BNO055.o
                0x08001984                BNO055_PrintEulerDebug
 .text.CAN_DebugStatus
                0x08001a14      0x14c ./Core/Src/Debug.o
                0x08001a14                CAN_DebugStatus
 .text.MQ135_Config
                0x08001b60       0x54 ./Core/Src/MQ135.o
                0x08001b60                MQ135_Config
 .text.MQ135_CorrectionFactor
                0x08001bb4       0x74 ./Core/Src/MQ135.o
                0x08001bb4                MQ135_CorrectionFactor
 .text.MQ135_ReadRs
                0x08001c28       0xc8 ./Core/Src/MQ135.o
                0x08001c28                MQ135_ReadRs
 .text.MQ135_ReadCorrectedPPM
                0x08001cf0       0x7a ./Core/Src/MQ135.o
                0x08001cf0                MQ135_ReadCorrectedPPM
 *fill*         0x08001d6a        0x2 
 .text.MQ135_CalibrateRo
                0x08001d6c       0x64 ./Core/Src/MQ135.o
                0x08001d6c                MQ135_CalibrateRo
 .text.MQ135_Send_CAN
                0x08001dd0       0x98 ./Core/Src/MQ135.o
                0x08001dd0                MQ135_Send_CAN
 .text.RC522_SPI_Transfer
                0x08001e68       0x2c ./Core/Src/RC522.o
                0x08001e68                RC522_SPI_Transfer
 .text.Write_MFRC522
                0x08001e94       0x4c ./Core/Src/RC522.o
                0x08001e94                Write_MFRC522
 .text.Read_MFRC522
                0x08001ee0       0x54 ./Core/Src/RC522.o
                0x08001ee0                Read_MFRC522
 .text.SetBitMask
                0x08001f34       0x36 ./Core/Src/RC522.o
                0x08001f34                SetBitMask
 .text.ClearBitMask
                0x08001f6a       0x40 ./Core/Src/RC522.o
                0x08001f6a                ClearBitMask
 .text.AntennaOn
                0x08001faa       0x16 ./Core/Src/RC522.o
                0x08001faa                AntennaOn
 .text.MFRC522_Reset
                0x08001fc0       0x10 ./Core/Src/RC522.o
                0x08001fc0                MFRC522_Reset
 .text.MFRC522_Init
                0x08001fd0       0x5c ./Core/Src/RC522.o
                0x08001fd0                MFRC522_Init
 .text.MFRC522_ToCard
                0x0800202c      0x192 ./Core/Src/RC522.o
                0x0800202c                MFRC522_ToCard
 .text.MFRC522_Request
                0x080021be       0x4a ./Core/Src/RC522.o
                0x080021be                MFRC522_Request
 .text.MFRC522_Anticoll
                0x08002208       0x7a ./Core/Src/RC522.o
                0x08002208                MFRC522_Anticoll
 *fill*         0x08002282        0x2 
 .text.HAL_CAN_RxFifo0MsgPendingCallback
                0x08002284       0x3c ./Core/Src/can_receive.o
                0x08002284                HAL_CAN_RxFifo0MsgPendingCallback
 .text.CAN_SendTopicData
                0x080022c0       0x68 ./Core/Src/can_tranceive.o
                0x080022c0                CAN_SendTopicData
 .text.Send_All_SensorData_CAN
                0x08002328       0xb0 ./Core/Src/can_tranceive.o
                0x08002328                Send_All_SensorData_CAN
 .text.check_it
                0x080023d8       0xa4 ./Core/Src/checkstatus.o
                0x080023d8                check_it
 .text.Process_Ultrasonic_And_Control_Relay
                0x0800247c      0x18c ./Core/Src/led_control.o
                0x0800247c                Process_Ultrasonic_And_Control_Relay
 .text.HD44780_Init
                0x08002608      0x108 ./Core/Src/liquidcrystal_i2c.o
                0x08002608                HD44780_Init
 .text.HD44780_Clear
                0x08002710       0x16 ./Core/Src/liquidcrystal_i2c.o
                0x08002710                HD44780_Clear
 .text.HD44780_Home
                0x08002726       0x16 ./Core/Src/liquidcrystal_i2c.o
                0x08002726                HD44780_Home
 .text.HD44780_Display
                0x0800273c       0x2c ./Core/Src/liquidcrystal_i2c.o
                0x0800273c                HD44780_Display
 .text.HD44780_CreateSpecialChar
                0x08002768       0x54 ./Core/Src/liquidcrystal_i2c.o
                0x08002768                HD44780_CreateSpecialChar
 .text.HD44780_Backlight
                0x080027bc       0x18 ./Core/Src/liquidcrystal_i2c.o
                0x080027bc                HD44780_Backlight
 .text.SendCommand
                0x080027d4       0x1c ./Core/Src/liquidcrystal_i2c.o
 .text.SendChar
                0x080027f0       0x1c ./Core/Src/liquidcrystal_i2c.o
 .text.Send     0x0800280c       0x42 ./Core/Src/liquidcrystal_i2c.o
 .text.Write4Bits
                0x0800284e       0x22 ./Core/Src/liquidcrystal_i2c.o
 .text.ExpanderWrite
                0x08002870       0x38 ./Core/Src/liquidcrystal_i2c.o
 .text.PulseEnable
                0x080028a8       0x3a ./Core/Src/liquidcrystal_i2c.o
 *fill*         0x080028e2        0x2 
 .text.DelayInit
                0x080028e4       0x54 ./Core/Src/liquidcrystal_i2c.o
 .text.DelayUS  0x08002938       0x50 ./Core/Src/liquidcrystal_i2c.o
 .text.HAL_TIM_PeriodElapsedCallback
                0x08002988       0x2c ./Core/Src/main.o
                0x08002988                HAL_TIM_PeriodElapsedCallback
 .text.HAL_ADC_ConvCpltCallback
                0x080029b4       0x60 ./Core/Src/main.o
                0x080029b4                HAL_ADC_ConvCpltCallback
 .text.main     0x08002a14      0x15c ./Core/Src/main.o
                0x08002a14                main
 .text.SystemClock_Config
                0x08002b70       0xd4 ./Core/Src/main.o
                0x08002b70                SystemClock_Config
 .text.MX_ADC1_Init
                0x08002c44       0xa4 ./Core/Src/main.o
 .text.MX_CAN1_Init
                0x08002ce8       0xac ./Core/Src/main.o
 .text.MX_CAN2_Init
                0x08002d94       0x68 ./Core/Src/main.o
 .text.MX_CRC_Init
                0x08002dfc       0x28 ./Core/Src/main.o
 .text.MX_I2C3_Init
                0x08002e24       0x58 ./Core/Src/main.o
 .text.MX_SPI2_Init
                0x08002e7c       0x6c ./Core/Src/main.o
 .text.MX_TIM1_Init
                0x08002ee8      0x188 ./Core/Src/main.o
 .text.MX_TIM2_Init
                0x08003070       0xe0 ./Core/Src/main.o
 .text.MX_TIM3_Init
                0x08003150       0xe0 ./Core/Src/main.o
 .text.MX_TIM4_Init
                0x08003230       0xe0 ./Core/Src/main.o
 .text.MX_TIM6_Init
                0x08003310       0x6c ./Core/Src/main.o
 .text.MX_TIM7_Init
                0x0800337c       0x6c ./Core/Src/main.o
 .text.MX_TIM8_Init
                0x080033e8       0xe8 ./Core/Src/main.o
 .text.MX_USART1_UART_Init
                0x080034d0       0x54 ./Core/Src/main.o
 .text.MX_DMA_Init
                0x08003524       0x40 ./Core/Src/main.o
 .text.MX_GPIO_Init
                0x08003564      0x1dc ./Core/Src/main.o
 .text.Error_Handler
                0x08003740        0xc ./Core/Src/main.o
                0x08003740                Error_Handler
 .text.printUserName
                0x0800374c      0x184 ./Core/Src/rfid.o
                0x0800374c                printUserName
 .text.isAuthorizedUID
                0x080038d0       0x50 ./Core/Src/rfid.o
                0x080038d0                isAuthorizedUID
 .text.checkRFIDAndControlRelay
                0x08003920      0x19c ./Core/Src/rfid.o
                0x08003920                checkRFIDAndControlRelay
 .text.HAL_MspInit
                0x08003abc       0x5c ./Core/Src/stm32f4xx_hal_msp.o
                0x08003abc                HAL_MspInit
 .text.HAL_ADC_MspInit
                0x08003b18       0xfc ./Core/Src/stm32f4xx_hal_msp.o
                0x08003b18                HAL_ADC_MspInit
 .text.HAL_CAN_MspInit
                0x08003c14      0x190 ./Core/Src/stm32f4xx_hal_msp.o
                0x08003c14                HAL_CAN_MspInit
 .text.HAL_CRC_MspInit
                0x08003da4       0x44 ./Core/Src/stm32f4xx_hal_msp.o
                0x08003da4                HAL_CRC_MspInit
 .text.HAL_I2C_MspInit
                0x08003de8       0xf4 ./Core/Src/stm32f4xx_hal_msp.o
                0x08003de8                HAL_I2C_MspInit
 .text.HAL_I2C_MspDeInit
                0x08003edc       0x58 ./Core/Src/stm32f4xx_hal_msp.o
                0x08003edc                HAL_I2C_MspDeInit
 .text.HAL_SPI_MspInit
                0x08003f34       0xd0 ./Core/Src/stm32f4xx_hal_msp.o
                0x08003f34                HAL_SPI_MspInit
 .text.HAL_TIM_Base_MspInit
                0x08004004      0x35c ./Core/Src/stm32f4xx_hal_msp.o
                0x08004004                HAL_TIM_Base_MspInit
 .text.HAL_TIM_MspPostInit
                0x08004360       0x74 ./Core/Src/stm32f4xx_hal_msp.o
                0x08004360                HAL_TIM_MspPostInit
 .text.HAL_UART_MspInit
                0x080043d4       0xa0 ./Core/Src/stm32f4xx_hal_msp.o
                0x080043d4                HAL_UART_MspInit
 .text.NMI_Handler
                0x08004474        0x8 ./Core/Src/stm32f4xx_it.o
                0x08004474                NMI_Handler
 .text.HardFault_Handler
                0x0800447c        0x8 ./Core/Src/stm32f4xx_it.o
                0x0800447c                HardFault_Handler
 .text.MemManage_Handler
                0x08004484        0x8 ./Core/Src/stm32f4xx_it.o
                0x08004484                MemManage_Handler
 .text.BusFault_Handler
                0x0800448c        0x8 ./Core/Src/stm32f4xx_it.o
                0x0800448c                BusFault_Handler
 .text.UsageFault_Handler
                0x08004494        0x8 ./Core/Src/stm32f4xx_it.o
                0x08004494                UsageFault_Handler
 .text.SVC_Handler
                0x0800449c        0xe ./Core/Src/stm32f4xx_it.o
                0x0800449c                SVC_Handler
 .text.DebugMon_Handler
                0x080044aa        0xe ./Core/Src/stm32f4xx_it.o
                0x080044aa                DebugMon_Handler
 .text.PendSV_Handler
                0x080044b8        0xe ./Core/Src/stm32f4xx_it.o
                0x080044b8                PendSV_Handler
 .text.SysTick_Handler
                0x080044c6        0xc ./Core/Src/stm32f4xx_it.o
                0x080044c6                SysTick_Handler
 .text.RCC_IRQHandler
                0x080044d2        0xe ./Core/Src/stm32f4xx_it.o
                0x080044d2                RCC_IRQHandler
 .text.ADC_IRQHandler
                0x080044e0       0x14 ./Core/Src/stm32f4xx_it.o
                0x080044e0                ADC_IRQHandler
 .text.CAN1_TX_IRQHandler
                0x080044f4       0x14 ./Core/Src/stm32f4xx_it.o
                0x080044f4                CAN1_TX_IRQHandler
 .text.CAN1_RX0_IRQHandler
                0x08004508       0x14 ./Core/Src/stm32f4xx_it.o
                0x08004508                CAN1_RX0_IRQHandler
 .text.CAN1_RX1_IRQHandler
                0x0800451c       0x14 ./Core/Src/stm32f4xx_it.o
                0x0800451c                CAN1_RX1_IRQHandler
 .text.TIM1_BRK_TIM9_IRQHandler
                0x08004530       0x14 ./Core/Src/stm32f4xx_it.o
                0x08004530                TIM1_BRK_TIM9_IRQHandler
 .text.TIM1_UP_TIM10_IRQHandler
                0x08004544       0x14 ./Core/Src/stm32f4xx_it.o
                0x08004544                TIM1_UP_TIM10_IRQHandler
 .text.TIM1_TRG_COM_TIM11_IRQHandler
                0x08004558       0x14 ./Core/Src/stm32f4xx_it.o
                0x08004558                TIM1_TRG_COM_TIM11_IRQHandler
 .text.TIM1_CC_IRQHandler
                0x0800456c       0x14 ./Core/Src/stm32f4xx_it.o
                0x0800456c                TIM1_CC_IRQHandler
 .text.TIM2_IRQHandler
                0x08004580       0x14 ./Core/Src/stm32f4xx_it.o
                0x08004580                TIM2_IRQHandler
 .text.TIM3_IRQHandler
                0x08004594       0x14 ./Core/Src/stm32f4xx_it.o
                0x08004594                TIM3_IRQHandler
 .text.TIM4_IRQHandler
                0x080045a8       0x14 ./Core/Src/stm32f4xx_it.o
                0x080045a8                TIM4_IRQHandler
 .text.USART1_IRQHandler
                0x080045bc       0x14 ./Core/Src/stm32f4xx_it.o
                0x080045bc                USART1_IRQHandler
 .text.TIM8_BRK_TIM12_IRQHandler
                0x080045d0       0x14 ./Core/Src/stm32f4xx_it.o
                0x080045d0                TIM8_BRK_TIM12_IRQHandler
 .text.TIM8_UP_TIM13_IRQHandler
                0x080045e4       0x14 ./Core/Src/stm32f4xx_it.o
                0x080045e4                TIM8_UP_TIM13_IRQHandler
 .text.TIM8_TRG_COM_TIM14_IRQHandler
                0x080045f8       0x14 ./Core/Src/stm32f4xx_it.o
                0x080045f8                TIM8_TRG_COM_TIM14_IRQHandler
 .text.TIM8_CC_IRQHandler
                0x0800460c       0x14 ./Core/Src/stm32f4xx_it.o
                0x0800460c                TIM8_CC_IRQHandler
 .text.TIM7_IRQHandler
                0x08004620       0x14 ./Core/Src/stm32f4xx_it.o
                0x08004620                TIM7_IRQHandler
 .text.DMA2_Stream0_IRQHandler
                0x08004634       0x14 ./Core/Src/stm32f4xx_it.o
                0x08004634                DMA2_Stream0_IRQHandler
 .text.I2C3_EV_IRQHandler
                0x08004648       0x14 ./Core/Src/stm32f4xx_it.o
                0x08004648                I2C3_EV_IRQHandler
 .text.I2C3_ER_IRQHandler
                0x0800465c       0x14 ./Core/Src/stm32f4xx_it.o
                0x0800465c                I2C3_ER_IRQHandler
 .text._getpid  0x08004670       0x10 ./Core/Src/syscalls.o
                0x08004670                _getpid
 .text._kill    0x08004680       0x20 ./Core/Src/syscalls.o
                0x08004680                _kill
 .text._exit    0x080046a0       0x16 ./Core/Src/syscalls.o
                0x080046a0                _exit
 .text._read    0x080046b6       0x3a ./Core/Src/syscalls.o
                0x080046b6                _read
 .text._write   0x080046f0       0x38 ./Core/Src/syscalls.o
                0x080046f0                _write
 .text._close   0x08004728       0x18 ./Core/Src/syscalls.o
                0x08004728                _close
 .text._fstat   0x08004740       0x20 ./Core/Src/syscalls.o
                0x08004740                _fstat
 .text._isatty  0x08004760       0x16 ./Core/Src/syscalls.o
                0x08004760                _isatty
 .text._lseek   0x08004776       0x1a ./Core/Src/syscalls.o
                0x08004776                _lseek
 .text._sbrk    0x08004790       0x6c ./Core/Src/sysmem.o
                0x08004790                _sbrk
 .text.SystemInit
                0x080047fc       0x24 ./Core/Src/system_stm32f4xx.o
                0x080047fc                SystemInit
 .text.delay_us
                0x08004820       0x38 ./Core/Src/ultrasonic_sensor.o
                0x08004820                delay_us
 .text.US01_TriggerOne
                0x08004858       0xd4 ./Core/Src/ultrasonic_sensor.o
                0x08004858                US01_TriggerOne
 .text.HAL_TIM_IC_CaptureCallback
                0x0800492c      0x388 ./Core/Src/ultrasonic_sensor.o
                0x0800492c                HAL_TIM_IC_CaptureCallback
 .text.US01_GetDistance
                0x08004cb4       0x2c ./Core/Src/ultrasonic_sensor.o
                0x08004cb4                US01_GetDistance
 .text.UART_SendString
                0x08004ce0       0x2c ./Core/Src/ultrasonic_sensor.o
                0x08004ce0                UART_SendString
 .text.US01_SendAllDistances_CAN
                0x08004d0c       0x72 ./Core/Src/ultrasonic_sensor.o
                0x08004d0c                US01_SendAllDistances_CAN
 .text.US01_TriggerAll_Sequential
                0x08004d7e       0x32 ./Core/Src/ultrasonic_sensor.o
                0x08004d7e                US01_TriggerAll_Sequential
 .text.PrintAllDistances
                0x08004db0       0x40 ./Core/Src/ultrasonic_sensor.o
                0x08004db0                PrintAllDistances
 .text.Reset_Handler
                0x08004df0       0x50 ./Core/Startup/startup_stm32f407vgtx.o
                0x08004df0                Reset_Handler
 .text.Default_Handler
                0x08004e40        0x2 ./Core/Startup/startup_stm32f407vgtx.o
                0x08004e40                RTC_Alarm_IRQHandler
                0x08004e40                HASH_RNG_IRQHandler
                0x08004e40                EXTI2_IRQHandler
                0x08004e40                DMA2_Stream5_IRQHandler
                0x08004e40                DMA1_Stream5_IRQHandler
                0x08004e40                PVD_IRQHandler
                0x08004e40                SDIO_IRQHandler
                0x08004e40                TAMP_STAMP_IRQHandler
                0x08004e40                CAN2_RX1_IRQHandler
                0x08004e40                EXTI3_IRQHandler
                0x08004e40                EXTI0_IRQHandler
                0x08004e40                I2C2_EV_IRQHandler
                0x08004e40                DMA1_Stream2_IRQHandler
                0x08004e40                FPU_IRQHandler
                0x08004e40                OTG_HS_WKUP_IRQHandler
                0x08004e40                CAN2_SCE_IRQHandler
                0x08004e40                DMA2_Stream2_IRQHandler
                0x08004e40                SPI1_IRQHandler
                0x08004e40                TIM6_DAC_IRQHandler
                0x08004e40                DCMI_IRQHandler
                0x08004e40                CAN2_RX0_IRQHandler
                0x08004e40                DMA2_Stream3_IRQHandler
                0x08004e40                USART6_IRQHandler
                0x08004e40                USART3_IRQHandler
                0x08004e40                UART5_IRQHandler
                0x08004e40                I2C1_EV_IRQHandler
                0x08004e40                DMA1_Stream6_IRQHandler
                0x08004e40                DMA1_Stream1_IRQHandler
                0x08004e40                UART4_IRQHandler
                0x08004e40                Default_Handler
                0x08004e40                EXTI15_10_IRQHandler
                0x08004e40                DMA1_Stream7_IRQHandler
                0x08004e40                CAN2_TX_IRQHandler
                0x08004e40                TIM5_IRQHandler
                0x08004e40                DMA2_Stream7_IRQHandler
                0x08004e40                EXTI9_5_IRQHandler
                0x08004e40                RTC_WKUP_IRQHandler
                0x08004e40                ETH_WKUP_IRQHandler
                0x08004e40                SPI2_IRQHandler
                0x08004e40                OTG_HS_EP1_IN_IRQHandler
                0x08004e40                DMA1_Stream0_IRQHandler
                0x08004e40                EXTI4_IRQHandler
                0x08004e40                FSMC_IRQHandler
                0x08004e40                ETH_IRQHandler
                0x08004e40                OTG_HS_EP1_OUT_IRQHandler
                0x08004e40                WWDG_IRQHandler
                0x08004e40                OTG_FS_WKUP_IRQHandler
                0x08004e40                OTG_HS_IRQHandler
                0x08004e40                EXTI1_IRQHandler
                0x08004e40                USART2_IRQHandler
                0x08004e40                I2C2_ER_IRQHandler
                0x08004e40                DMA2_Stream1_IRQHandler
                0x08004e40                CAN1_SCE_IRQHandler
                0x08004e40                FLASH_IRQHandler
                0x08004e40                DMA2_Stream4_IRQHandler
                0x08004e40                OTG_FS_IRQHandler
                0x08004e40                SPI3_IRQHandler
                0x08004e40                DMA1_Stream4_IRQHandler
                0x08004e40                I2C1_ER_IRQHandler
                0x08004e40                DMA2_Stream6_IRQHandler
                0x08004e40                DMA1_Stream3_IRQHandler
 *fill*         0x08004e42        0x2 
 .text.HAL_Init
                0x08004e44       0x44 ./Drivers/STM32F4xx_HAL_Driver/Src/stm32f4xx_hal.o
                0x08004e44                HAL_Init
 .text.HAL_InitTick
                0x08004e88       0x60 ./Drivers/STM32F4xx_HAL_Driver/Src/stm32f4xx_hal.o
                0x08004e88                HAL_InitTick
 .text.HAL_IncTick
                0x08004ee8       0x28 ./Drivers/STM32F4xx_HAL_Driver/Src/stm32f4xx_hal.o
                0x08004ee8                HAL_IncTick
 .text.HAL_GetTick
                0x08004f10       0x18 ./Drivers/STM32F4xx_HAL_Driver/Src/stm32f4xx_hal.o
                0x08004f10                HAL_GetTick
 .text.HAL_Delay
                0x08004f28       0x48 ./Drivers/STM32F4xx_HAL_Driver/Src/stm32f4xx_hal.o
                0x08004f28                HAL_Delay
 .text.HAL_ADC_Init
                0x08004f70       0x86 ./Drivers/STM32F4xx_HAL_Driver/Src/stm32f4xx_hal_adc.o
                0x08004f70                HAL_ADC_Init
 *fill*         0x08004ff6        0x2 
 .text.HAL_ADC_Start_IT
                0x08004ff8      0x1bc ./Drivers/STM32F4xx_HAL_Driver/Src/stm32f4xx_hal_adc.o
                0x08004ff8                HAL_ADC_Start_IT
 .text.HAL_ADC_Stop_IT
                0x080051b4       0x7a ./Drivers/STM32F4xx_HAL_Driver/Src/stm32f4xx_hal_adc.o
                0x080051b4                HAL_ADC_Stop_IT
 .text.HAL_ADC_IRQHandler
                0x0800522e      0x220 ./Drivers/STM32F4xx_HAL_Driver/Src/stm32f4xx_hal_adc.o
                0x0800522e                HAL_ADC_IRQHandler
 .text.HAL_ADC_GetValue
                0x0800544e       0x1a ./Drivers/STM32F4xx_HAL_Driver/Src/stm32f4xx_hal_adc.o
                0x0800544e                HAL_ADC_GetValue
 .text.HAL_ADC_LevelOutOfWindowCallback
                0x08005468       0x14 ./Drivers/STM32F4xx_HAL_Driver/Src/stm32f4xx_hal_adc.o
                0x08005468                HAL_ADC_LevelOutOfWindowCallback
 .text.HAL_ADC_ErrorCallback
                0x0800547c       0x14 ./Drivers/STM32F4xx_HAL_Driver/Src/stm32f4xx_hal_adc.o
                0x0800547c                HAL_ADC_ErrorCallback
 .text.HAL_ADC_ConfigChannel
                0x08005490      0x244 ./Drivers/STM32F4xx_HAL_Driver/Src/stm32f4xx_hal_adc.o
                0x08005490                HAL_ADC_ConfigChannel
 .text.ADC_Init
                0x080056d4      0x1f8 ./Drivers/STM32F4xx_HAL_Driver/Src/stm32f4xx_hal_adc.o
 .text.HAL_ADCEx_InjectedConvCpltCallback
                0x080058cc       0x14 ./Drivers/STM32F4xx_HAL_Driver/Src/stm32f4xx_hal_adc_ex.o
                0x080058cc                HAL_ADCEx_InjectedConvCpltCallback
 .text.HAL_CAN_Init
                0x080058e0      0x1f6 ./Drivers/STM32F4xx_HAL_Driver/Src/stm32f4xx_hal_can.o
                0x080058e0                HAL_CAN_Init
 *fill*         0x08005ad6        0x2 
 .text.HAL_CAN_ConfigFilter
                0x08005ad8      0x1bc ./Drivers/STM32F4xx_HAL_Driver/Src/stm32f4xx_hal_can.o
                0x08005ad8                HAL_CAN_ConfigFilter
 .text.HAL_CAN_Start
                0x08005c94       0x88 ./Drivers/STM32F4xx_HAL_Driver/Src/stm32f4xx_hal_can.o
                0x08005c94                HAL_CAN_Start
 .text.HAL_CAN_AddTxMessage
                0x08005d1c      0x1a0 ./Drivers/STM32F4xx_HAL_Driver/Src/stm32f4xx_hal_can.o
                0x08005d1c                HAL_CAN_AddTxMessage
 .text.HAL_CAN_GetRxMessage
                0x08005ebc      0x244 ./Drivers/STM32F4xx_HAL_Driver/Src/stm32f4xx_hal_can.o
                0x08005ebc                HAL_CAN_GetRxMessage
 .text.HAL_CAN_GetRxFifoFillLevel
                0x08006100       0x50 ./Drivers/STM32F4xx_HAL_Driver/Src/stm32f4xx_hal_can.o
                0x08006100                HAL_CAN_GetRxFifoFillLevel
 .text.HAL_CAN_ActivateNotification
                0x08006150       0x4c ./Drivers/STM32F4xx_HAL_Driver/Src/stm32f4xx_hal_can.o
                0x08006150                HAL_CAN_ActivateNotification
 .text.HAL_CAN_IRQHandler
                0x0800619c      0x36e ./Drivers/STM32F4xx_HAL_Driver/Src/stm32f4xx_hal_can.o
                0x0800619c                HAL_CAN_IRQHandler
 .text.HAL_CAN_TxMailbox0CompleteCallback
                0x0800650a       0x14 ./Drivers/STM32F4xx_HAL_Driver/Src/stm32f4xx_hal_can.o
                0x0800650a                HAL_CAN_TxMailbox0CompleteCallback
 .text.HAL_CAN_TxMailbox1CompleteCallback
                0x0800651e       0x14 ./Drivers/STM32F4xx_HAL_Driver/Src/stm32f4xx_hal_can.o
                0x0800651e                HAL_CAN_TxMailbox1CompleteCallback
 .text.HAL_CAN_TxMailbox2CompleteCallback
                0x08006532       0x14 ./Drivers/STM32F4xx_HAL_Driver/Src/stm32f4xx_hal_can.o
                0x08006532                HAL_CAN_TxMailbox2CompleteCallback
 .text.HAL_CAN_TxMailbox0AbortCallback
                0x08006546       0x14 ./Drivers/STM32F4xx_HAL_Driver/Src/stm32f4xx_hal_can.o
                0x08006546                HAL_CAN_TxMailbox0AbortCallback
 .text.HAL_CAN_TxMailbox1AbortCallback
                0x0800655a       0x14 ./Drivers/STM32F4xx_HAL_Driver/Src/stm32f4xx_hal_can.o
                0x0800655a                HAL_CAN_TxMailbox1AbortCallback
 .text.HAL_CAN_TxMailbox2AbortCallback
                0x0800656e       0x14 ./Drivers/STM32F4xx_HAL_Driver/Src/stm32f4xx_hal_can.o
                0x0800656e                HAL_CAN_TxMailbox2AbortCallback
 .text.HAL_CAN_RxFifo0FullCallback
                0x08006582       0x14 ./Drivers/STM32F4xx_HAL_Driver/Src/stm32f4xx_hal_can.o
                0x08006582                HAL_CAN_RxFifo0FullCallback
 .text.HAL_CAN_RxFifo1MsgPendingCallback
                0x08006596       0x14 ./Drivers/STM32F4xx_HAL_Driver/Src/stm32f4xx_hal_can.o
                0x08006596                HAL_CAN_RxFifo1MsgPendingCallback
 .text.HAL_CAN_RxFifo1FullCallback
                0x080065aa       0x14 ./Drivers/STM32F4xx_HAL_Driver/Src/stm32f4xx_hal_can.o
                0x080065aa                HAL_CAN_RxFifo1FullCallback
 .text.HAL_CAN_SleepCallback
                0x080065be       0x14 ./Drivers/STM32F4xx_HAL_Driver/Src/stm32f4xx_hal_can.o
                0x080065be                HAL_CAN_SleepCallback
 .text.HAL_CAN_WakeUpFromRxMsgCallback
                0x080065d2       0x14 ./Drivers/STM32F4xx_HAL_Driver/Src/stm32f4xx_hal_can.o
                0x080065d2                HAL_CAN_WakeUpFromRxMsgCallback
 .text.HAL_CAN_ErrorCallback
                0x080065e6       0x14 ./Drivers/STM32F4xx_HAL_Driver/Src/stm32f4xx_hal_can.o
                0x080065e6                HAL_CAN_ErrorCallback
 *fill*         0x080065fa        0x2 
 .text.__NVIC_SetPriorityGrouping
                0x080065fc       0x48 ./Drivers/STM32F4xx_HAL_Driver/Src/stm32f4xx_hal_cortex.o
 .text.__NVIC_GetPriorityGrouping
                0x08006644       0x1c ./Drivers/STM32F4xx_HAL_Driver/Src/stm32f4xx_hal_cortex.o
 .text.__NVIC_EnableIRQ
                0x08006660       0x3c ./Drivers/STM32F4xx_HAL_Driver/Src/stm32f4xx_hal_cortex.o
 .text.__NVIC_DisableIRQ
                0x0800669c       0x48 ./Drivers/STM32F4xx_HAL_Driver/Src/stm32f4xx_hal_cortex.o
 .text.__NVIC_SetPriority
                0x080066e4       0x54 ./Drivers/STM32F4xx_HAL_Driver/Src/stm32f4xx_hal_cortex.o
 .text.NVIC_EncodePriority
                0x08006738       0x66 ./Drivers/STM32F4xx_HAL_Driver/Src/stm32f4xx_hal_cortex.o
 *fill*         0x0800679e        0x2 
 .text.SysTick_Config
                0x080067a0       0x44 ./Drivers/STM32F4xx_HAL_Driver/Src/stm32f4xx_hal_cortex.o
 .text.HAL_NVIC_SetPriorityGrouping
                0x080067e4       0x16 ./Drivers/STM32F4xx_HAL_Driver/Src/stm32f4xx_hal_cortex.o
                0x080067e4                HAL_NVIC_SetPriorityGrouping
 .text.HAL_NVIC_SetPriority
                0x080067fa       0x38 ./Drivers/STM32F4xx_HAL_Driver/Src/stm32f4xx_hal_cortex.o
                0x080067fa                HAL_NVIC_SetPriority
 .text.HAL_NVIC_EnableIRQ
                0x08006832       0x1c ./Drivers/STM32F4xx_HAL_Driver/Src/stm32f4xx_hal_cortex.o
                0x08006832                HAL_NVIC_EnableIRQ
 .text.HAL_NVIC_DisableIRQ
                0x0800684e       0x1c ./Drivers/STM32F4xx_HAL_Driver/Src/stm32f4xx_hal_cortex.o
                0x0800684e                HAL_NVIC_DisableIRQ
 .text.HAL_SYSTICK_Config
                0x0800686a       0x18 ./Drivers/STM32F4xx_HAL_Driver/Src/stm32f4xx_hal_cortex.o
                0x0800686a                HAL_SYSTICK_Config
 .text.HAL_CRC_Init
                0x08006882       0x38 ./Drivers/STM32F4xx_HAL_Driver/Src/stm32f4xx_hal_crc.o
                0x08006882                HAL_CRC_Init
 *fill*         0x080068ba        0x2 
 .text.HAL_DMA_Init
                0x080068bc      0x15c ./Drivers/STM32F4xx_HAL_Driver/Src/stm32f4xx_hal_dma.o
                0x080068bc                HAL_DMA_Init
 .text.HAL_DMA_Abort
                0x08006a18       0xe0 ./Drivers/STM32F4xx_HAL_Driver/Src/stm32f4xx_hal_dma.o
                0x08006a18                HAL_DMA_Abort
 .text.HAL_DMA_Abort_IT
                0x08006af8       0x44 ./Drivers/STM32F4xx_HAL_Driver/Src/stm32f4xx_hal_dma.o
                0x08006af8                HAL_DMA_Abort_IT
 .text.HAL_DMA_IRQHandler
                0x08006b3c      0x314 ./Drivers/STM32F4xx_HAL_Driver/Src/stm32f4xx_hal_dma.o
                0x08006b3c                HAL_DMA_IRQHandler
 .text.HAL_DMA_GetState
                0x08006e50       0x1c ./Drivers/STM32F4xx_HAL_Driver/Src/stm32f4xx_hal_dma.o
                0x08006e50                HAL_DMA_GetState
 .text.DMA_CalcBaseAndBitshift
                0x08006e6c       0x6c ./Drivers/STM32F4xx_HAL_Driver/Src/stm32f4xx_hal_dma.o
 .text.DMA_CheckFifoParam
                0x08006ed8       0xf8 ./Drivers/STM32F4xx_HAL_Driver/Src/stm32f4xx_hal_dma.o
 .text.HAL_GPIO_Init
                0x08006fd0      0x338 ./Drivers/STM32F4xx_HAL_Driver/Src/stm32f4xx_hal_gpio.o
                0x08006fd0                HAL_GPIO_Init
 .text.HAL_GPIO_DeInit
                0x08007308      0x1f8 ./Drivers/STM32F4xx_HAL_Driver/Src/stm32f4xx_hal_gpio.o
                0x08007308                HAL_GPIO_DeInit
 .text.HAL_GPIO_WritePin
                0x08007500       0x32 ./Drivers/STM32F4xx_HAL_Driver/Src/stm32f4xx_hal_gpio.o
                0x08007500                HAL_GPIO_WritePin
 *fill*         0x08007532        0x2 
 .text.HAL_I2C_Init
                0x08007534      0x288 ./Drivers/STM32F4xx_HAL_Driver/Src/stm32f4xx_hal_i2c.o
                0x08007534                HAL_I2C_Init
 .text.HAL_I2C_DeInit
                0x080077bc       0x5e ./Drivers/STM32F4xx_HAL_Driver/Src/stm32f4xx_hal_i2c.o
                0x080077bc                HAL_I2C_DeInit
 .text.I2C_Flush_DR
                0x0800781a       0x2a ./Drivers/STM32F4xx_HAL_Driver/Src/stm32f4xx_hal_i2c.o
 .text.HAL_I2C_Master_Transmit
                0x08007844      0x1fc ./Drivers/STM32F4xx_HAL_Driver/Src/stm32f4xx_hal_i2c.o
                0x08007844                HAL_I2C_Master_Transmit
 .text.HAL_I2C_Mem_Write_IT
                0x08007a40      0x15c ./Drivers/STM32F4xx_HAL_Driver/Src/stm32f4xx_hal_i2c.o
                0x08007a40                HAL_I2C_Mem_Write_IT
 .text.HAL_I2C_Mem_Read_IT
                0x08007b9c      0x174 ./Drivers/STM32F4xx_HAL_Driver/Src/stm32f4xx_hal_i2c.o
                0x08007b9c                HAL_I2C_Mem_Read_IT
 .text.HAL_I2C_EV_IRQHandler
                0x08007d10      0x2e2 ./Drivers/STM32F4xx_HAL_Driver/Src/stm32f4xx_hal_i2c.o
                0x08007d10                HAL_I2C_EV_IRQHandler
 .text.HAL_I2C_ER_IRQHandler
                0x08007ff2      0x14e ./Drivers/STM32F4xx_HAL_Driver/Src/stm32f4xx_hal_i2c.o
                0x08007ff2                HAL_I2C_ER_IRQHandler
 .text.HAL_I2C_MasterTxCpltCallback
                0x08008140       0x14 ./Drivers/STM32F4xx_HAL_Driver/Src/stm32f4xx_hal_i2c.o
                0x08008140                HAL_I2C_MasterTxCpltCallback
 .text.HAL_I2C_MasterRxCpltCallback
                0x08008154       0x14 ./Drivers/STM32F4xx_HAL_Driver/Src/stm32f4xx_hal_i2c.o
                0x08008154                HAL_I2C_MasterRxCpltCallback
 .text.HAL_I2C_SlaveTxCpltCallback
                0x08008168       0x14 ./Drivers/STM32F4xx_HAL_Driver/Src/stm32f4xx_hal_i2c.o
                0x08008168                HAL_I2C_SlaveTxCpltCallback
 .text.HAL_I2C_SlaveRxCpltCallback
                0x0800817c       0x14 ./Drivers/STM32F4xx_HAL_Driver/Src/stm32f4xx_hal_i2c.o
                0x0800817c                HAL_I2C_SlaveRxCpltCallback
 .text.HAL_I2C_AddrCallback
                0x08008190       0x1c ./Drivers/STM32F4xx_HAL_Driver/Src/stm32f4xx_hal_i2c.o
                0x08008190                HAL_I2C_AddrCallback
 .text.HAL_I2C_ListenCpltCallback
                0x080081ac       0x14 ./Drivers/STM32F4xx_HAL_Driver/Src/stm32f4xx_hal_i2c.o
                0x080081ac                HAL_I2C_ListenCpltCallback
 .text.HAL_I2C_AbortCpltCallback
                0x080081c0       0x14 ./Drivers/STM32F4xx_HAL_Driver/Src/stm32f4xx_hal_i2c.o
                0x080081c0                HAL_I2C_AbortCpltCallback
 .text.I2C_MasterTransmit_TXE
                0x080081d4      0x138 ./Drivers/STM32F4xx_HAL_Driver/Src/stm32f4xx_hal_i2c.o
 .text.I2C_MasterTransmit_BTF
                0x0800830c       0xec ./Drivers/STM32F4xx_HAL_Driver/Src/stm32f4xx_hal_i2c.o
 .text.I2C_MemoryTransmit_TXE_BTF
                0x080083f8      0x130 ./Drivers/STM32F4xx_HAL_Driver/Src/stm32f4xx_hal_i2c.o
 .text.I2C_MasterReceive_RXNE
                0x08008528      0x190 ./Drivers/STM32F4xx_HAL_Driver/Src/stm32f4xx_hal_i2c.o
 .text.I2C_MasterReceive_BTF
                0x080086b8      0x1e2 ./Drivers/STM32F4xx_HAL_Driver/Src/stm32f4xx_hal_i2c.o
 .text.I2C_Master_SB
                0x0800889a      0x10c ./Drivers/STM32F4xx_HAL_Driver/Src/stm32f4xx_hal_i2c.o
 .text.I2C_Master_ADD10
                0x080089a6       0x54 ./Drivers/STM32F4xx_HAL_Driver/Src/stm32f4xx_hal_i2c.o
 .text.I2C_Master_ADDR
                0x080089fa      0x322 ./Drivers/STM32F4xx_HAL_Driver/Src/stm32f4xx_hal_i2c.o
 .text.I2C_SlaveTransmit_TXE
                0x08008d1c       0x7a ./Drivers/STM32F4xx_HAL_Driver/Src/stm32f4xx_hal_i2c.o
 .text.I2C_SlaveTransmit_BTF
                0x08008d96       0x42 ./Drivers/STM32F4xx_HAL_Driver/Src/stm32f4xx_hal_i2c.o
 .text.I2C_SlaveReceive_RXNE
                0x08008dd8       0x7c ./Drivers/STM32F4xx_HAL_Driver/Src/stm32f4xx_hal_i2c.o
 .text.I2C_SlaveReceive_BTF
                0x08008e54       0x44 ./Drivers/STM32F4xx_HAL_Driver/Src/stm32f4xx_hal_i2c.o
 .text.I2C_Slave_ADDR
                0x08008e98       0x94 ./Drivers/STM32F4xx_HAL_Driver/Src/stm32f4xx_hal_i2c.o
 .text.I2C_Slave_STOPF
                0x08008f2c      0x260 ./Drivers/STM32F4xx_HAL_Driver/Src/stm32f4xx_hal_i2c.o
 .text.I2C_Slave_AF
                0x0800918c       0xe8 ./Drivers/STM32F4xx_HAL_Driver/Src/stm32f4xx_hal_i2c.o
 .text.I2C_ITError
                0x08009274      0x264 ./Drivers/STM32F4xx_HAL_Driver/Src/stm32f4xx_hal_i2c.o
 .text.I2C_MasterRequestWrite
                0x080094d8      0x104 ./Drivers/STM32F4xx_HAL_Driver/Src/stm32f4xx_hal_i2c.o
 .text.I2C_DMAAbort
                0x080095dc      0x150 ./Drivers/STM32F4xx_HAL_Driver/Src/stm32f4xx_hal_i2c.o
 .text.I2C_WaitOnFlagUntilTimeout
                0x0800972c       0xf4 ./Drivers/STM32F4xx_HAL_Driver/Src/stm32f4xx_hal_i2c.o
 .text.I2C_WaitOnMasterAddressFlagUntilTimeout
                0x08009820      0x140 ./Drivers/STM32F4xx_HAL_Driver/Src/stm32f4xx_hal_i2c.o
 .text.I2C_WaitOnTXEFlagUntilTimeout
                0x08009960       0x90 ./Drivers/STM32F4xx_HAL_Driver/Src/stm32f4xx_hal_i2c.o
 .text.I2C_WaitOnBTFFlagUntilTimeout
                0x080099f0       0x90 ./Drivers/STM32F4xx_HAL_Driver/Src/stm32f4xx_hal_i2c.o
 .text.I2C_WaitOnSTOPRequestThroughIT
                0x08009a80       0x64 ./Drivers/STM32F4xx_HAL_Driver/Src/stm32f4xx_hal_i2c.o
 .text.I2C_IsAcknowledgeFailed
                0x08009ae4       0x5e ./Drivers/STM32F4xx_HAL_Driver/Src/stm32f4xx_hal_i2c.o
 .text.I2C_ConvertOtherXferOptions
                0x08009b42       0x36 ./Drivers/STM32F4xx_HAL_Driver/Src/stm32f4xx_hal_i2c.o
 .text.HAL_RCC_OscConfig
                0x08009b78      0x4f0 ./Drivers/STM32F4xx_HAL_Driver/Src/stm32f4xx_hal_rcc.o
                0x08009b78                HAL_RCC_OscConfig
 .text.HAL_RCC_ClockConfig
                0x0800a068      0x1cc ./Drivers/STM32F4xx_HAL_Driver/Src/stm32f4xx_hal_rcc.o
                0x0800a068                HAL_RCC_ClockConfig
 .text.HAL_RCC_GetSysClockFreq
                0x0800a234      0x20c ./Drivers/STM32F4xx_HAL_Driver/Src/stm32f4xx_hal_rcc.o
                0x0800a234                HAL_RCC_GetSysClockFreq
 .text.HAL_RCC_GetHCLKFreq
                0x0800a440       0x18 ./Drivers/STM32F4xx_HAL_Driver/Src/stm32f4xx_hal_rcc.o
                0x0800a440                HAL_RCC_GetHCLKFreq
 .text.HAL_RCC_GetPCLK1Freq
                0x0800a458       0x28 ./Drivers/STM32F4xx_HAL_Driver/Src/stm32f4xx_hal_rcc.o
                0x0800a458                HAL_RCC_GetPCLK1Freq
 .text.HAL_RCC_GetPCLK2Freq
                0x0800a480       0x28 ./Drivers/STM32F4xx_HAL_Driver/Src/stm32f4xx_hal_rcc.o
                0x0800a480                HAL_RCC_GetPCLK2Freq
 .text.HAL_SPI_Init
                0x0800a4a8      0x112 ./Drivers/STM32F4xx_HAL_Driver/Src/stm32f4xx_hal_spi.o
                0x0800a4a8                HAL_SPI_Init
 .text.HAL_SPI_TransmitReceive
                0x0800a5ba      0x352 ./Drivers/STM32F4xx_HAL_Driver/Src/stm32f4xx_hal_spi.o
                0x0800a5ba                HAL_SPI_TransmitReceive
 .text.SPI_WaitFlagStateUntilTimeout
                0x0800a90c      0x110 ./Drivers/STM32F4xx_HAL_Driver/Src/stm32f4xx_hal_spi.o
 .text.SPI_EndRxTxTransaction
                0x0800aa1c       0xa8 ./Drivers/STM32F4xx_HAL_Driver/Src/stm32f4xx_hal_spi.o
 .text.HAL_TIM_Base_Init
                0x0800aac4       0x9e ./Drivers/STM32F4xx_HAL_Driver/Src/stm32f4xx_hal_tim.o
                0x0800aac4                HAL_TIM_Base_Init
 *fill*         0x0800ab62        0x2 
 .text.HAL_TIM_Base_Start
                0x0800ab64       0xd0 ./Drivers/STM32F4xx_HAL_Driver/Src/stm32f4xx_hal_tim.o
                0x0800ab64                HAL_TIM_Base_Start
 .text.HAL_TIM_Base_Stop
                0x0800ac34       0x4e ./Drivers/STM32F4xx_HAL_Driver/Src/stm32f4xx_hal_tim.o
                0x0800ac34                HAL_TIM_Base_Stop
 *fill*         0x0800ac82        0x2 
 .text.HAL_TIM_Base_Start_IT
                0x0800ac84       0xe0 ./Drivers/STM32F4xx_HAL_Driver/Src/stm32f4xx_hal_tim.o
                0x0800ac84                HAL_TIM_Base_Start_IT
 .text.HAL_TIM_PWM_Init
                0x0800ad64       0x9e ./Drivers/STM32F4xx_HAL_Driver/Src/stm32f4xx_hal_tim.o
                0x0800ad64                HAL_TIM_PWM_Init
 .text.HAL_TIM_PWM_MspInit
                0x0800ae02       0x14 ./Drivers/STM32F4xx_HAL_Driver/Src/stm32f4xx_hal_tim.o
                0x0800ae02                HAL_TIM_PWM_MspInit
 .text.HAL_TIM_IC_Init
                0x0800ae16       0x9e ./Drivers/STM32F4xx_HAL_Driver/Src/stm32f4xx_hal_tim.o
                0x0800ae16                HAL_TIM_IC_Init
 .text.HAL_TIM_IC_MspInit
                0x0800aeb4       0x14 ./Drivers/STM32F4xx_HAL_Driver/Src/stm32f4xx_hal_tim.o
                0x0800aeb4                HAL_TIM_IC_MspInit
 .text.HAL_TIM_IC_Start_IT
                0x0800aec8      0x250 ./Drivers/STM32F4xx_HAL_Driver/Src/stm32f4xx_hal_tim.o
                0x0800aec8                HAL_TIM_IC_Start_IT
 .text.HAL_TIM_IC_Stop_IT
                0x0800b118      0x15c ./Drivers/STM32F4xx_HAL_Driver/Src/stm32f4xx_hal_tim.o
                0x0800b118                HAL_TIM_IC_Stop_IT
 .text.HAL_TIM_IRQHandler
                0x0800b274      0x1e0 ./Drivers/STM32F4xx_HAL_Driver/Src/stm32f4xx_hal_tim.o
                0x0800b274                HAL_TIM_IRQHandler
 .text.HAL_TIM_IC_ConfigChannel
                0x0800b454      0x138 ./Drivers/STM32F4xx_HAL_Driver/Src/stm32f4xx_hal_tim.o
                0x0800b454                HAL_TIM_IC_ConfigChannel
 .text.HAL_TIM_PWM_ConfigChannel
                0x0800b58c      0x184 ./Drivers/STM32F4xx_HAL_Driver/Src/stm32f4xx_hal_tim.o
                0x0800b58c                HAL_TIM_PWM_ConfigChannel
 .text.HAL_TIM_ConfigClockSource
                0x0800b710      0x18e ./Drivers/STM32F4xx_HAL_Driver/Src/stm32f4xx_hal_tim.o
                0x0800b710                HAL_TIM_ConfigClockSource
 *fill*         0x0800b89e        0x2 
 .text.HAL_TIM_ReadCapturedValue
                0x0800b8a0       0x88 ./Drivers/STM32F4xx_HAL_Driver/Src/stm32f4xx_hal_tim.o
                0x0800b8a0                HAL_TIM_ReadCapturedValue
 .text.HAL_TIM_OC_DelayElapsedCallback
                0x0800b928       0x14 ./Drivers/STM32F4xx_HAL_Driver/Src/stm32f4xx_hal_tim.o
                0x0800b928                HAL_TIM_OC_DelayElapsedCallback
 .text.HAL_TIM_PWM_PulseFinishedCallback
                0x0800b93c       0x14 ./Drivers/STM32F4xx_HAL_Driver/Src/stm32f4xx_hal_tim.o
                0x0800b93c                HAL_TIM_PWM_PulseFinishedCallback
 .text.HAL_TIM_TriggerCallback
                0x0800b950       0x14 ./Drivers/STM32F4xx_HAL_Driver/Src/stm32f4xx_hal_tim.o
                0x0800b950                HAL_TIM_TriggerCallback
 .text.TIM_Base_SetConfig
                0x0800b964      0x14c ./Drivers/STM32F4xx_HAL_Driver/Src/stm32f4xx_hal_tim.o
                0x0800b964                TIM_Base_SetConfig
 .text.TIM_OC1_SetConfig
                0x0800bab0       0xe0 ./Drivers/STM32F4xx_HAL_Driver/Src/stm32f4xx_hal_tim.o
 .text.TIM_OC2_SetConfig
                0x0800bb90       0xec ./Drivers/STM32F4xx_HAL_Driver/Src/stm32f4xx_hal_tim.o
                0x0800bb90                TIM_OC2_SetConfig
 .text.TIM_OC3_SetConfig
                0x0800bc7c       0xe8 ./Drivers/STM32F4xx_HAL_Driver/Src/stm32f4xx_hal_tim.o
 .text.TIM_OC4_SetConfig
                0x0800bd64       0xac ./Drivers/STM32F4xx_HAL_Driver/Src/stm32f4xx_hal_tim.o
 .text.TIM_TI1_SetConfig
                0x0800be10       0xe8 ./Drivers/STM32F4xx_HAL_Driver/Src/stm32f4xx_hal_tim.o
                0x0800be10                TIM_TI1_SetConfig
 .text.TIM_TI1_ConfigInputStage
                0x0800bef8       0x5e ./Drivers/STM32F4xx_HAL_Driver/Src/stm32f4xx_hal_tim.o
 .text.TIM_TI2_SetConfig
                0x0800bf56       0x7a ./Drivers/STM32F4xx_HAL_Driver/Src/stm32f4xx_hal_tim.o
 .text.TIM_TI2_ConfigInputStage
                0x0800bfd0       0x60 ./Drivers/STM32F4xx_HAL_Driver/Src/stm32f4xx_hal_tim.o
 .text.TIM_TI3_SetConfig
                0x0800c030       0x78 ./Drivers/STM32F4xx_HAL_Driver/Src/stm32f4xx_hal_tim.o
 .text.TIM_TI4_SetConfig
                0x0800c0a8       0x7a ./Drivers/STM32F4xx_HAL_Driver/Src/stm32f4xx_hal_tim.o
 .text.TIM_ITRx_SetConfig
                0x0800c122       0x36 ./Drivers/STM32F4xx_HAL_Driver/Src/stm32f4xx_hal_tim.o
 .text.TIM_ETR_SetConfig
                0x0800c158       0x40 ./Drivers/STM32F4xx_HAL_Driver/Src/stm32f4xx_hal_tim.o
                0x0800c158                TIM_ETR_SetConfig
 .text.TIM_CCxChannelCmd
                0x0800c198       0x4a ./Drivers/STM32F4xx_HAL_Driver/Src/stm32f4xx_hal_tim.o
                0x0800c198                TIM_CCxChannelCmd
 *fill*         0x0800c1e2        0x2 
 .text.HAL_TIMEx_MasterConfigSynchronization
                0x0800c1e4       0xf8 ./Drivers/STM32F4xx_HAL_Driver/Src/stm32f4xx_hal_tim_ex.o
                0x0800c1e4                HAL_TIMEx_MasterConfigSynchronization
 .text.HAL_TIMEx_ConfigBreakDeadTime
                0x0800c2dc       0xa4 ./Drivers/STM32F4xx_HAL_Driver/Src/stm32f4xx_hal_tim_ex.o
                0x0800c2dc                HAL_TIMEx_ConfigBreakDeadTime
 .text.HAL_TIMEx_CommutCallback
                0x0800c380       0x14 ./Drivers/STM32F4xx_HAL_Driver/Src/stm32f4xx_hal_tim_ex.o
                0x0800c380                HAL_TIMEx_CommutCallback
 .text.HAL_TIMEx_BreakCallback
                0x0800c394       0x14 ./Drivers/STM32F4xx_HAL_Driver/Src/stm32f4xx_hal_tim_ex.o
                0x0800c394                HAL_TIMEx_BreakCallback
 .text.HAL_UART_Init
                0x0800c3a8       0xa0 ./Drivers/STM32F4xx_HAL_Driver/Src/stm32f4xx_hal_uart.o
                0x0800c3a8                HAL_UART_Init
 .text.HAL_UART_Transmit
                0x0800c448      0x116 ./Drivers/STM32F4xx_HAL_Driver/Src/stm32f4xx_hal_uart.o
                0x0800c448                HAL_UART_Transmit
 *fill*         0x0800c55e        0x2 
 .text.HAL_UART_IRQHandler
                0x0800c560      0x554 ./Drivers/STM32F4xx_HAL_Driver/Src/stm32f4xx_hal_uart.o
                0x0800c560                HAL_UART_IRQHandler
 .text.HAL_UART_TxCpltCallback
                0x0800cab4       0x14 ./Drivers/STM32F4xx_HAL_Driver/Src/stm32f4xx_hal_uart.o
                0x0800cab4                HAL_UART_TxCpltCallback
 .text.HAL_UART_RxCpltCallback
                0x0800cac8       0x14 ./Drivers/STM32F4xx_HAL_Driver/Src/stm32f4xx_hal_uart.o
                0x0800cac8                HAL_UART_RxCpltCallback
 .text.HAL_UART_ErrorCallback
                0x0800cadc       0x14 ./Drivers/STM32F4xx_HAL_Driver/Src/stm32f4xx_hal_uart.o
                0x0800cadc                HAL_UART_ErrorCallback
 .text.HAL_UARTEx_RxEventCallback
                0x0800caf0       0x18 ./Drivers/STM32F4xx_HAL_Driver/Src/stm32f4xx_hal_uart.o
                0x0800caf0                HAL_UARTEx_RxEventCallback
 .text.UART_WaitOnFlagUntilTimeout
                0x0800cb08       0xb2 ./Drivers/STM32F4xx_HAL_Driver/Src/stm32f4xx_hal_uart.o
 .text.UART_EndRxTransfer
                0x0800cbba       0xc6 ./Drivers/STM32F4xx_HAL_Driver/Src/stm32f4xx_hal_uart.o
 .text.UART_DMAAbortOnError
                0x0800cc80       0x22 ./Drivers/STM32F4xx_HAL_Driver/Src/stm32f4xx_hal_uart.o
 .text.UART_Transmit_IT
                0x0800cca2       0xa0 ./Drivers/STM32F4xx_HAL_Driver/Src/stm32f4xx_hal_uart.o
 .text.UART_EndTransmit_IT
                0x0800cd42       0x30 ./Drivers/STM32F4xx_HAL_Driver/Src/stm32f4xx_hal_uart.o
 .text.UART_Receive_IT
                0x0800cd72      0x17c ./Drivers/STM32F4xx_HAL_Driver/Src/stm32f4xx_hal_uart.o
 *fill*         0x0800ceee        0x2 
 .text.UART_SetConfig
                0x0800cef0      0x4e8 ./Drivers/STM32F4xx_HAL_Driver/Src/stm32f4xx_hal_uart.o
 .text.__cvt    0x0800d3d8       0xca D:/SOFTWARE/en.st-stm32cubeide_1.18.1_24813_20250409_2138_x86_64.exe/STM32CubeIDE_1.18.1/STM32CubeIDE/plugins/com.st.stm32cube.ide.mcu.externaltools.gnu-tools-for-stm32.13.3.rel1.win32_1.0.0.202411081344/tools/bin/../lib/gcc/arm-none-eabi/13.3.1/../../../../arm-none-eabi/lib/thumb/v7e-m+fp/hard\libc_nano.a(libc_a-nano-vfprintf_float.o)
                0x0800d3d8                __cvt
 .text.__exponent
                0x0800d4a2       0x74 D:/SOFTWARE/en.st-stm32cubeide_1.18.1_24813_20250409_2138_x86_64.exe/STM32CubeIDE_1.18.1/STM32CubeIDE/plugins/com.st.stm32cube.ide.mcu.externaltools.gnu-tools-for-stm32.13.3.rel1.win32_1.0.0.202411081344/tools/bin/../lib/gcc/arm-none-eabi/13.3.1/../../../../arm-none-eabi/lib/thumb/v7e-m+fp/hard\libc_nano.a(libc_a-nano-vfprintf_float.o)
                0x0800d4a2                __exponent
 *fill*         0x0800d516        0x2 
 .text._printf_float
                0x0800d518      0x454 D:/SOFTWARE/en.st-stm32cubeide_1.18.1_24813_20250409_2138_x86_64.exe/STM32CubeIDE_1.18.1/STM32CubeIDE/plugins/com.st.stm32cube.ide.mcu.externaltools.gnu-tools-for-stm32.13.3.rel1.win32_1.0.0.202411081344/tools/bin/../lib/gcc/arm-none-eabi/13.3.1/../../../../arm-none-eabi/lib/thumb/v7e-m+fp/hard\libc_nano.a(libc_a-nano-vfprintf_float.o)
                0x0800d518                _printf_float
 .text._printf_common
                0x0800d96c       0xda D:/SOFTWARE/en.st-stm32cubeide_1.18.1_24813_20250409_2138_x86_64.exe/STM32CubeIDE_1.18.1/STM32CubeIDE/plugins/com.st.stm32cube.ide.mcu.externaltools.gnu-tools-for-stm32.13.3.rel1.win32_1.0.0.202411081344/tools/bin/../lib/gcc/arm-none-eabi/13.3.1/../../../../arm-none-eabi/lib/thumb/v7e-m+fp/hard\libc_nano.a(libc_a-nano-vfprintf_i.o)
                0x0800d96c                _printf_common
 *fill*         0x0800da46        0x2 
 .text._printf_i
                0x0800da48      0x23c D:/SOFTWARE/en.st-stm32cubeide_1.18.1_24813_20250409_2138_x86_64.exe/STM32CubeIDE_1.18.1/STM32CubeIDE/plugins/com.st.stm32cube.ide.mcu.externaltools.gnu-tools-for-stm32.13.3.rel1.win32_1.0.0.202411081344/tools/bin/../lib/gcc/arm-none-eabi/13.3.1/../../../../arm-none-eabi/lib/thumb/v7e-m+fp/hard\libc_nano.a(libc_a-nano-vfprintf_i.o)
                0x0800da48                _printf_i
 .text.std      0x0800dc84       0x6c D:/SOFTWARE/en.st-stm32cubeide_1.18.1_24813_20250409_2138_x86_64.exe/STM32CubeIDE_1.18.1/STM32CubeIDE/plugins/com.st.stm32cube.ide.mcu.externaltools.gnu-tools-for-stm32.13.3.rel1.win32_1.0.0.202411081344/tools/bin/../lib/gcc/arm-none-eabi/13.3.1/../../../../arm-none-eabi/lib/thumb/v7e-m+fp/hard\libc_nano.a(libc_a-findfp.o)
 .text.stdio_exit_handler
                0x0800dcf0       0x18 D:/SOFTWARE/en.st-stm32cubeide_1.18.1_24813_20250409_2138_x86_64.exe/STM32CubeIDE_1.18.1/STM32CubeIDE/plugins/com.st.stm32cube.ide.mcu.externaltools.gnu-tools-for-stm32.13.3.rel1.win32_1.0.0.202411081344/tools/bin/../lib/gcc/arm-none-eabi/13.3.1/../../../../arm-none-eabi/lib/thumb/v7e-m+fp/hard\libc_nano.a(libc_a-findfp.o)
 .text.cleanup_stdio
                0x0800dd08       0x40 D:/SOFTWARE/en.st-stm32cubeide_1.18.1_24813_20250409_2138_x86_64.exe/STM32CubeIDE_1.18.1/STM32CubeIDE/plugins/com.st.stm32cube.ide.mcu.externaltools.gnu-tools-for-stm32.13.3.rel1.win32_1.0.0.202411081344/tools/bin/../lib/gcc/arm-none-eabi/13.3.1/../../../../arm-none-eabi/lib/thumb/v7e-m+fp/hard\libc_nano.a(libc_a-findfp.o)
 .text.global_stdio_init.part.0
                0x0800dd48       0x3c D:/SOFTWARE/en.st-stm32cubeide_1.18.1_24813_20250409_2138_x86_64.exe/STM32CubeIDE_1.18.1/STM32CubeIDE/plugins/com.st.stm32cube.ide.mcu.externaltools.gnu-tools-for-stm32.13.3.rel1.win32_1.0.0.202411081344/tools/bin/../lib/gcc/arm-none-eabi/13.3.1/../../../../arm-none-eabi/lib/thumb/v7e-m+fp/hard\libc_nano.a(libc_a-findfp.o)
 .text.__sfp_lock_acquire
                0x0800dd84        0xc D:/SOFTWARE/en.st-stm32cubeide_1.18.1_24813_20250409_2138_x86_64.exe/STM32CubeIDE_1.18.1/STM32CubeIDE/plugins/com.st.stm32cube.ide.mcu.externaltools.gnu-tools-for-stm32.13.3.rel1.win32_1.0.0.202411081344/tools/bin/../lib/gcc/arm-none-eabi/13.3.1/../../../../arm-none-eabi/lib/thumb/v7e-m+fp/hard\libc_nano.a(libc_a-findfp.o)
                0x0800dd84                __sfp_lock_acquire
 .text.__sfp_lock_release
                0x0800dd90        0xc D:/SOFTWARE/en.st-stm32cubeide_1.18.1_24813_20250409_2138_x86_64.exe/STM32CubeIDE_1.18.1/STM32CubeIDE/plugins/com.st.stm32cube.ide.mcu.externaltools.gnu-tools-for-stm32.13.3.rel1.win32_1.0.0.202411081344/tools/bin/../lib/gcc/arm-none-eabi/13.3.1/../../../../arm-none-eabi/lib/thumb/v7e-m+fp/hard\libc_nano.a(libc_a-findfp.o)
                0x0800dd90                __sfp_lock_release
 .text.__sinit  0x0800dd9c       0x30 D:/SOFTWARE/en.st-stm32cubeide_1.18.1_24813_20250409_2138_x86_64.exe/STM32CubeIDE_1.18.1/STM32CubeIDE/plugins/com.st.stm32cube.ide.mcu.externaltools.gnu-tools-for-stm32.13.3.rel1.win32_1.0.0.202411081344/tools/bin/../lib/gcc/arm-none-eabi/13.3.1/../../../../arm-none-eabi/lib/thumb/v7e-m+fp/hard\libc_nano.a(libc_a-findfp.o)
                0x0800dd9c                __sinit
 .text._fwalk_sglue
                0x0800ddcc       0x3c D:/SOFTWARE/en.st-stm32cubeide_1.18.1_24813_20250409_2138_x86_64.exe/STM32CubeIDE_1.18.1/STM32CubeIDE/plugins/com.st.stm32cube.ide.mcu.externaltools.gnu-tools-for-stm32.13.3.rel1.win32_1.0.0.202411081344/tools/bin/../lib/gcc/arm-none-eabi/13.3.1/../../../../arm-none-eabi/lib/thumb/v7e-m+fp/hard\libc_nano.a(libc_a-fwalk.o)
                0x0800ddcc                _fwalk_sglue
 .text.printf   0x0800de08       0x24 D:/SOFTWARE/en.st-stm32cubeide_1.18.1_24813_20250409_2138_x86_64.exe/STM32CubeIDE_1.18.1/STM32CubeIDE/plugins/com.st.stm32cube.ide.mcu.externaltools.gnu-tools-for-stm32.13.3.rel1.win32_1.0.0.202411081344/tools/bin/../lib/gcc/arm-none-eabi/13.3.1/../../../../arm-none-eabi/lib/thumb/v7e-m+fp/hard\libc_nano.a(libc_a-printf.o)
                0x0800de08                iprintf
                0x0800de08                printf
 .text._puts_r  0x0800de2c       0xaa D:/SOFTWARE/en.st-stm32cubeide_1.18.1_24813_20250409_2138_x86_64.exe/STM32CubeIDE_1.18.1/STM32CubeIDE/plugins/com.st.stm32cube.ide.mcu.externaltools.gnu-tools-for-stm32.13.3.rel1.win32_1.0.0.202411081344/tools/bin/../lib/gcc/arm-none-eabi/13.3.1/../../../../arm-none-eabi/lib/thumb/v7e-m+fp/hard\libc_nano.a(libc_a-puts.o)
                0x0800de2c                _puts_r
 *fill*         0x0800ded6        0x2 
 .text.puts     0x0800ded8       0x10 D:/SOFTWARE/en.st-stm32cubeide_1.18.1_24813_20250409_2138_x86_64.exe/STM32CubeIDE_1.18.1/STM32CubeIDE/plugins/com.st.stm32cube.ide.mcu.externaltools.gnu-tools-for-stm32.13.3.rel1.win32_1.0.0.202411081344/tools/bin/../lib/gcc/arm-none-eabi/13.3.1/../../../../arm-none-eabi/lib/thumb/v7e-m+fp/hard\libc_nano.a(libc_a-puts.o)
                0x0800ded8                puts
 .text.snprintf
                0x0800dee8       0x6c D:/SOFTWARE/en.st-stm32cubeide_1.18.1_24813_20250409_2138_x86_64.exe/STM32CubeIDE_1.18.1/STM32CubeIDE/plugins/com.st.stm32cube.ide.mcu.externaltools.gnu-tools-for-stm32.13.3.rel1.win32_1.0.0.202411081344/tools/bin/../lib/gcc/arm-none-eabi/13.3.1/../../../../arm-none-eabi/lib/thumb/v7e-m+fp/hard\libc_nano.a(libc_a-snprintf.o)
                0x0800dee8                sniprintf
                0x0800dee8                snprintf
 .text.sprintf  0x0800df54       0x44 D:/SOFTWARE/en.st-stm32cubeide_1.18.1_24813_20250409_2138_x86_64.exe/STM32CubeIDE_1.18.1/STM32CubeIDE/plugins/com.st.stm32cube.ide.mcu.externaltools.gnu-tools-for-stm32.13.3.rel1.win32_1.0.0.202411081344/tools/bin/../lib/gcc/arm-none-eabi/13.3.1/../../../../arm-none-eabi/lib/thumb/v7e-m+fp/hard\libc_nano.a(libc_a-sprintf.o)
                0x0800df54                siprintf
                0x0800df54                sprintf
 .text.__sread  0x0800df98       0x22 D:/SOFTWARE/en.st-stm32cubeide_1.18.1_24813_20250409_2138_x86_64.exe/STM32CubeIDE_1.18.1/STM32CubeIDE/plugins/com.st.stm32cube.ide.mcu.externaltools.gnu-tools-for-stm32.13.3.rel1.win32_1.0.0.202411081344/tools/bin/../lib/gcc/arm-none-eabi/13.3.1/../../../../arm-none-eabi/lib/thumb/v7e-m+fp/hard\libc_nano.a(libc_a-stdio.o)
                0x0800df98                __sread
 .text.__swrite
                0x0800dfba       0x38 D:/SOFTWARE/en.st-stm32cubeide_1.18.1_24813_20250409_2138_x86_64.exe/STM32CubeIDE_1.18.1/STM32CubeIDE/plugins/com.st.stm32cube.ide.mcu.externaltools.gnu-tools-for-stm32.13.3.rel1.win32_1.0.0.202411081344/tools/bin/../lib/gcc/arm-none-eabi/13.3.1/../../../../arm-none-eabi/lib/thumb/v7e-m+fp/hard\libc_nano.a(libc_a-stdio.o)
                0x0800dfba                __swrite
 .text.__sseek  0x0800dff2       0x24 D:/SOFTWARE/en.st-stm32cubeide_1.18.1_24813_20250409_2138_x86_64.exe/STM32CubeIDE_1.18.1/STM32CubeIDE/plugins/com.st.stm32cube.ide.mcu.externaltools.gnu-tools-for-stm32.13.3.rel1.win32_1.0.0.202411081344/tools/bin/../lib/gcc/arm-none-eabi/13.3.1/../../../../arm-none-eabi/lib/thumb/v7e-m+fp/hard\libc_nano.a(libc_a-stdio.o)
                0x0800dff2                __sseek
 .text.__sclose
                0x0800e016        0x8 D:/SOFTWARE/en.st-stm32cubeide_1.18.1_24813_20250409_2138_x86_64.exe/STM32CubeIDE_1.18.1/STM32CubeIDE/plugins/com.st.stm32cube.ide.mcu.externaltools.gnu-tools-for-stm32.13.3.rel1.win32_1.0.0.202411081344/tools/bin/../lib/gcc/arm-none-eabi/13.3.1/../../../../arm-none-eabi/lib/thumb/v7e-m+fp/hard\libc_nano.a(libc_a-stdio.o)
                0x0800e016                __sclose
 .text.__swbuf_r
                0x0800e01e       0x7c D:/SOFTWARE/en.st-stm32cubeide_1.18.1_24813_20250409_2138_x86_64.exe/STM32CubeIDE_1.18.1/STM32CubeIDE/plugins/com.st.stm32cube.ide.mcu.externaltools.gnu-tools-for-stm32.13.3.rel1.win32_1.0.0.202411081344/tools/bin/../lib/gcc/arm-none-eabi/13.3.1/../../../../arm-none-eabi/lib/thumb/v7e-m+fp/hard\libc_nano.a(libc_a-wbuf.o)
                0x0800e01e                __swbuf_r
 *fill*         0x0800e09a        0x2 
 .text.__swsetup_r
                0x0800e09c       0xac D:/SOFTWARE/en.st-stm32cubeide_1.18.1_24813_20250409_2138_x86_64.exe/STM32CubeIDE_1.18.1/STM32CubeIDE/plugins/com.st.stm32cube.ide.mcu.externaltools.gnu-tools-for-stm32.13.3.rel1.win32_1.0.0.202411081344/tools/bin/../lib/gcc/arm-none-eabi/13.3.1/../../../../arm-none-eabi/lib/thumb/v7e-m+fp/hard\libc_nano.a(libc_a-wsetup.o)
                0x0800e09c                __swsetup_r
 .text.memcmp   0x0800e148       0x20 D:/SOFTWARE/en.st-stm32cubeide_1.18.1_24813_20250409_2138_x86_64.exe/STM32CubeIDE_1.18.1/STM32CubeIDE/plugins/com.st.stm32cube.ide.mcu.externaltools.gnu-tools-for-stm32.13.3.rel1.win32_1.0.0.202411081344/tools/bin/../lib/gcc/arm-none-eabi/13.3.1/../../../../arm-none-eabi/lib/thumb/v7e-m+fp/hard\libc_nano.a(libc_a-memcmp.o)
                0x0800e148                memcmp
 .text.memset   0x0800e168       0x10 D:/SOFTWARE/en.st-stm32cubeide_1.18.1_24813_20250409_2138_x86_64.exe/STM32CubeIDE_1.18.1/STM32CubeIDE/plugins/com.st.stm32cube.ide.mcu.externaltools.gnu-tools-for-stm32.13.3.rel1.win32_1.0.0.202411081344/tools/bin/../lib/gcc/arm-none-eabi/13.3.1/../../../../arm-none-eabi/lib/thumb/v7e-m+fp/hard\libc_nano.a(libc_a-memset.o)
                0x0800e168                memset
 .text._localeconv_r
                0x0800e178        0x8 D:/SOFTWARE/en.st-stm32cubeide_1.18.1_24813_20250409_2138_x86_64.exe/STM32CubeIDE_1.18.1/STM32CubeIDE/plugins/com.st.stm32cube.ide.mcu.externaltools.gnu-tools-for-stm32.13.3.rel1.win32_1.0.0.202411081344/tools/bin/../lib/gcc/arm-none-eabi/13.3.1/../../../../arm-none-eabi/lib/thumb/v7e-m+fp/hard\libc_nano.a(libc_a-localeconv.o)
                0x0800e178                _localeconv_r
 .text._close_r
                0x0800e180       0x20 D:/SOFTWARE/en.st-stm32cubeide_1.18.1_24813_20250409_2138_x86_64.exe/STM32CubeIDE_1.18.1/STM32CubeIDE/plugins/com.st.stm32cube.ide.mcu.externaltools.gnu-tools-for-stm32.13.3.rel1.win32_1.0.0.202411081344/tools/bin/../lib/gcc/arm-none-eabi/13.3.1/../../../../arm-none-eabi/lib/thumb/v7e-m+fp/hard\libc_nano.a(libc_a-closer.o)
                0x0800e180                _close_r
 .text._lseek_r
                0x0800e1a0       0x24 D:/SOFTWARE/en.st-stm32cubeide_1.18.1_24813_20250409_2138_x86_64.exe/STM32CubeIDE_1.18.1/STM32CubeIDE/plugins/com.st.stm32cube.ide.mcu.externaltools.gnu-tools-for-stm32.13.3.rel1.win32_1.0.0.202411081344/tools/bin/../lib/gcc/arm-none-eabi/13.3.1/../../../../arm-none-eabi/lib/thumb/v7e-m+fp/hard\libc_nano.a(libc_a-lseekr.o)
                0x0800e1a0                _lseek_r
 .text._read_r  0x0800e1c4       0x24 D:/SOFTWARE/en.st-stm32cubeide_1.18.1_24813_20250409_2138_x86_64.exe/STM32CubeIDE_1.18.1/STM32CubeIDE/plugins/com.st.stm32cube.ide.mcu.externaltools.gnu-tools-for-stm32.13.3.rel1.win32_1.0.0.202411081344/tools/bin/../lib/gcc/arm-none-eabi/13.3.1/../../../../arm-none-eabi/lib/thumb/v7e-m+fp/hard\libc_nano.a(libc_a-readr.o)
                0x0800e1c4                _read_r
 .text._write_r
                0x0800e1e8       0x24 D:/SOFTWARE/en.st-stm32cubeide_1.18.1_24813_20250409_2138_x86_64.exe/STM32CubeIDE_1.18.1/STM32CubeIDE/plugins/com.st.stm32cube.ide.mcu.externaltools.gnu-tools-for-stm32.13.3.rel1.win32_1.0.0.202411081344/tools/bin/../lib/gcc/arm-none-eabi/13.3.1/../../../../arm-none-eabi/lib/thumb/v7e-m+fp/hard\libc_nano.a(libc_a-writer.o)
                0x0800e1e8                _write_r
 .text.__errno  0x0800e20c        0xc D:/SOFTWARE/en.st-stm32cubeide_1.18.1_24813_20250409_2138_x86_64.exe/STM32CubeIDE_1.18.1/STM32CubeIDE/plugins/com.st.stm32cube.ide.mcu.externaltools.gnu-tools-for-stm32.13.3.rel1.win32_1.0.0.202411081344/tools/bin/../lib/gcc/arm-none-eabi/13.3.1/../../../../arm-none-eabi/lib/thumb/v7e-m+fp/hard\libc_nano.a(libc_a-errno.o)
                0x0800e20c                __errno
 .text.__libc_init_array
                0x0800e218       0x48 D:/SOFTWARE/en.st-stm32cubeide_1.18.1_24813_20250409_2138_x86_64.exe/STM32CubeIDE_1.18.1/STM32CubeIDE/plugins/com.st.stm32cube.ide.mcu.externaltools.gnu-tools-for-stm32.13.3.rel1.win32_1.0.0.202411081344/tools/bin/../lib/gcc/arm-none-eabi/13.3.1/../../../../arm-none-eabi/lib/thumb/v7e-m+fp/hard\libc_nano.a(libc_a-init.o)
                0x0800e218                __libc_init_array
 .text.__retarget_lock_init_recursive
                0x0800e260        0x2 D:/SOFTWARE/en.st-stm32cubeide_1.18.1_24813_20250409_2138_x86_64.exe/STM32CubeIDE_1.18.1/STM32CubeIDE/plugins/com.st.stm32cube.ide.mcu.externaltools.gnu-tools-for-stm32.13.3.rel1.win32_1.0.0.202411081344/tools/bin/../lib/gcc/arm-none-eabi/13.3.1/../../../../arm-none-eabi/lib/thumb/v7e-m+fp/hard\libc_nano.a(libc_a-lock.o)
                0x0800e260                __retarget_lock_init_recursive
 .text.__retarget_lock_acquire_recursive
                0x0800e262        0x2 D:/SOFTWARE/en.st-stm32cubeide_1.18.1_24813_20250409_2138_x86_64.exe/STM32CubeIDE_1.18.1/STM32CubeIDE/plugins/com.st.stm32cube.ide.mcu.externaltools.gnu-tools-for-stm32.13.3.rel1.win32_1.0.0.202411081344/tools/bin/../lib/gcc/arm-none-eabi/13.3.1/../../../../arm-none-eabi/lib/thumb/v7e-m+fp/hard\libc_nano.a(libc_a-lock.o)
                0x0800e262                __retarget_lock_acquire_recursive
 .text.__retarget_lock_release_recursive
                0x0800e264        0x2 D:/SOFTWARE/en.st-stm32cubeide_1.18.1_24813_20250409_2138_x86_64.exe/STM32CubeIDE_1.18.1/STM32CubeIDE/plugins/com.st.stm32cube.ide.mcu.externaltools.gnu-tools-for-stm32.13.3.rel1.win32_1.0.0.202411081344/tools/bin/../lib/gcc/arm-none-eabi/13.3.1/../../../../arm-none-eabi/lib/thumb/v7e-m+fp/hard\libc_nano.a(libc_a-lock.o)
                0x0800e264                __retarget_lock_release_recursive
 .text.memcpy   0x0800e266       0x1c D:/SOFTWARE/en.st-stm32cubeide_1.18.1_24813_20250409_2138_x86_64.exe/STM32CubeIDE_1.18.1/STM32CubeIDE/plugins/com.st.stm32cube.ide.mcu.externaltools.gnu-tools-for-stm32.13.3.rel1.win32_1.0.0.202411081344/tools/bin/../lib/gcc/arm-none-eabi/13.3.1/../../../../arm-none-eabi/lib/thumb/v7e-m+fp/hard\libc_nano.a(libc_a-memcpy-stub.o)
                0x0800e266                memcpy
 .text.quorem   0x0800e282      0x110 D:/SOFTWARE/en.st-stm32cubeide_1.18.1_24813_20250409_2138_x86_64.exe/STM32CubeIDE_1.18.1/STM32CubeIDE/plugins/com.st.stm32cube.ide.mcu.externaltools.gnu-tools-for-stm32.13.3.rel1.win32_1.0.0.202411081344/tools/bin/../lib/gcc/arm-none-eabi/13.3.1/../../../../arm-none-eabi/lib/thumb/v7e-m+fp/hard\libc_nano.a(libc_a-dtoa.o)
 *fill*         0x0800e392        0x6 
 .text._dtoa_r  0x0800e398      0xba0 D:/SOFTWARE/en.st-stm32cubeide_1.18.1_24813_20250409_2138_x86_64.exe/STM32CubeIDE_1.18.1/STM32CubeIDE/plugins/com.st.stm32cube.ide.mcu.externaltools.gnu-tools-for-stm32.13.3.rel1.win32_1.0.0.202411081344/tools/bin/../lib/gcc/arm-none-eabi/13.3.1/../../../../arm-none-eabi/lib/thumb/v7e-m+fp/hard\libc_nano.a(libc_a-dtoa.o)
                0x0800e398                _dtoa_r
 .text._free_r  0x0800ef38       0x94 D:/SOFTWARE/en.st-stm32cubeide_1.18.1_24813_20250409_2138_x86_64.exe/STM32CubeIDE_1.18.1/STM32CubeIDE/plugins/com.st.stm32cube.ide.mcu.externaltools.gnu-tools-for-stm32.13.3.rel1.win32_1.0.0.202411081344/tools/bin/../lib/gcc/arm-none-eabi/13.3.1/../../../../arm-none-eabi/lib/thumb/v7e-m+fp/hard\libc_nano.a(libc_a-freer.o)
                0x0800ef38                _free_r
 .text.malloc   0x0800efcc       0x10 D:/SOFTWARE/en.st-stm32cubeide_1.18.1_24813_20250409_2138_x86_64.exe/STM32CubeIDE_1.18.1/STM32CubeIDE/plugins/com.st.stm32cube.ide.mcu.externaltools.gnu-tools-for-stm32.13.3.rel1.win32_1.0.0.202411081344/tools/bin/../lib/gcc/arm-none-eabi/13.3.1/../../../../arm-none-eabi/lib/thumb/v7e-m+fp/hard\libc_nano.a(libc_a-malloc.o)
                0x0800efcc                malloc
 .text.sbrk_aligned
                0x0800efdc       0x44 D:/SOFTWARE/en.st-stm32cubeide_1.18.1_24813_20250409_2138_x86_64.exe/STM32CubeIDE_1.18.1/STM32CubeIDE/plugins/com.st.stm32cube.ide.mcu.externaltools.gnu-tools-for-stm32.13.3.rel1.win32_1.0.0.202411081344/tools/bin/../lib/gcc/arm-none-eabi/13.3.1/../../../../arm-none-eabi/lib/thumb/v7e-m+fp/hard\libc_nano.a(libc_a-mallocr.o)
 .text._malloc_r
                0x0800f020      0x100 D:/SOFTWARE/en.st-stm32cubeide_1.18.1_24813_20250409_2138_x86_64.exe/STM32CubeIDE_1.18.1/STM32CubeIDE/plugins/com.st.stm32cube.ide.mcu.externaltools.gnu-tools-for-stm32.13.3.rel1.win32_1.0.0.202411081344/tools/bin/../lib/gcc/arm-none-eabi/13.3.1/../../../../arm-none-eabi/lib/thumb/v7e-m+fp/hard\libc_nano.a(libc_a-mallocr.o)
                0x0800f020                _malloc_r
 .text.__malloc_lock
                0x0800f120        0xc D:/SOFTWARE/en.st-stm32cubeide_1.18.1_24813_20250409_2138_x86_64.exe/STM32CubeIDE_1.18.1/STM32CubeIDE/plugins/com.st.stm32cube.ide.mcu.externaltools.gnu-tools-for-stm32.13.3.rel1.win32_1.0.0.202411081344/tools/bin/../lib/gcc/arm-none-eabi/13.3.1/../../../../arm-none-eabi/lib/thumb/v7e-m+fp/hard\libc_nano.a(libc_a-mlock.o)
                0x0800f120                __malloc_lock
 .text.__malloc_unlock
                0x0800f12c        0xc D:/SOFTWARE/en.st-stm32cubeide_1.18.1_24813_20250409_2138_x86_64.exe/STM32CubeIDE_1.18.1/STM32CubeIDE/plugins/com.st.stm32cube.ide.mcu.externaltools.gnu-tools-for-stm32.13.3.rel1.win32_1.0.0.202411081344/tools/bin/../lib/gcc/arm-none-eabi/13.3.1/../../../../arm-none-eabi/lib/thumb/v7e-m+fp/hard\libc_nano.a(libc_a-mlock.o)
                0x0800f12c                __malloc_unlock
 .text._Balloc  0x0800f138       0x80 D:/SOFTWARE/en.st-stm32cubeide_1.18.1_24813_20250409_2138_x86_64.exe/STM32CubeIDE_1.18.1/STM32CubeIDE/plugins/com.st.stm32cube.ide.mcu.externaltools.gnu-tools-for-stm32.13.3.rel1.win32_1.0.0.202411081344/tools/bin/../lib/gcc/arm-none-eabi/13.3.1/../../../../arm-none-eabi/lib/thumb/v7e-m+fp/hard\libc_nano.a(libc_a-mprec.o)
                0x0800f138                _Balloc
 .text._Bfree   0x0800f1b8       0x44 D:/SOFTWARE/en.st-stm32cubeide_1.18.1_24813_20250409_2138_x86_64.exe/STM32CubeIDE_1.18.1/STM32CubeIDE/plugins/com.st.stm32cube.ide.mcu.externaltools.gnu-tools-for-stm32.13.3.rel1.win32_1.0.0.202411081344/tools/bin/../lib/gcc/arm-none-eabi/13.3.1/../../../../arm-none-eabi/lib/thumb/v7e-m+fp/hard\libc_nano.a(libc_a-mprec.o)
                0x0800f1b8                _Bfree
 .text.__multadd
                0x0800f1fc       0x8c D:/SOFTWARE/en.st-stm32cubeide_1.18.1_24813_20250409_2138_x86_64.exe/STM32CubeIDE_1.18.1/STM32CubeIDE/plugins/com.st.stm32cube.ide.mcu.externaltools.gnu-tools-for-stm32.13.3.rel1.win32_1.0.0.202411081344/tools/bin/../lib/gcc/arm-none-eabi/13.3.1/../../../../arm-none-eabi/lib/thumb/v7e-m+fp/hard\libc_nano.a(libc_a-mprec.o)
                0x0800f1fc                __multadd
 .text.__hi0bits
                0x0800f288       0x3e D:/SOFTWARE/en.st-stm32cubeide_1.18.1_24813_20250409_2138_x86_64.exe/STM32CubeIDE_1.18.1/STM32CubeIDE/plugins/com.st.stm32cube.ide.mcu.externaltools.gnu-tools-for-stm32.13.3.rel1.win32_1.0.0.202411081344/tools/bin/../lib/gcc/arm-none-eabi/13.3.1/../../../../arm-none-eabi/lib/thumb/v7e-m+fp/hard\libc_nano.a(libc_a-mprec.o)
                0x0800f288                __hi0bits
 .text.__lo0bits
                0x0800f2c6       0x5a D:/SOFTWARE/en.st-stm32cubeide_1.18.1_24813_20250409_2138_x86_64.exe/STM32CubeIDE_1.18.1/STM32CubeIDE/plugins/com.st.stm32cube.ide.mcu.externaltools.gnu-tools-for-stm32.13.3.rel1.win32_1.0.0.202411081344/tools/bin/../lib/gcc/arm-none-eabi/13.3.1/../../../../arm-none-eabi/lib/thumb/v7e-m+fp/hard\libc_nano.a(libc_a-mprec.o)
                0x0800f2c6                __lo0bits
 .text.__i2b    0x0800f320       0x2c D:/SOFTWARE/en.st-stm32cubeide_1.18.1_24813_20250409_2138_x86_64.exe/STM32CubeIDE_1.18.1/STM32CubeIDE/plugins/com.st.stm32cube.ide.mcu.externaltools.gnu-tools-for-stm32.13.3.rel1.win32_1.0.0.202411081344/tools/bin/../lib/gcc/arm-none-eabi/13.3.1/../../../../arm-none-eabi/lib/thumb/v7e-m+fp/hard\libc_nano.a(libc_a-mprec.o)
                0x0800f320                __i2b
 .text.__multiply
                0x0800f34c      0x144 D:/SOFTWARE/en.st-stm32cubeide_1.18.1_24813_20250409_2138_x86_64.exe/STM32CubeIDE_1.18.1/STM32CubeIDE/plugins/com.st.stm32cube.ide.mcu.externaltools.gnu-tools-for-stm32.13.3.rel1.win32_1.0.0.202411081344/tools/bin/../lib/gcc/arm-none-eabi/13.3.1/../../../../arm-none-eabi/lib/thumb/v7e-m+fp/hard\libc_nano.a(libc_a-mprec.o)
                0x0800f34c                __multiply
 .text.__pow5mult
                0x0800f490       0xb4 D:/SOFTWARE/en.st-stm32cubeide_1.18.1_24813_20250409_2138_x86_64.exe/STM32CubeIDE_1.18.1/STM32CubeIDE/plugins/com.st.stm32cube.ide.mcu.externaltools.gnu-tools-for-stm32.13.3.rel1.win32_1.0.0.202411081344/tools/bin/../lib/gcc/arm-none-eabi/13.3.1/../../../../arm-none-eabi/lib/thumb/v7e-m+fp/hard\libc_nano.a(libc_a-mprec.o)
                0x0800f490                __pow5mult
 .text.__lshift
                0x0800f544       0xd8 D:/SOFTWARE/en.st-stm32cubeide_1.18.1_24813_20250409_2138_x86_64.exe/STM32CubeIDE_1.18.1/STM32CubeIDE/plugins/com.st.stm32cube.ide.mcu.externaltools.gnu-tools-for-stm32.13.3.rel1.win32_1.0.0.202411081344/tools/bin/../lib/gcc/arm-none-eabi/13.3.1/../../../../arm-none-eabi/lib/thumb/v7e-m+fp/hard\libc_nano.a(libc_a-mprec.o)
                0x0800f544                __lshift
 .text.__mcmp   0x0800f61c       0x36 D:/SOFTWARE/en.st-stm32cubeide_1.18.1_24813_20250409_2138_x86_64.exe/STM32CubeIDE_1.18.1/STM32CubeIDE/plugins/com.st.stm32cube.ide.mcu.externaltools.gnu-tools-for-stm32.13.3.rel1.win32_1.0.0.202411081344/tools/bin/../lib/gcc/arm-none-eabi/13.3.1/../../../../arm-none-eabi/lib/thumb/v7e-m+fp/hard\libc_nano.a(libc_a-mprec.o)
                0x0800f61c                __mcmp
 *fill*         0x0800f652        0x2 
 .text.__mdiff  0x0800f654      0x128 D:/SOFTWARE/en.st-stm32cubeide_1.18.1_24813_20250409_2138_x86_64.exe/STM32CubeIDE_1.18.1/STM32CubeIDE/plugins/com.st.stm32cube.ide.mcu.externaltools.gnu-tools-for-stm32.13.3.rel1.win32_1.0.0.202411081344/tools/bin/../lib/gcc/arm-none-eabi/13.3.1/../../../../arm-none-eabi/lib/thumb/v7e-m+fp/hard\libc_nano.a(libc_a-mprec.o)
                0x0800f654                __mdiff
 .text.__d2b    0x0800f77c       0xb0 D:/SOFTWARE/en.st-stm32cubeide_1.18.1_24813_20250409_2138_x86_64.exe/STM32CubeIDE_1.18.1/STM32CubeIDE/plugins/com.st.stm32cube.ide.mcu.externaltools.gnu-tools-for-stm32.13.3.rel1.win32_1.0.0.202411081344/tools/bin/../lib/gcc/arm-none-eabi/13.3.1/../../../../arm-none-eabi/lib/thumb/v7e-m+fp/hard\libc_nano.a(libc_a-mprec.o)
                0x0800f77c                __d2b
 .text.__ssputs_r
                0x0800f82c       0xb6 D:/SOFTWARE/en.st-stm32cubeide_1.18.1_24813_20250409_2138_x86_64.exe/STM32CubeIDE_1.18.1/STM32CubeIDE/plugins/com.st.stm32cube.ide.mcu.externaltools.gnu-tools-for-stm32.13.3.rel1.win32_1.0.0.202411081344/tools/bin/../lib/gcc/arm-none-eabi/13.3.1/../../../../arm-none-eabi/lib/thumb/v7e-m+fp/hard\libc_nano.a(libc_a-nano-svfprintf.o)
                0x0800f82c                __ssputs_r
 *fill*         0x0800f8e2        0x2 
 .text._svfprintf_r
                0x0800f8e4      0x1f8 D:/SOFTWARE/en.st-stm32cubeide_1.18.1_24813_20250409_2138_x86_64.exe/STM32CubeIDE_1.18.1/STM32CubeIDE/plugins/com.st.stm32cube.ide.mcu.externaltools.gnu-tools-for-stm32.13.3.rel1.win32_1.0.0.202411081344/tools/bin/../lib/gcc/arm-none-eabi/13.3.1/../../../../arm-none-eabi/lib/thumb/v7e-m+fp/hard\libc_nano.a(libc_a-nano-svfprintf.o)
                0x0800f8e4                _svfiprintf_r
                0x0800f8e4                _svfprintf_r
 .text.__sfputc_r
                0x0800fadc       0x2e D:/SOFTWARE/en.st-stm32cubeide_1.18.1_24813_20250409_2138_x86_64.exe/STM32CubeIDE_1.18.1/STM32CubeIDE/plugins/com.st.stm32cube.ide.mcu.externaltools.gnu-tools-for-stm32.13.3.rel1.win32_1.0.0.202411081344/tools/bin/../lib/gcc/arm-none-eabi/13.3.1/../../../../arm-none-eabi/lib/thumb/v7e-m+fp/hard\libc_nano.a(libc_a-nano-vfprintf.o)
 .text.__sfputs_r
                0x0800fb0a       0x24 D:/SOFTWARE/en.st-stm32cubeide_1.18.1_24813_20250409_2138_x86_64.exe/STM32CubeIDE_1.18.1/STM32CubeIDE/plugins/com.st.stm32cube.ide.mcu.externaltools.gnu-tools-for-stm32.13.3.rel1.win32_1.0.0.202411081344/tools/bin/../lib/gcc/arm-none-eabi/13.3.1/../../../../arm-none-eabi/lib/thumb/v7e-m+fp/hard\libc_nano.a(libc_a-nano-vfprintf.o)
                0x0800fb0a                __sfputs_r
 *fill*         0x0800fb2e        0x2 
 .text._vfprintf_r
                0x0800fb30      0x230 D:/SOFTWARE/en.st-stm32cubeide_1.18.1_24813_20250409_2138_x86_64.exe/STM32CubeIDE_1.18.1/STM32CubeIDE/plugins/com.st.stm32cube.ide.mcu.externaltools.gnu-tools-for-stm32.13.3.rel1.win32_1.0.0.202411081344/tools/bin/../lib/gcc/arm-none-eabi/13.3.1/../../../../arm-none-eabi/lib/thumb/v7e-m+fp/hard\libc_nano.a(libc_a-nano-vfprintf.o)
                0x0800fb30                _vfprintf_r
                0x0800fb30                _vfiprintf_r
 .text.__sflush_r
                0x0800fd60      0x108 D:/SOFTWARE/en.st-stm32cubeide_1.18.1_24813_20250409_2138_x86_64.exe/STM32CubeIDE_1.18.1/STM32CubeIDE/plugins/com.st.stm32cube.ide.mcu.externaltools.gnu-tools-for-stm32.13.3.rel1.win32_1.0.0.202411081344/tools/bin/../lib/gcc/arm-none-eabi/13.3.1/../../../../arm-none-eabi/lib/thumb/v7e-m+fp/hard\libc_nano.a(libc_a-fflush.o)
                0x0800fd60                __sflush_r
 .text._fflush_r
                0x0800fe68       0x50 D:/SOFTWARE/en.st-stm32cubeide_1.18.1_24813_20250409_2138_x86_64.exe/STM32CubeIDE_1.18.1/STM32CubeIDE/plugins/com.st.stm32cube.ide.mcu.externaltools.gnu-tools-for-stm32.13.3.rel1.win32_1.0.0.202411081344/tools/bin/../lib/gcc/arm-none-eabi/13.3.1/../../../../arm-none-eabi/lib/thumb/v7e-m+fp/hard\libc_nano.a(libc_a-fflush.o)
                0x0800fe68                _fflush_r
 .text.__swhatbuf_r
                0x0800feb8       0x4c D:/SOFTWARE/en.st-stm32cubeide_1.18.1_24813_20250409_2138_x86_64.exe/STM32CubeIDE_1.18.1/STM32CubeIDE/plugins/com.st.stm32cube.ide.mcu.externaltools.gnu-tools-for-stm32.13.3.rel1.win32_1.0.0.202411081344/tools/bin/../lib/gcc/arm-none-eabi/13.3.1/../../../../arm-none-eabi/lib/thumb/v7e-m+fp/hard\libc_nano.a(libc_a-makebuf.o)
                0x0800feb8                __swhatbuf_r
 .text.__smakebuf_r
                0x0800ff04       0x78 D:/SOFTWARE/en.st-stm32cubeide_1.18.1_24813_20250409_2138_x86_64.exe/STM32CubeIDE_1.18.1/STM32CubeIDE/plugins/com.st.stm32cube.ide.mcu.externaltools.gnu-tools-for-stm32.13.3.rel1.win32_1.0.0.202411081344/tools/bin/../lib/gcc/arm-none-eabi/13.3.1/../../../../arm-none-eabi/lib/thumb/v7e-m+fp/hard\libc_nano.a(libc_a-makebuf.o)
                0x0800ff04                __smakebuf_r
 .text.memmove  0x0800ff7c       0x34 D:/SOFTWARE/en.st-stm32cubeide_1.18.1_24813_20250409_2138_x86_64.exe/STM32CubeIDE_1.18.1/STM32CubeIDE/plugins/com.st.stm32cube.ide.mcu.externaltools.gnu-tools-for-stm32.13.3.rel1.win32_1.0.0.202411081344/tools/bin/../lib/gcc/arm-none-eabi/13.3.1/../../../../arm-none-eabi/lib/thumb/v7e-m+fp/hard\libc_nano.a(libc_a-memmove.o)
                0x0800ff7c                memmove
 .text._fstat_r
                0x0800ffb0       0x24 D:/SOFTWARE/en.st-stm32cubeide_1.18.1_24813_20250409_2138_x86_64.exe/STM32CubeIDE_1.18.1/STM32CubeIDE/plugins/com.st.stm32cube.ide.mcu.externaltools.gnu-tools-for-stm32.13.3.rel1.win32_1.0.0.202411081344/tools/bin/../lib/gcc/arm-none-eabi/13.3.1/../../../../arm-none-eabi/lib/thumb/v7e-m+fp/hard\libc_nano.a(libc_a-fstatr.o)
                0x0800ffb0                _fstat_r
 .text._isatty_r
                0x0800ffd4       0x20 D:/SOFTWARE/en.st-stm32cubeide_1.18.1_24813_20250409_2138_x86_64.exe/STM32CubeIDE_1.18.1/STM32CubeIDE/plugins/com.st.stm32cube.ide.mcu.externaltools.gnu-tools-for-stm32.13.3.rel1.win32_1.0.0.202411081344/tools/bin/../lib/gcc/arm-none-eabi/13.3.1/../../../../arm-none-eabi/lib/thumb/v7e-m+fp/hard\libc_nano.a(libc_a-isattyr.o)
                0x0800ffd4                _isatty_r
 .text._sbrk_r  0x0800fff4       0x20 D:/SOFTWARE/en.st-stm32cubeide_1.18.1_24813_20250409_2138_x86_64.exe/STM32CubeIDE_1.18.1/STM32CubeIDE/plugins/com.st.stm32cube.ide.mcu.externaltools.gnu-tools-for-stm32.13.3.rel1.win32_1.0.0.202411081344/tools/bin/../lib/gcc/arm-none-eabi/13.3.1/../../../../arm-none-eabi/lib/thumb/v7e-m+fp/hard\libc_nano.a(libc_a-sbrkr.o)
                0x0800fff4                _sbrk_r
 .text.__assert_func
                0x08010014       0x3c D:/SOFTWARE/en.st-stm32cubeide_1.18.1_24813_20250409_2138_x86_64.exe/STM32CubeIDE_1.18.1/STM32CubeIDE/plugins/com.st.stm32cube.ide.mcu.externaltools.gnu-tools-for-stm32.13.3.rel1.win32_1.0.0.202411081344/tools/bin/../lib/gcc/arm-none-eabi/13.3.1/../../../../arm-none-eabi/lib/thumb/v7e-m+fp/hard\libc_nano.a(libc_a-assert.o)
                0x08010014                __assert_func
 .text._calloc_r
                0x08010050       0x28 D:/SOFTWARE/en.st-stm32cubeide_1.18.1_24813_20250409_2138_x86_64.exe/STM32CubeIDE_1.18.1/STM32CubeIDE/plugins/com.st.stm32cube.ide.mcu.externaltools.gnu-tools-for-stm32.13.3.rel1.win32_1.0.0.202411081344/tools/bin/../lib/gcc/arm-none-eabi/13.3.1/../../../../arm-none-eabi/lib/thumb/v7e-m+fp/hard\libc_nano.a(libc_a-callocr.o)
                0x08010050                _calloc_r
 .text.__ascii_mbtowc
                0x08010078       0x24 D:/SOFTWARE/en.st-stm32cubeide_1.18.1_24813_20250409_2138_x86_64.exe/STM32CubeIDE_1.18.1/STM32CubeIDE/plugins/com.st.stm32cube.ide.mcu.externaltools.gnu-tools-for-stm32.13.3.rel1.win32_1.0.0.202411081344/tools/bin/../lib/gcc/arm-none-eabi/13.3.1/../../../../arm-none-eabi/lib/thumb/v7e-m+fp/hard\libc_nano.a(libc_a-mbtowc_r.o)
                0x08010078                __ascii_mbtowc
 .text._realloc_r
                0x0801009c       0x5c D:/SOFTWARE/en.st-stm32cubeide_1.18.1_24813_20250409_2138_x86_64.exe/STM32CubeIDE_1.18.1/STM32CubeIDE/plugins/com.st.stm32cube.ide.mcu.externaltools.gnu-tools-for-stm32.13.3.rel1.win32_1.0.0.202411081344/tools/bin/../lib/gcc/arm-none-eabi/13.3.1/../../../../arm-none-eabi/lib/thumb/v7e-m+fp/hard\libc_nano.a(libc_a-reallocr.o)
                0x0801009c                _realloc_r
 .text.__ascii_wctomb