Archive member included to satisfy reference by file (symbol)

D:/SOFTWARE/en.st-stm32cubeide_1.18.1_24813_20250409_2138_x86_64.exe/STM32CubeIDE_1.18.1/STM32CubeIDE/plugins/com.st.stm32cube.ide.mcu.externaltools.gnu-tools-for-stm32.13.3.rel1.win32_1.0.0.202411081344/tools/bin/../lib/gcc/arm-none-eabi/13.3.1/../../../../arm-none-eabi/lib/thumb/v7e-m+fp/hard\libc_nano.a(libc_a-exit.o)
                              D:/SOFTWARE/en.st-stm32cubeide_1.18.1_24813_20250409_2138_x86_64.exe/STM32CubeIDE_1.18.1/STM32CubeIDE/plugins/com.st.stm32cube.ide.mcu.externaltools.gnu-tools-for-stm32.13.3.rel1.win32_1.0.0.202411081344/tools/bin/../lib/gcc/arm-none-eabi/13.3.1/../../../../arm-none-eabi/lib/thumb/v7e-m+fp/hard/crt0.o (exit)
D:/SOFTWARE/en.st-stm32cubeide_1.18.1_24813_20250409_2138_x86_64.exe/STM32CubeIDE_1.18.1/STM32CubeIDE/plugins/com.st.stm32cube.ide.mcu.externaltools.gnu-tools-for-stm32.13.3.rel1.win32_1.0.0.202411081344/tools/bin/../lib/gcc/arm-none-eabi/13.3.1/../../../../arm-none-eabi/lib/thumb/v7e-m+fp/hard\libc_nano.a(libc_a-nano-vfprintf_float.o)
                              (_printf_float)
D:/SOFTWARE/en.st-stm32cubeide_1.18.1_24813_20250409_2138_x86_64.exe/STM32CubeIDE_1.18.1/STM32CubeIDE/plugins/com.st.stm32cube.ide.mcu.externaltools.gnu-tools-for-stm32.13.3.rel1.win32_1.0.0.202411081344/tools/bin/../lib/gcc/arm-none-eabi/13.3.1/../../../../arm-none-eabi/lib/thumb/v7e-m+fp/hard\libc_nano.a(libc_a-nano-vfprintf_i.o)
                              D:/SOFTWARE/en.st-stm32cubeide_1.18.1_24813_20250409_2138_x86_64.exe/STM32CubeIDE_1.18.1/STM32CubeIDE/plugins/com.st.stm32cube.ide.mcu.externaltools.gnu-tools-for-stm32.13.3.rel1.win32_1.0.0.202411081344/tools/bin/../lib/gcc/arm-none-eabi/13.3.1/../../../../arm-none-eabi/lib/thumb/v7e-m+fp/hard\libc_nano.a(libc_a-nano-vfprintf_float.o) (_printf_common)
D:/SOFTWARE/en.st-stm32cubeide_1.18.1_24813_20250409_2138_x86_64.exe/STM32CubeIDE_1.18.1/STM32CubeIDE/plugins/com.st.stm32cube.ide.mcu.externaltools.gnu-tools-for-stm32.13.3.rel1.win32_1.0.0.202411081344/tools/bin/../lib/gcc/arm-none-eabi/13.3.1/../../../../arm-none-eabi/lib/thumb/v7e-m+fp/hard\libc_nano.a(libc_a-findfp.o)
                              D:/SOFTWARE/en.st-stm32cubeide_1.18.1_24813_20250409_2138_x86_64.exe/STM32CubeIDE_1.18.1/STM32CubeIDE/plugins/com.st.stm32cube.ide.mcu.externaltools.gnu-tools-for-stm32.13.3.rel1.win32_1.0.0.202411081344/tools/bin/../lib/gcc/arm-none-eabi/13.3.1/../../../../arm-none-eabi/lib/thumb/v7e-m+fp/hard\libc_nano.a(libc_a-exit.o) (__stdio_exit_handler)
D:/SOFTWARE/en.st-stm32cubeide_1.18.1_24813_20250409_2138_x86_64.exe/STM32CubeIDE_1.18.1/STM32CubeIDE/plugins/com.st.stm32cube.ide.mcu.externaltools.gnu-tools-for-stm32.13.3.rel1.win32_1.0.0.202411081344/tools/bin/../lib/gcc/arm-none-eabi/13.3.1/../../../../arm-none-eabi/lib/thumb/v7e-m+fp/hard\libc_nano.a(libc_a-fwalk.o)
                              D:/SOFTWARE/en.st-stm32cubeide_1.18.1_24813_20250409_2138_x86_64.exe/STM32CubeIDE_1.18.1/STM32CubeIDE/plugins/com.st.stm32cube.ide.mcu.externaltools.gnu-tools-for-stm32.13.3.rel1.win32_1.0.0.202411081344/tools/bin/../lib/gcc/arm-none-eabi/13.3.1/../../../../arm-none-eabi/lib/thumb/v7e-m+fp/hard\libc_nano.a(libc_a-findfp.o) (_fwalk_sglue)
D:/SOFTWARE/en.st-stm32cubeide_1.18.1_24813_20250409_2138_x86_64.exe/STM32CubeIDE_1.18.1/STM32CubeIDE/plugins/com.st.stm32cube.ide.mcu.externaltools.gnu-tools-for-stm32.13.3.rel1.win32_1.0.0.202411081344/tools/bin/../lib/gcc/arm-none-eabi/13.3.1/../../../../arm-none-eabi/lib/thumb/v7e-m+fp/hard\libc_nano.a(libc_a-printf.o)
                              ./Core/Src/BNO055.o (printf)
D:/SOFTWARE/en.st-stm32cubeide_1.18.1_24813_20250409_2138_x86_64.exe/STM32CubeIDE_1.18.1/STM32CubeIDE/plugins/com.st.stm32cube.ide.mcu.externaltools.gnu-tools-for-stm32.13.3.rel1.win32_1.0.0.202411081344/tools/bin/../lib/gcc/arm-none-eabi/13.3.1/../../../../arm-none-eabi/lib/thumb/v7e-m+fp/hard\libc_nano.a(libc_a-puts.o)
                              ./Core/Src/BNO055.o (puts)
D:/SOFTWARE/en.st-stm32cubeide_1.18.1_24813_20250409_2138_x86_64.exe/STM32CubeIDE_1.18.1/STM32CubeIDE/plugins/com.st.stm32cube.ide.mcu.externaltools.gnu-tools-for-stm32.13.3.rel1.win32_1.0.0.202411081344/tools/bin/../lib/gcc/arm-none-eabi/13.3.1/../../../../arm-none-eabi/lib/thumb/v7e-m+fp/hard\libc_nano.a(libc_a-snprintf.o)
                              ./Core/Src/Debug.o (snprintf)
D:/SOFTWARE/en.st-stm32cubeide_1.18.1_24813_20250409_2138_x86_64.exe/STM32CubeIDE_1.18.1/STM32CubeIDE/plugins/com.st.stm32cube.ide.mcu.externaltools.gnu-tools-for-stm32.13.3.rel1.win32_1.0.0.202411081344/tools/bin/../lib/gcc/arm-none-eabi/13.3.1/../../../../arm-none-eabi/lib/thumb/v7e-m+fp/hard\libc_nano.a(libc_a-sprintf.o)
                              ./Core/Src/BNO055.o (sprintf)
[...]
Memory Configuration

Name             Origin             Length             Attributes
CCMRAM           0x10000000         0x00010000         xrw
RAM              0x20000000         0x00020000         xrw
FLASH            0x08000000         0x00100000         xr
*default*        0x00000000         0xffffffff

Linker script and memory map

LOAD D:/SOFTWARE/en.st-stm32cubeide_1.18.1_24813_20250409_2138_x86_64.exe/STM32CubeIDE_1.18.1/STM32CubeIDE/plugins/com.st.stm32cube.ide.mcu.externaltools.gnu-tools-for-stm32.13.3.rel1.win32_1.0.0.202411081344/tools/bin/../lib/gcc/arm-none-eabi/13.3.1/thumb/v7e-m+fp/hard/crti.o
LOAD D:/SOFTWARE/en.st-stm32cubeide_1.18.1_24813_20250409_2138_x86_64.exe/STM32CubeIDE_1.18.1/STM32CubeIDE/plugins/com.st.stm32cube.ide.mcu.externaltools.gnu-tools-for-stm32.13.3.rel1.win32_1.0.0.202411081344/tools/bin/../lib/gcc/arm-none-eabi/13.3.1/thumb/v7e-m+fp/hard/crtbegin.o
LOAD D:/SOFTWARE/en.st-stm32cubeide_1.18.1_24813_20250409_2138_x86_64.exe/STM32CubeIDE_1.18.1/STM32CubeIDE/plugins/com.st.stm32cube.ide.mcu.externaltools.gnu-tools-for-stm32.13.3.rel1.win32_1.0.0.202411081344/tools/bin/../lib/gcc/arm-none-eabi/13.3.1/../../../../arm-none-eabi/lib/thumb/v7e-m+fp/hard/crt0.o
LOAD ./Core/Src/BN055_IT.o
LOAD ./Core/Src/BNO055.o
LOAD ./Core/Src/Debug.o
LOAD ./Core/Src/MQ135.o
LOAD ./Core/Src/PN532.o
LOAD ./Core/Src/RC522.o
LOAD ./Core/Src/can_receive.o
LOAD ./Core/Src/can_tranceive.o
LOAD ./Core/Src/checkstatus.o
LOAD ./Core/Src/display.o
LOAD ./Core/Src/led_control.o
LOAD ./Core/Src/liquidcrystal_i2c.o
LOAD ./Core/Src/main.o
LOAD ./Core/Src/nvic_config.o
LOAD ./Core/Src/rfid.o
LOAD ./Core/Src/sensor_test.o
LOAD ./Core/Src/stm32f4xx_hal_msp.o
LOAD ./Core/Src/stm32f4xx_it.o
LOAD ./Core/Src/syscalls.o
LOAD ./Core/Src/sysmem.o
LOAD ./Core/Src/system_stm32f4xx.o
LOAD ./Core/Src/ultrasonic_sensor.o
LOAD ./Core/Startup/startup_stm32f407vgtx.o
LOAD ./Drivers/STM32F4xx_HAL_Driver/Src/stm32f4xx_hal.o
LOAD ./Drivers/STM32F4xx_HAL_Driver/Src/stm32f4xx_hal_adc.o
LOAD ./Drivers/STM32F4xx_HAL_Driver/Src/stm32f4xx_hal_adc_ex.o
LOAD ./Drivers/STM32F4xx_HAL_Driver/Src/stm32f4xx_hal_can.o
LOAD ./Drivers/STM32F4xx_HAL_Driver/Src/stm32f4xx_hal_cortex.o
LOAD ./Drivers/STM32F4xx_HAL_Driver/Src/stm32f4xx_hal_crc.o
LOAD ./Drivers/STM32F4xx_HAL_Driver/Src/stm32f4xx_hal_dma.o
LOAD ./Drivers/STM32F4xx_HAL_Driver/Src/stm32f4xx_hal_dma_ex.o
LOAD ./Drivers/STM32F4xx_HAL_Driver/Src/stm32f4xx_hal_exti.o
LOAD ./Drivers/STM32F4xx_HAL_Driver/Src/stm32f4xx_hal_flash.o
LOAD ./Drivers/STM32F4xx_HAL_Driver/Src/stm32f4xx_hal_flash_ex.o
LOAD ./Drivers/STM32F4xx_HAL_Driver/Src/stm32f4xx_hal_flash_ramfunc.o
LOAD ./Drivers/STM32F4xx_HAL_Driver/Src/stm32f4xx_hal_gpio.o
LOAD ./Drivers/STM32F4xx_HAL_Driver/Src/stm32f4xx_hal_i2c.o
LOAD ./Drivers/STM32F4xx_HAL_Driver/Src/stm32f4xx_hal_i2c_ex.o
LOAD ./Drivers/STM32F4xx_HAL_Driver/Src/stm32f4xx_hal_pwr.o
LOAD ./Drivers/STM32F4xx_HAL_Driver/Src/stm32f4xx_hal_pwr_ex.o
LOAD ./Drivers/STM32F4xx_HAL_Driver/Src/stm32f4xx_hal_rcc.o
LOAD ./Drivers/STM32F4xx_HAL_Driver/Src/stm32f4xx_hal_rcc_ex.o
LOAD ./Drivers/STM32F4xx_HAL_Driver/Src/stm32f4xx_hal_spi.o
LOAD ./Drivers/STM32F4xx_HAL_Driver/Src/stm32f4xx_hal_tim.o
LOAD ./Drivers/STM32F4xx_HAL_Driver/Src/stm32f4xx_hal_tim_ex.o
LOAD ./Drivers/STM32F4xx_HAL_Driver/Src/stm32f4xx_hal_uart.o
LOAD ./Drivers/STM32F4xx_HAL_Driver/Src/stm32f4xx_ll_adc.o
START GROUP
LOAD D:/SOFTWARE/en.st-stm32cubeide_1.18.1_24813_20250409_2138_x86_64.exe/STM32CubeIDE_1.18.1/STM32CubeIDE/plugins/com.st.stm32cube.ide.mcu.externaltools.gnu-tools-for-stm32.13.3.rel1.win32_1.0.0.202411081344/tools/bin/../lib/gcc/arm-none-eabi/13.3.1/../../../../arm-none-eabi/lib/thumb/v7e-m+fp/hard\libc_nano.a
LOAD D:/SOFTWARE/en.st-stm32cubeide_1.18.1_24813_20250409_2138_x86_64.exe/STM32CubeIDE_1.18.1/STM32CubeIDE/plugins/com.st.stm32cube.ide.mcu.externaltools.gnu-tools-for-stm32.13.3.rel1.win32_1.0.0.202411081344/tools/bin/../lib/gcc/arm-none-eabi/13.3.1/../../../../arm-none-eabi/lib/thumb/v7e-m+fp/hard\libm.a
END GROUP
START GROUP
LOAD D:/SOFTWARE/en.st-stm32cubeide_1.18.1_24813_20250409_2138_x86_64.exe/STM32CubeIDE_1.18.1/STM32CubeIDE/plugins/com.st.stm32cube.ide.mcu.externaltools.gnu-tools-for-stm32.13.3.rel1.win32_1.0.0.202411081344/tools/bin/../lib/gcc/arm-none-eabi/13.3.1/thumb/v7e-m+fp/hard\libgcc.a
LOAD D:/SOFTWARE/en.st-stm32cubeide_1.18.1_24813_20250409_2138_x86_64.exe/STM32CubeIDE_1.18.1/STM32CubeIDE/plugins/com.st.stm32cube.ide.mcu.externaltools.gnu-tools-for-stm32.13.3.rel1.win32_1.0.0.202411081344/tools/bin/../lib/gcc/arm-none-eabi/13.3.1/../../../../arm-none-eabi/lib/thumb/v7e-m+fp/hard\libc_nano.a
END GROUP
START GROUP
LOAD D:/SOFTWARE/en.st-stm32cubeide_1.18.1_24813_20250409_2138_x86_64.exe/STM32CubeIDE_1.18.1/STM32CubeIDE/plugins/com.st.stm32cube.ide.mcu.externaltools.gnu-tools-for-stm32.13.3.rel1.win32_1.0.0.202411081344/tools/bin/../lib/gcc/arm-none-eabi/13.3.1/thumb/v7e-m+fp/hard\libgcc.a
LOAD D:/SOFTWARE/en.st-stm32cubeide_1.18.1_24813_20250409_2138_x86_64.exe/STM32CubeIDE_1.18.1/STM32CubeIDE/plugins/com.st.stm32cube.ide.mcu.externaltools.gnu-tools-for-stm32.13.3.rel1.win32_1.0.0.202411081344/tools/bin/../lib/gcc/arm-none-eabi/13.3.1/../../../../arm-none-eabi/lib/thumb/v7e-m+fp/hard\libc_nano.a
LOAD D:/SOFTWARE/en.st-stm32cubeide_1.18.1_24813_20250409_2138_x86_64.exe/STM32CubeIDE_1.18.1/STM32CubeIDE/plugins/com.st.stm32cube.ide.mcu.externaltools.gnu-tools-for-stm32.13.3.rel1.win32_1.0.0.202411081344/tools/bin/../lib/gcc/arm-none-eabi/13.3.1/../../../../arm-none-eabi/lib/thumb/v7e-m+fp/hard\libnosys.a
END GROUP
START GROUP
LOAD D:/SOFTWARE/en.st-stm32cubeide_1.18.1_24813_20250409_2138_x86_64.exe/STM32CubeIDE_1.18.1/STM32CubeIDE/plugins/com.st.stm32cube.ide.mcu.externaltools.gnu-tools-for-stm32.13.3.rel1.win32_1.0.0.202411081344/tools/bin/../lib/gcc/arm-none-eabi/13.3.1/thumb/v7e-m+fp/hard\libgcc.a
LOAD D:/SOFTWARE/en.st-stm32cubeide_1.18.1_24813_20250409_2138_x86_64.exe/STM32CubeIDE_1.18.1/STM32CubeIDE/plugins/com.st.stm32cube.ide.mcu.externaltools.gnu-tools-for-stm32.13.3.rel1.win32_1.0.0.202411081344/tools/bin/../lib/gcc/arm-none-eabi/13.3.1/../../../../arm-none-eabi/lib/thumb/v7e-m+fp/hard\libc_nano.a
LOAD D:/SOFTWARE/en.st-stm32cubeide_1.18.1_24813_20250409_2138_x86_64.exe/STM32CubeIDE_1.18.1/STM32CubeIDE/plugins/com.st.stm32cube.ide.mcu.externaltools.gnu-tools-for-stm32.13.3.rel1.win32_1.0.0.202411081344/tools/bin/../lib/gcc/arm-none-eabi/13.3.1/../../../../arm-none-eabi/lib/thumb/v7e-m+fp/hard\libnosys.a
END GROUP
LOAD D:/SOFTWARE/en.st-stm32cubeide_1.18.1_24813_20250409_2138_x86_64.exe/STM32CubeIDE_1.18.1/STM32CubeIDE/plugins/com.st.stm32cube.ide.mcu.externaltools.gnu-tools-for-stm32.13.3.rel1.win32_1.0.0.202411081344/tools/bin/../lib/gcc/arm-none-eabi/13.3.1/thumb/v7e-m+fp/hard/crtend.o
LOAD D:/SOFTWARE/en.st-stm32cubeide_1.18.1_24813_20250409_2138_x86_64.exe/STM32CubeIDE_1.18.1/STM32CubeIDE/plugins/com.st.stm32cube.ide.mcu.externaltools.gnu-tools-for-stm32.13.3.rel1.win32_1.0.0.202411081344/tools/bin/../lib/gcc/arm-none-eabi/13.3.1/thumb/v7e-m+fp/hard/crtn.o
                0x20020000                        _estack = (ORIGIN (RAM) + LENGTH (RAM))
                0x00000200                        _Min_Heap_Size = 0x200
                0x00000400                        _Min_Stack_Size = 0x400

.isr_vector     0x08000000      0x188
                0x08000000                        . = ALIGN (0x4)
 *(.isr_vector)
 .isr_vector    0x08000000      0x188 ./Core/Startup/startup_stm32f407vgtx.o
                0x08000000                g_pfnVectors
                0x08000188                        . = ALIGN (0x4)

.text           0x08000190    0x10e90
                0x08000190                        . = ALIGN (0x4)
 *(.text)
 .text          0x08000190       0x40 D:/SOFTWARE/en.st-stm32cubeide_1.18.1_24813_20250409_2138_x86_64.exe/STM32CubeIDE_1.18.1/STM32CubeIDE/plugins/com.st.stm32cube.ide.mcu.externaltools.gnu-tools-for-stm32.13.3.rel1.win32_1.0.0.202411081344/tools/bin/../lib/gcc/arm-none-eabi/13.3.1/thumb/v7e-m+fp/hard/crtbegin.o
 .text          0x080001d0       0xa0 D:/SOFTWARE/en.st-stm32cubeide_1.18.1_24813_20250409_2138_x86_64.exe/STM32CubeIDE_1.18.1/STM32CubeIDE/plugins/com.st.stm32cube.ide.mcu.externaltools.gnu-tools-for-stm32.13.3.rel1.win32_1.0.0.202411081344/tools/bin/../lib/gcc/arm-none-eabi/13.3.1/../../../../arm-none-eabi/lib/thumb/v7e-m+fp/hard\libc_nano.a(libc_a-memchr.o)
                0x080001d0                memchr
 .text          0x08000270       0x10 D:/SOFTWARE/en.st-stm32cubeide_1.18.1_24813_20250409_2138_x86_64.exe/STM32CubeIDE_1.18.1/STM32CubeIDE/plugins/com.st.stm32cube.ide.mcu.externaltools.gnu-tools-for-stm32.13.3.rel1.win32_1.0.0.202411081344/tools/bin/../lib/gcc/arm-none-eabi/13.3.1/../../../../arm-none-eabi/lib/thumb/v7e-m+fp/hard\libc_nano.a(libc_a-strlen.o)
                0x08000270                strlen
 .text          0x08000280      0x378 D:/SOFTWARE/en.st-stm32cubeide_1.18.1_24813_20250409_2138_x86_64.exe/STM32CubeIDE_1.18.1/STM32CubeIDE/plugins/com.st.stm32cube.ide.mcu.externaltools.gnu-tools-for-stm32.13.3.rel1.win32_1.0.0.202411081344/tools/bin/../lib/gcc/arm-none-eabi/13.3.1/thumb/v7e-m+fp/hard\libgcc.a(_arm_addsubdf3.o)
                0x08000280                __aeabi_drsub
                0x08000288                __aeabi_dsub
                0x08000288                __subdf3
                0x0800028c                __aeabi_dadd
                0x0800028c                __adddf3
                0x08000504                __floatunsidf
                0x08000504                __aeabi_ui2d
                0x08000524                __floatsidf
                0x08000524                __aeabi_i2d
                0x08000548                __aeabi_f2d
                0x08000548                __extendsfdf2
                0x0800058c                __floatundidf
                0x0800058c                __aeabi_ul2d
                0x0800059c                __floatdidf
                0x0800059c                __aeabi_l2d
 .text          0x080005f8      0x424 D:/SOFTWARE/en.st-stm32cubeide_1.18.1_24813_20250409_2138_x86_64.exe/STM32CubeIDE_1.18.1/STM32CubeIDE/plugins/com.st.stm32cube.ide.mcu.externaltools.gnu-tools-for-stm32.13.3.rel1.win32_1.0.0.202411081344/tools/bin/../lib/gcc/arm-none-eabi/13.3.1/thumb/v7e-m+fp/hard\libgcc.a(_arm_muldivdf3.o)
                0x080005f8                __aeabi_dmul
                0x080005f8                __muldf3
                0x0800084c                __divdf3
                0x0800084c                __aeabi_ddiv
 .text          0x08000a1c      0x110 D:/SOFTWARE/en.st-stm32cubeide_1.18.1_24813_20250409_2138_x86_64.exe/STM32CubeIDE_1.18.1/STM32CubeIDE/plugins/com.st.stm32cube.ide.mcu.externaltools.gnu-tools-for-stm32.13.3.rel1.win32_1.0.0.202411081344/tools/bin/../lib/gcc/arm-none-eabi/13.3.1/thumb/v7e-m+fp/hard\libgcc.a(_arm_cmpdf2.o)
                0x08000a1c                __gtdf2
                0x08000a1c                __gedf2
                0x08000a24                __ltdf2
                0x08000a24                __ledf2
                0x08000a2c                __nedf2
                0x08000a2c                __eqdf2
                0x08000a2c                __cmpdf2
                0x08000aa8                __aeabi_cdrcmple
                0x08000ab8                __aeabi_cdcmpeq
                0x08000ab8                __aeabi_cdcmple
                0x08000ac8                __aeabi_dcmpeq
                0x08000adc                __aeabi_dcmplt
                0x08000af0                __aeabi_dcmple
                0x08000b04                __aeabi_dcmpge
                0x08000b18                __aeabi_dcmpgt
 .text          0x08000b2c       0x2c D:/SOFTWARE/en.st-stm32cubeide_1.18.1_24813_20250409_2138_x86_64.exe/STM32CubeIDE_1.18.1/STM32CubeIDE/plugins/com.st.stm32cube.ide.mcu.externaltools.gnu-tools-for-stm32.13.3.rel1.win32_1.0.0.202411081344/tools/bin/../lib/gcc/arm-none-eabi/13.3.1/thumb/v7e-m+fp/hard\libgcc.a(_arm_unorddf2.o)
                0x08000b2c                __unorddf2
                0x08000b2c                __aeabi_dcmpun
 .text          0x08000b58       0x50 D:/SOFTWARE/en.st-stm32cubeide_1.18.1_24813_20250409_2138_x86_64.exe/STM32CubeIDE_1.18.1/STM32CubeIDE/plugins/com.st.stm32cube.ide.mcu.externaltools.gnu-tools-for-stm32.13.3.rel1.win32_1.0.0.202411081344/tools/bin/../lib/gcc/arm-none-eabi/13.3.1/thumb/v7e-m+fp/hard\libgcc.a(_arm_fixdfsi.o)
                0x08000b58                __aeabi_d2iz
                0x08000b58                __fixdfsi
 .text          0x08000ba8       0xa0 D:/SOFTWARE/en.st-stm32cubeide_1.18.1_24813_20250409_2138_x86_64.exe/STM32CubeIDE_1.18.1/STM32CubeIDE/plugins/com.st.stm32cube.ide.mcu.externaltools.gnu-tools-for-stm32.13.3.rel1.win32_1.0.0.202411081344/tools/bin/../lib/gcc/arm-none-eabi/13.3.1/thumb/v7e-m+fp/hard\libgcc.a(_arm_truncdfsf2.o)
                0x08000ba8                __truncdfsf2
                0x08000ba8                __aeabi_d2f
 .text          0x08000c48       0x30 D:/SOFTWARE/en.st-stm32cubeide_1.18.1_24813_20250409_2138_x86_64.exe/STM32CubeIDE_1.18.1/STM32CubeIDE/plugins/com.st.stm32cube.ide.mcu.externaltools.gnu-tools-for-stm32.13.3.rel1.win32_1.0.0.202411081344/tools/bin/../lib/gcc/arm-none-eabi/13.3.1/thumb/v7e-m+fp/hard\libgcc.a(_aeabi_uldivmod.o)
                0x08000c48                __aeabi_uldivmod
 .text          0x08000c78      0x2f8 D:/SOFTWARE/en.st-stm32cubeide_1.18.1_24813_20250409_2138_x86_64.exe/STM32CubeIDE_1.18.1/STM32CubeIDE/plugins/com.st.stm32cube.ide.mcu.externaltools.gnu-tools-for-stm32.13.3.rel1.win32_1.0.0.202411081344/tools/bin/../lib/gcc/arm-none-eabi/13.3.1/thumb/v7e-m+fp/hard\libgcc.a(_udivmoddi4.o)
                0x08000c78                __udivmoddi4
 .text          0x08000f70        0x4 D:/SOFTWARE/en.st-stm32cubeide_1.18.1_24813_20250409_2138_x86_64.exe/STM32CubeIDE_1.18.1/STM32CubeIDE/plugins/com.st.stm32cube.ide.mcu.externaltools.gnu-tools-for-stm32.13.3.rel1.win32_1.0.0.202411081344/tools/bin/../lib/gcc/arm-none-eabi/13.3.1/thumb/v7e-m+fp/hard\libgcc.a(_dvmd_tls.o)
                0x08000f70                __aeabi_idiv0
                0x08000f70                __aeabi_ldiv0
 *(.text*)
 .text.BNO055_IT_Read
                0x08000f74       0x9c ./Core/Src/BN055_IT.o
                0x08000f74                BNO055_IT_Read
 .text.BNO055_IT_Write
                0x08001010       0x9c ./Core/Src/BN055_IT.o
                0x08001010                BNO055_IT_Write
 .text.HAL_I2C_MemRxCpltCallback
                0x080010ac       0x30 ./Core/Src/BN055_IT.o
                0x080010ac                HAL_I2C_MemRxCpltCallback
 .text.HAL_I2C_MemTxCpltCallback
                0x080010dc       0x30 ./Core/Src/BN055_IT.o
                0x080010dc                HAL_I2C_MemTxCpltCallback
 .text.HAL_I2C_ErrorCallback
                0x0800110c       0x38 ./Core/Src/BN055_IT.o
                0x0800110c                HAL_I2C_ErrorCallback
 .text.SelectPage
                0x08001144       0x34 ./Core/Src/BNO055.o
                0x08001144                SelectPage
 .text.ReadData
                0x08001178      0x564 ./Core/Src/BNO055.o
                0x08001178                ReadData
 .text.Set_Operation_Mode
                0x080016dc       0x54 ./Core/Src/BNO055.o
                0x080016dc                Set_Operation_Mode
 .text.SetPowerMODE
                0x08001730       0x40 ./Core/Src/BNO055.o
                0x08001730                SetPowerMODE
 .text.Clock_Source
                0x08001770       0x1e ./Core/Src/BNO055.o
                0x08001770                Clock_Source
 .text.BNO055_Axis
                0x0800178e       0x3c ./Core/Src/BNO055.o
                0x0800178e                BNO055_Axis
 .text.SET_Accel_Range
                0x080017ca       0x24 ./Core/Src/BNO055.o
                0x080017ca                SET_Accel_Range
 *fill*         0x080017ee        0x2 
 .text.BNO055_Init
                0x080017f0       0xc8 ./Core/Src/BNO055.o
                0x080017f0                BNO055_Init
 .text.BNO055_SendEulerCAN
                0x080018b8       0xb8 ./Core/Src/BNO055.o
                0x080018b8                BNO055_SendEulerCAN
 .text.BNO055_PrintEulerDebug
                0x08001970       0x90 ./Core/Src/BNO055.o
                0x08001970                BNO055_PrintEulerDebug
 .text.CAN_DebugStatus
                0x08001a00      0x14c ./Core/Src/Debug.o
                0x08001a00                CAN_DebugStatus
 .text.MQ135_Config
                0x08001b4c       0x54 ./Core/Src/MQ135.o
                0x08001b4c                MQ135_Config
 .text.MQ135_CorrectionFactor
                0x08001ba0       0x74 ./Core/Src/MQ135.o
                0x08001ba0                MQ135_CorrectionFactor
 .text.MQ135_ReadRs
                0x08001c14       0xc8 ./Core/Src/MQ135.o
                0x08001c14                MQ135_ReadRs
 .text.MQ135_ReadCorrectedPPM
                0x08001cdc       0x7a ./Core/Src/MQ135.o
                0x08001cdc                MQ135_ReadCorrectedPPM
 *fill*         0x08001d56        0x2 
 .text.MQ135_CalibrateRo
                0x08001d58       0x64 ./Core/Src/MQ135.o
                0x08001d58                MQ135_CalibrateRo
 .text.MQ135_Send_CAN
                0x08001dbc       0x98 ./Core/Src/MQ135.o
                0x08001dbc                MQ135_Send_CAN
 .text.RC522_SPI_Transfer
                0x08001e54       0x2c ./Core/Src/RC522.o
                0x08001e54                RC522_SPI_Transfer
 .text.Write_MFRC522
                0x08001e80       0x4c ./Core/Src/RC522.o
                0x08001e80                Write_MFRC522
 .text.Read_MFRC522
                0x08001ecc       0x54 ./Core/Src/RC522.o
                0x08001ecc                Read_MFRC522
 .text.SetBitMask
                0x08001f20       0x36 ./Core/Src/RC522.o
                0x08001f20                SetBitMask
 .text.ClearBitMask
                0x08001f56       0x40 ./Core/Src/RC522.o
                0x08001f56                ClearBitMask
 .text.AntennaOn
                0x08001f96       0x16 ./Core/Src/RC522.o
                0x08001f96                AntennaOn
 .text.MFRC522_Reset
                0x08001fac       0x10 ./Core/Src/RC522.o
                0x08001fac                MFRC522_Reset
 .text.MFRC522_Init
                0x08001fbc       0x5c ./Core/Src/RC522.o
                0x08001fbc                MFRC522_Init
 .text.MFRC522_ToCard
                0x08002018      0x192 ./Core/Src/RC522.o
                0x08002018                MFRC522_ToCard
 .text.MFRC522_Request
                0x080021aa       0x4a ./Core/Src/RC522.o
                0x080021aa                MFRC522_Request
 .text.MFRC522_Anticoll
                0x080021f4       0x7a ./Core/Src/RC522.o
                0x080021f4                MFRC522_Anticoll
 *fill*         0x0800226e        0x2 
 .text.HAL_CAN_RxFifo0MsgPendingCallback
                0x08002270       0x3c ./Core/Src/can_receive.o
                0x08002270                HAL_CAN_RxFifo0MsgPendingCallback
 .text.BNO055_IsStable
                0x080022ac       0x24 ./Core/Src/can_tranceive.o
                0x080022ac                BNO055_IsStable
 .text.CAN_SendTopicData
                0x080022d0       0x9c ./Core/Src/can_tranceive.o
                0x080022d0                CAN_SendTopicData
 .text.Send_All_SensorData_CAN
                0x0800236c      0x1a0 ./Core/Src/can_tranceive.o
                0x0800236c                Send_All_SensorData_CAN
 .text.check_it
                0x0800250c       0xa4 ./Core/Src/checkstatus.o
                0x0800250c                check_it
 .text.Process_Ultrasonic_And_Control_Relay
                0x080025b0      0x1a8 ./Core/Src/led_control.o
                0x080025b0                Process_Ultrasonic_And_Control_Relay
 .text.HD44780_Init
                0x08002758      0x108 ./Core/Src/liquidcrystal_i2c.o
                0x08002758                HD44780_Init
 .text.HD44780_Clear
                0x08002860       0x16 ./Core/Src/liquidcrystal_i2c.o
                0x08002860                HD44780_Clear
 .text.HD44780_Home
                0x08002876       0x16 ./Core/Src/liquidcrystal_i2c.o
                0x08002876                HD44780_Home
 .text.HD44780_Display
                0x0800288c       0x2c ./Core/Src/liquidcrystal_i2c.o
                0x0800288c                HD44780_Display
 .text.HD44780_CreateSpecialChar
                0x080028b8       0x54 ./Core/Src/liquidcrystal_i2c.o
                0x080028b8                HD44780_CreateSpecialChar
 .text.HD44780_Backlight
                0x0800290c       0x18 ./Core/Src/liquidcrystal_i2c.o
                0x0800290c                HD44780_Backlight
 .text.SendCommand
                0x08002924       0x1c ./Core/Src/liquidcrystal_i2c.o
 .text.SendChar
                0x08002940       0x1c ./Core/Src/liquidcrystal_i2c.o
 .text.Send     0x0800295c       0x42 ./Core/Src/liquidcrystal_i2c.o
 .text.Write4Bits
                0x0800299e       0x22 ./Core/Src/liquidcrystal_i2c.o
 .text.ExpanderWrite
                0x080029c0       0x38 ./Core/Src/liquidcrystal_i2c.o
 .text.PulseEnable
                0x080029f8       0x3a ./Core/Src/liquidcrystal_i2c.o
 *fill*         0x08002a32        0x2 
 .text.DelayInit
                0x08002a34       0x54 ./Core/Src/liquidcrystal_i2c.o
 .text.DelayUS  0x08002a88       0x50 ./Core/Src/liquidcrystal_i2c.o
 .text.__NVIC_SystemReset
                0x08002ad8       0x2c ./Core/Src/main.o
 .text.HAL_TIM_PeriodElapsedCallback
                0x08002b04       0x2c ./Core/Src/main.o
                0x08002b04                HAL_TIM_PeriodElapsedCallback
 .text.HAL_ADC_ConvCpltCallback
                0x08002b30       0x60 ./Core/Src/main.o
                0x08002b30                HAL_ADC_ConvCpltCallback
 .text.HAL_CAN_TxMailbox0CompleteCallback
                0x08002b90       0x30 ./Core/Src/main.o
                0x08002b90                HAL_CAN_TxMailbox0CompleteCallback
 .text.HAL_CAN_TxMailbox1CompleteCallback
                0x08002bc0       0x30 ./Core/Src/main.o
                0x08002bc0                HAL_CAN_TxMailbox1CompleteCallback
 .text.HAL_CAN_TxMailbox2CompleteCallback
                0x08002bf0       0x30 ./Core/Src/main.o
                0x08002bf0                HAL_CAN_TxMailbox2CompleteCallback
 .text.HAL_CAN_ErrorCallback
                0x08002c20      0x220 ./Core/Src/main.o
                0x08002c20                HAL_CAN_ErrorCallback
 .text.main     0x08002e40      0x14c ./Core/Src/main.o
                0x08002e40                main
 .text.SystemClock_Config
                0x08002f8c       0xd4 ./Core/Src/main.o
                0x08002f8c                SystemClock_Config
 .text.MX_ADC1_Init
                0x08003060       0xa4 ./Core/Src/main.o
 .text.MX_CAN1_Init
                0x08003104       0xac ./Core/Src/main.o
 .text.MX_CAN2_Init
                0x080031b0       0x6c ./Core/Src/main.o
 .text.MX_CRC_Init
                0x0800321c       0x28 ./Core/Src/main.o
 .text.MX_I2C3_Init
                0x08003244       0x58 ./Core/Src/main.o
 .text.MX_SPI2_Init
                0x0800329c       0x6c ./Core/Src/main.o
 .text.MX_TIM1_Init
                0x08003308      0x188 ./Core/Src/main.o
 .text.MX_TIM2_Init
                0x08003490       0xe0 ./Core/Src/main.o
 .text.MX_TIM3_Init
                0x08003570       0xe0 ./Core/Src/main.o
 .text.MX_TIM4_Init
                0x08003650       0xe0 ./Core/Src/main.o
 .text.MX_TIM6_Init
                0x08003730       0x6c ./Core/Src/main.o
 .text.MX_TIM7_Init
                0x0800379c       0x6c ./Core/Src/main.o
 .text.MX_TIM8_Init
                0x08003808       0xe8 ./Core/Src/main.o
 .text.MX_USART1_UART_Init
                0x080038f0       0x54 ./Core/Src/main.o
 .text.MX_DMA_Init
                0x08003944       0x40 ./Core/Src/main.o
 .text.MX_GPIO_Init
                0x08003984      0x1e0 ./Core/Src/main.o
 .text.Error_Handler
                0x08003b64        0xc ./Core/Src/main.o
                0x08003b64                Error_Handler
 .text.printUserName
                0x08003b70      0x184 ./Core/Src/rfid.o
                0x08003b70                printUserName
 .text.isAuthorizedUID
                0x08003cf4       0x50 ./Core/Src/rfid.o
                0x08003cf4                isAuthorizedUID
 .text.checkRFIDAndControlRelay
                0x08003d44      0x19c ./Core/Src/rfid.o
                0x08003d44                checkRFIDAndControlRelay
 .text.HAL_MspInit
                0x08003ee0       0x60 ./Core/Src/stm32f4xx_hal_msp.o
                0x08003ee0                HAL_MspInit
 .text.HAL_ADC_MspInit
                0x08003f40       0xfc ./Core/Src/stm32f4xx_hal_msp.o
                0x08003f40                HAL_ADC_MspInit
 .text.HAL_CAN_MspInit
                0x0800403c      0x1d0 ./Core/Src/stm32f4xx_hal_msp.o
                0x0800403c                HAL_CAN_MspInit
 .text.HAL_CAN_MspDeInit
                0x0800420c       0xc4 ./Core/Src/stm32f4xx_hal_msp.o
                0x0800420c                HAL_CAN_MspDeInit
 .text.HAL_CRC_MspInit
                0x080042d0       0x44 ./Core/Src/stm32f4xx_hal_msp.o
                0x080042d0                HAL_CRC_MspInit
 .text.HAL_I2C_MspInit
                0x08004314       0xf4 ./Core/Src/stm32f4xx_hal_msp.o
                0x08004314                HAL_I2C_MspInit
 .text.HAL_I2C_MspDeInit
                0x08004408       0x58 ./Core/Src/stm32f4xx_hal_msp.o
                0x08004408                HAL_I2C_MspDeInit
 .text.HAL_SPI_MspInit
                0x08004460       0xd0 ./Core/Src/stm32f4xx_hal_msp.o
                0x08004460                HAL_SPI_MspInit
 .text.HAL_TIM_Base_MspInit
                0x08004530      0x35c ./Core/Src/stm32f4xx_hal_msp.o
                0x08004530                HAL_TIM_Base_MspInit
 .text.HAL_TIM_MspPostInit
                0x0800488c       0x74 ./Core/Src/stm32f4xx_hal_msp.o
                0x0800488c                HAL_TIM_MspPostInit
 .text.HAL_UART_MspInit
                0x08004900       0xa0 ./Core/Src/stm32f4xx_hal_msp.o
                0x08004900                HAL_UART_MspInit
 .text.NMI_Handler
                0x080049a0        0x8 ./Core/Src/stm32f4xx_it.o
                0x080049a0                NMI_Handler
 .text.HardFault_Handler
                0x080049a8        0x8 ./Core/Src/stm32f4xx_it.o
                0x080049a8                HardFault_Handler
 .text.MemManage_Handler
                0x080049b0        0x8 ./Core/Src/stm32f4xx_it.o
                0x080049b0                MemManage_Handler
 .text.BusFault_Handler
                0x080049b8        0x8 ./Core/Src/stm32f4xx_it.o
                0x080049b8                BusFault_Handler
 .text.UsageFault_Handler
                0x080049c0        0x8 ./Core/Src/stm32f4xx_it.o
                0x080049c0                UsageFault_Handler
 .text.SVC_Handler
                0x080049c8        0xe ./Core/Src/stm32f4xx_it.o
                0x080049c8                SVC_Handler
 .text.DebugMon_Handler
                0x080049d6        0xe ./Core/Src/stm32f4xx_it.o
                0x080049d6                DebugMon_Handler
 .text.PendSV_Handler
                0x080049e4        0xe ./Core/Src/stm32f4xx_it.o
                0x080049e4                PendSV_Handler
 .text.SysTick_Handler
                0x080049f2        0xc ./Core/Src/stm32f4xx_it.o
                0x080049f2                SysTick_Handler
 .text.RCC_IRQHandler
                0x080049fe        0xe ./Core/Src/stm32f4xx_it.o
                0x080049fe                RCC_IRQHandler
 .text.ADC_IRQHandler
                0x08004a0c       0x14 ./Core/Src/stm32f4xx_it.o
                0x08004a0c                ADC_IRQHandler
 .text.CAN1_TX_IRQHandler
                0x08004a20       0x14 ./Core/Src/stm32f4xx_it.o
                0x08004a20                CAN1_TX_IRQHandler
 .text.CAN1_RX0_IRQHandler
                0x08004a34       0x14 ./Core/Src/stm32f4xx_it.o
                0x08004a34                CAN1_RX0_IRQHandler
 .text.CAN1_RX1_IRQHandler
                0x08004a48       0x14 ./Core/Src/stm32f4xx_it.o
                0x08004a48                CAN1_RX1_IRQHandler
 .text.CAN1_SCE_IRQHandler
                0x08004a5c       0x14 ./Core/Src/stm32f4xx_it.o
                0x08004a5c                CAN1_SCE_IRQHandler
 .text.TIM1_BRK_TIM9_IRQHandler
                0x08004a70       0x14 ./Core/Src/stm32f4xx_it.o
                0x08004a70                TIM1_BRK_TIM9_IRQHandler
 .text.TIM1_UP_TIM10_IRQHandler
                0x08004a84       0x14 ./Core/Src/stm32f4xx_it.o
                0x08004a84                TIM1_UP_TIM10_IRQHandler
 .text.TIM1_TRG_COM_TIM11_IRQHandler
                0x08004a98       0x14 ./Core/Src/stm32f4xx_it.o
                0x08004a98                TIM1_TRG_COM_TIM11_IRQHandler
 .text.TIM1_CC_IRQHandler
                0x08004aac       0x14 ./Core/Src/stm32f4xx_it.o
                0x08004aac                TIM1_CC_IRQHandler
 .text.TIM2_IRQHandler
                0x08004ac0       0x14 ./Core/Src/stm32f4xx_it.o
                0x08004ac0                TIM2_IRQHandler
 .text.TIM3_IRQHandler
                0x08004ad4       0x14 ./Core/Src/stm32f4xx_it.o
                0x08004ad4                TIM3_IRQHandler
 .text.TIM4_IRQHandler
                0x08004ae8       0x14 ./Core/Src/stm32f4xx_it.o
                0x08004ae8                TIM4_IRQHandler
 .text.USART1_IRQHandler
                0x08004afc       0x14 ./Core/Src/stm32f4xx_it.o
                0x08004afc                USART1_IRQHandler
 .text.TIM8_BRK_TIM12_IRQHandler
                0x08004b10       0x14 ./Core/Src/stm32f4xx_it.o
                0x08004b10                TIM8_BRK_TIM12_IRQHandler
 .text.TIM8_UP_TIM13_IRQHandler
                0x08004b24       0x14 ./Core/Src/stm32f4xx_it.o
                0x08004b24                TIM8_UP_TIM13_IRQHandler
 .text.TIM8_TRG_COM_TIM14_IRQHandler
                0x08004b38       0x14 ./Core/Src/stm32f4xx_it.o
                0x08004b38                TIM8_TRG_COM_TIM14_IRQHandler
 .text.TIM8_CC_IRQHandler
                0x08004b4c       0x14 ./Core/Src/stm32f4xx_it.o
                0x08004b4c                TIM8_CC_IRQHandler
 .text.TIM7_IRQHandler
                0x08004b60       0x14 ./Core/Src/stm32f4xx_it.o
                0x08004b60                TIM7_IRQHandler
 .text.DMA2_Stream0_IRQHandler
                0x08004b74       0x14 ./Core/Src/stm32f4xx_it.o
                0x08004b74                DMA2_Stream0_IRQHandler
 .text.CAN2_TX_IRQHandler
                0x08004b88       0x14 ./Core/Src/stm32f4xx_it.o
                0x08004b88                CAN2_TX_IRQHandler
 .text.CAN2_RX0_IRQHandler
                0x08004b9c       0x14 ./Core/Src/stm32f4xx_it.o
                0x08004b9c                CAN2_RX0_IRQHandler
 .text.CAN2_RX1_IRQHandler
                0x08004bb0       0x14 ./Core/Src/stm32f4xx_it.o
                0x08004bb0                CAN2_RX1_IRQHandler
 .text.I2C3_EV_IRQHandler
                0x08004bc4       0x14 ./Core/Src/stm32f4xx_it.o
                0x08004bc4                I2C3_EV_IRQHandler
 .text.I2C3_ER_IRQHandler
                0x08004bd8       0x14 ./Core/Src/stm32f4xx_it.o
                0x08004bd8                I2C3_ER_IRQHandler
 .text._getpid  0x08004bec       0x10 ./Core/Src/syscalls.o
                0x08004bec                _getpid
 .text._kill    0x08004bfc       0x20 ./Core/Src/syscalls.o
                0x08004bfc                _kill
 .text._exit    0x08004c1c       0x16 ./Core/Src/syscalls.o
                0x08004c1c                _exit
 .text._read    0x08004c32       0x3a ./Core/Src/syscalls.o
                0x08004c32                _read
 .text._write   0x08004c6c       0x38 ./Core/Src/syscalls.o
                0x08004c6c                _write
 .text._close   0x08004ca4       0x18 ./Core/Src/syscalls.o
                0x08004ca4                _close
 .text._fstat   0x08004cbc       0x20 ./Core/Src/syscalls.o
                0x08004cbc                _fstat
 .text._isatty  0x08004cdc       0x16 ./Core/Src/syscalls.o
                0x08004cdc                _isatty
 .text._lseek   0x08004cf2       0x1a ./Core/Src/syscalls.o
                0x08004cf2                _lseek
 .text._sbrk    0x08004d0c       0x6c ./Core/Src/sysmem.o
                0x08004d0c                _sbrk
 .text.SystemInit
                0x08004d78       0x24 ./Core/Src/system_stm32f4xx.o
                0x08004d78                SystemInit
 .text.delay_us
                0x08004d9c       0x38 ./Core/Src/ultrasonic_sensor.o
                0x08004d9c                delay_us
 .text.US01_TriggerOne
                0x08004dd4       0xd4 ./Core/Src/ultrasonic_sensor.o
                0x08004dd4                US01_TriggerOne
 .text.HAL_TIM_IC_CaptureCallback
                0x08004ea8      0x388 ./Core/Src/ultrasonic_sensor.o
                0x08004ea8                HAL_TIM_IC_CaptureCallback
 .text.US01_GetDistance
                0x08005230       0x2c ./Core/Src/ultrasonic_sensor.o
                0x08005230                US01_GetDistance
 .text.UART_SendString
                0x0800525c       0x2c ./Core/Src/ultrasonic_sensor.o
                0x0800525c                UART_SendString
 .text.US01_SendAllDistances_CAN
                0x08005288       0x72 ./Core/Src/ultrasonic_sensor.o
                0x08005288                US01_SendAllDistances_CAN
 .text.US01_TriggerAll_Sequential
                0x080052fa       0x32 ./Core/Src/ultrasonic_sensor.o
                0x080052fa                US01_TriggerAll_Sequential
 .text.PrintAllDistances
                0x0800532c       0x40 ./Core/Src/ultrasonic_sensor.o
                0x0800532c                PrintAllDistances
 .text.Reset_Handler
                0x0800536c       0x50 ./Core/Startup/startup_stm32f407vgtx.o
                0x0800536c                Reset_Handler
 .text.Default_Handler
                0x080053bc        0x2 ./Core/Startup/startup_stm32f407vgtx.o
                0x080053bc                RTC_Alarm_IRQHandler
                0x080053bc                HASH_RNG_IRQHandler
                0x080053bc                EXTI2_IRQHandler
                0x080053bc                DMA2_Stream5_IRQHandler
                0x080053bc                DMA1_Stream5_IRQHandler
                0x080053bc                PVD_IRQHandler
                0x080053bc                SDIO_IRQHandler
                0x080053bc                TAMP_STAMP_IRQHandler
                0x080053bc                EXTI3_IRQHandler
                0x080053bc                EXTI0_IRQHandler
                0x080053bc                I2C2_EV_IRQHandler
                0x080053bc                DMA1_Stream2_IRQHandler
                0x080053bc                FPU_IRQHandler
                0x080053bc                OTG_HS_WKUP_IRQHandler
                0x080053bc                CAN2_SCE_IRQHandler
                0x080053bc                DMA2_Stream2_IRQHandler
                0x080053bc                SPI1_IRQHandler
                0x080053bc                TIM6_DAC_IRQHandler
                0x080053bc                DCMI_IRQHandler
                0x080053bc                DMA2_Stream3_IRQHandler
                0x080053bc                USART6_IRQHandler
                0x080053bc                USART3_IRQHandler
                0x080053bc                UART5_IRQHandler
                0x080053bc                I2C1_EV_IRQHandler
                0x080053bc                DMA1_Stream6_IRQHandler
                0x080053bc                DMA1_Stream1_IRQHandler
                0x080053bc                UART4_IRQHandler
                0x080053bc                Default_Handler
                0x080053bc                EXTI15_10_IRQHandler
                0x080053bc                DMA1_Stream7_IRQHandler
                0x080053bc                TIM5_IRQHandler
                0x080053bc                DMA2_Stream7_IRQHandler
                0x080053bc                EXTI9_5_IRQHandler
                0x080053bc                RTC_WKUP_IRQHandler
                0x080053bc                ETH_WKUP_IRQHandler
                0x080053bc                SPI2_IRQHandler
                0x080053bc                OTG_HS_EP1_IN_IRQHandler
                0x080053bc                DMA1_Stream0_IRQHandler
                0x080053bc                EXTI4_IRQHandler
                0x080053bc                FSMC_IRQHandler
                0x080053bc                ETH_IRQHandler
                0x080053bc                OTG_HS_EP1_OUT_IRQHandler
                0x080053bc                WWDG_IRQHandler
                0x080053bc                OTG_FS_WKUP_IRQHandler
                0x080053bc                OTG_HS_IRQHandler
                0x080053bc                EXTI1_IRQHandler
                0x080053bc                USART2_IRQHandler
                0x080053bc                I2C2_ER_IRQHandler
                0x080053bc                DMA2_Stream1_IRQHandler
                0x080053bc                FLASH_IRQHandler
                0x080053bc                DMA2_Stream4_IRQHandler
                0x080053bc                OTG_FS_IRQHandler
                0x080053bc                SPI3_IRQHandler
                0x080053bc                DMA1_Stream4_IRQHandler
                0x080053bc                I2C1_ER_IRQHandler
                0x080053bc                DMA2_Stream6_IRQHandler
                0x080053bc                DMA1_Stream3_IRQHandler
 *fill*         0x080053be        0x2 
 .text.HAL_Init
                0x080053c0       0x44 ./Drivers/STM32F4xx_HAL_Driver/Src/stm32f4xx_hal.o
                0x080053c0                HAL_Init
 .text.HAL_InitTick
                0x08005404       0x60 ./Drivers/STM32F4xx_HAL_Driver/Src/stm32f4xx_hal.o
                0x08005404                HAL_InitTick
 .text.HAL_IncTick
                0x08005464       0x28 ./Drivers/STM32F4xx_HAL_Driver/Src/stm32f4xx_hal.o
                0x08005464                HAL_IncTick
 .text.HAL_GetTick
                0x0800548c       0x18 ./Drivers/STM32F4xx_HAL_Driver/Src/stm32f4xx_hal.o
                0x0800548c                HAL_GetTick
 .text.HAL_Delay
                0x080054a4       0x48 ./Drivers/STM32F4xx_HAL_Driver/Src/stm32f4xx_hal.o
                0x080054a4                HAL_Delay
 .text.HAL_ADC_Init
                0x080054ec       0x86 ./Drivers/STM32F4xx_HAL_Driver/Src/stm32f4xx_hal_adc.o
                0x080054ec                HAL_ADC_Init
 *fill*         0x08005572        0x2 
 .text.HAL_ADC_Start_IT
                0x08005574      0x1bc ./Drivers/STM32F4xx_HAL_Driver/Src/stm32f4xx_hal_adc.o
                0x08005574                HAL_ADC_Start_IT
 .text.HAL_ADC_Stop_IT
                0x08005730       0x7a ./Drivers/STM32F4xx_HAL_Driver/Src/stm32f4xx_hal_adc.o
                0x08005730                HAL_ADC_Stop_IT
 .text.HAL_ADC_IRQHandler
                0x080057aa      0x220 ./Drivers/STM32F4xx_HAL_Driver/Src/stm32f4xx_hal_adc.o
                0x080057aa                HAL_ADC_IRQHandler
 .text.HAL_ADC_GetValue
                0x080059ca       0x1a ./Drivers/STM32F4xx_HAL_Driver/Src/stm32f4xx_hal_adc.o
                0x080059ca                HAL_ADC_GetValue
 .text.HAL_ADC_LevelOutOfWindowCallback
                0x080059e4       0x14 ./Drivers/STM32F4xx_HAL_Driver/Src/stm32f4xx_hal_adc.o
                0x080059e4                HAL_ADC_LevelOutOfWindowCallback
 .text.HAL_ADC_ErrorCallback
                0x080059f8       0x14 ./Drivers/STM32F4xx_HAL_Driver/Src/stm32f4xx_hal_adc.o
                0x080059f8                HAL_ADC_ErrorCallback
 .text.HAL_ADC_ConfigChannel
                0x08005a0c      0x244 ./Drivers/STM32F4xx_HAL_Driver/Src/stm32f4xx_hal_adc.o
                0x08005a0c                HAL_ADC_ConfigChannel
 .text.ADC_Init
                0x08005c50      0x1f8 ./Drivers/STM32F4xx_HAL_Driver/Src/stm32f4xx_hal_adc.o
 .text.HAL_ADCEx_InjectedConvCpltCallback
                0x08005e48       0x14 ./Drivers/STM32F4xx_HAL_Driver/Src/stm32f4xx_hal_adc_ex.o
                0x08005e48                HAL_ADCEx_InjectedConvCpltCallback
 .text.HAL_CAN_Init
                0x08005e5c      0x1f6 ./Drivers/STM32F4xx_HAL_Driver/Src/stm32f4xx_hal_can.o
                0x08005e5c                HAL_CAN_Init
 .text.HAL_CAN_DeInit
                0x08006052       0x46 ./Drivers/STM32F4xx_HAL_Driver/Src/stm32f4xx_hal_can.o
                0x08006052                HAL_CAN_DeInit
 .text.HAL_CAN_ConfigFilter
                0x08006098      0x1bc ./Drivers/STM32F4xx_HAL_Driver/Src/stm32f4xx_hal_can.o
                0x08006098                HAL_CAN_ConfigFilter
 .text.HAL_CAN_Start
                0x08006254       0x88 ./Drivers/STM32F4xx_HAL_Driver/Src/stm32f4xx_hal_can.o
                0x08006254                HAL_CAN_Start
 .text.HAL_CAN_Stop
                0x080062dc       0x92 ./Drivers/STM32F4xx_HAL_Driver/Src/stm32f4xx_hal_can.o
                0x080062dc                HAL_CAN_Stop
 .text.HAL_CAN_AddTxMessage
                0x0800636e      0x1a0 ./Drivers/STM32F4xx_HAL_Driver/Src/stm32f4xx_hal_can.o
                0x0800636e                HAL_CAN_AddTxMessage
 .text.HAL_CAN_GetTxMailboxesFreeLevel
                0x0800650e       0x6a ./Drivers/STM32F4xx_HAL_Driver/Src/stm32f4xx_hal_can.o
                0x0800650e                HAL_CAN_GetTxMailboxesFreeLevel
 .text.HAL_CAN_GetRxMessage
                0x08006578      0x244 ./Drivers/STM32F4xx_HAL_Driver/Src/stm32f4xx_hal_can.o
                0x08006578                HAL_CAN_GetRxMessage
 .text.HAL_CAN_GetRxFifoFillLevel
                0x080067bc       0x50 ./Drivers/STM32F4xx_HAL_Driver/Src/stm32f4xx_hal_can.o
                0x080067bc                HAL_CAN_GetRxFifoFillLevel
 .text.HAL_CAN_ActivateNotification
                0x0800680c       0x4c ./Drivers/STM32F4xx_HAL_Driver/Src/stm32f4xx_hal_can.o
                0x0800680c                HAL_CAN_ActivateNotification
 .text.HAL_CAN_IRQHandler
                0x08006858      0x36e ./Drivers/STM32F4xx_HAL_Driver/Src/stm32f4xx_hal_can.o
                0x08006858                HAL_CAN_IRQHandler
 .text.HAL_CAN_TxMailbox0AbortCallback
                0x08006bc6       0x14 ./Drivers/STM32F4xx_HAL_Driver/Src/stm32f4xx_hal_can.o
                0x08006bc6                HAL_CAN_TxMailbox0AbortCallback
 .text.HAL_CAN_TxMailbox1AbortCallback
                0x08006bda       0x14 ./Drivers/STM32F4xx_HAL_Driver/Src/stm32f4xx_hal_can.o
                0x08006bda                HAL_CAN_TxMailbox1AbortCallback
 .text.HAL_CAN_TxMailbox2AbortCallback
                0x08006bee       0x14 ./Drivers/STM32F4xx_HAL_Driver/Src/stm32f4xx_hal_can.o
                0x08006bee                HAL_CAN_TxMailbox2AbortCallback
 .text.HAL_CAN_RxFifo0FullCallback
                0x08006c02       0x14 ./Drivers/STM32F4xx_HAL_Driver/Src/stm32f4xx_hal_can.o
                0x08006c02                HAL_CAN_RxFifo0FullCallback
 .text.HAL_CAN_RxFifo1MsgPendingCallback
                0x08006c16       0x14 ./Drivers/STM32F4xx_HAL_Driver/Src/stm32f4xx_hal_can.o
                0x08006c16                HAL_CAN_RxFifo1MsgPendingCallback
 .text.HAL_CAN_RxFifo1FullCallback
                0x08006c2a       0x14 ./Drivers/STM32F4xx_HAL_Driver/Src/stm32f4xx_hal_can.o
                0x08006c2a                HAL_CAN_RxFifo1FullCallback
 .text.HAL_CAN_SleepCallback
                0x08006c3e       0x14 ./Drivers/STM32F4xx_HAL_Driver/Src/stm32f4xx_hal_can.o
                0x08006c3e                HAL_CAN_SleepCallback
 .text.HAL_CAN_WakeUpFromRxMsgCallback
                0x08006c52       0x14 ./Drivers/STM32F4xx_HAL_Driver/Src/stm32f4xx_hal_can.o
                0x08006c52                HAL_CAN_WakeUpFromRxMsgCallback
 .text.HAL_CAN_GetState
                0x08006c66       0x50 ./Drivers/STM32F4xx_HAL_Driver/Src/stm32f4xx_hal_can.o
                0x08006c66                HAL_CAN_GetState
 *fill*         0x08006cb6        0x2 
 .text.__NVIC_SetPriorityGrouping
                0x08006cb8       0x48 ./Drivers/STM32F4xx_HAL_Driver/Src/stm32f4xx_hal_cortex.o
 .text.__NVIC_GetPriorityGrouping
                0x08006d00       0x1c ./Drivers/STM32F4xx_HAL_Driver/Src/stm32f4xx_hal_cortex.o
 .text.__NVIC_EnableIRQ
                0x08006d1c       0x3c ./Drivers/STM32F4xx_HAL_Driver/Src/stm32f4xx_hal_cortex.o
 .text.__NVIC_DisableIRQ
                0x08006d58       0x48 ./Drivers/STM32F4xx_HAL_Driver/Src/stm32f4xx_hal_cortex.o
 .text.__NVIC_SetPriority
                0x08006da0       0x54 ./Drivers/STM32F4xx_HAL_Driver/Src/stm32f4xx_hal_cortex.o
 .text.NVIC_EncodePriority
                0x08006df4       0x66 ./Drivers/STM32F4xx_HAL_Driver/Src/stm32f4xx_hal_cortex.o
 *fill*         0x08006e5a        0x2 
 .text.SysTick_Config
                0x08006e5c       0x44 ./Drivers/STM32F4xx_HAL_Driver/Src/stm32f4xx_hal_cortex.o
 .text.HAL_NVIC_SetPriorityGrouping
                0x08006ea0       0x16 ./Drivers/STM32F4xx_HAL_Driver/Src/stm32f4xx_hal_cortex.o
                0x08006ea0                HAL_NVIC_SetPriorityGrouping
 .text.HAL_NVIC_SetPriority
                0x08006eb6       0x38 ./Drivers/STM32F4xx_HAL_Driver/Src/stm32f4xx_hal_cortex.o
                0x08006eb6                HAL_NVIC_SetPriority
 .text.HAL_NVIC_EnableIRQ
                0x08006eee       0x1c ./Drivers/STM32F4xx_HAL_Driver/Src/stm32f4xx_hal_cortex.o
                0x08006eee                HAL_NVIC_EnableIRQ
 .text.HAL_NVIC_DisableIRQ
                0x08006f0a       0x1c ./Drivers/STM32F4xx_HAL_Driver/Src/stm32f4xx_hal_cortex.o
                0x08006f0a                HAL_NVIC_DisableIRQ
 .text.HAL_SYSTICK_Config
                0x08006f26       0x18 ./Drivers/STM32F4xx_HAL_Driver/Src/stm32f4xx_hal_cortex.o
                0x08006f26                HAL_SYSTICK_Config
 .text.HAL_CRC_Init
                0x08006f3e       0x38 ./Drivers/STM32F4xx_HAL_Driver/Src/stm32f4xx_hal_crc.o
                0x08006f3e                HAL_CRC_Init
 *fill*         0x08006f76        0x2 
 .text.HAL_DMA_Init
                0x08006f78      0x15c ./Drivers/STM32F4xx_HAL_Driver/Src/stm32f4xx_hal_dma.o
                0x08006f78                HAL_DMA_Init
 .text.HAL_DMA_Abort
                0x080070d4       0xe0 ./Drivers/STM32F4xx_HAL_Driver/Src/stm32f4xx_hal_dma.o
                0x080070d4                HAL_DMA_Abort
 .text.HAL_DMA_Abort_IT
                0x080071b4       0x44 ./Drivers/STM32F4xx_HAL_Driver/Src/stm32f4xx_hal_dma.o
                0x080071b4                HAL_DMA_Abort_IT
 .text.HAL_DMA_IRQHandler
                0x080071f8      0x314 ./Drivers/STM32F4xx_HAL_Driver/Src/stm32f4xx_hal_dma.o
                0x080071f8                HAL_DMA_IRQHandler
 .text.HAL_DMA_GetState
                0x0800750c       0x1c ./Drivers/STM32F4xx_HAL_Driver/Src/stm32f4xx_hal_dma.o
                0x0800750c                HAL_DMA_GetState
 .text.DMA_CalcBaseAndBitshift
                0x08007528       0x6c ./Drivers/STM32F4xx_HAL_Driver/Src/stm32f4xx_hal_dma.o
 .text.DMA_CheckFifoParam
                0x08007594       0xf8 ./Drivers/STM32F4xx_HAL_Driver/Src/stm32f4xx_hal_dma.o
 .text.HAL_GPIO_Init
                0x0800768c      0x338 ./Drivers/STM32F4xx_HAL_Driver/Src/stm32f4xx_hal_gpio.o
                0x0800768c                HAL_GPIO_Init
 .text.HAL_GPIO_DeInit
                0x080079c4      0x1f8 ./Drivers/STM32F4xx_HAL_Driver/Src/stm32f4xx_hal_gpio.o
                0x080079c4                HAL_GPIO_DeInit
 .text.HAL_GPIO_WritePin
                0x08007bbc       0x32 ./Drivers/STM32F4xx_HAL_Driver/Src/stm32f4xx_hal_gpio.o
                0x08007bbc                HAL_GPIO_WritePin
 *fill*         0x08007bee        0x2 
 .text.HAL_I2C_Init
                0x08007bf0      0x288 ./Drivers/STM32F4xx_HAL_Driver/Src/stm32f4xx_hal_i2c.o
                0x08007bf0                HAL_I2C_Init
 .text.HAL_I2C_DeInit
                0x08007e78       0x5e ./Drivers/STM32F4xx_HAL_Driver/Src/stm32f4xx_hal_i2c.o
                0x08007e78                HAL_I2C_DeInit
 .text.I2C_Flush_DR
                0x08007ed6       0x2a ./Drivers/STM32F4xx_HAL_Driver/Src/stm32f4xx_hal_i2c.o
 .text.HAL_I2C_Master_Transmit
                0x08007f00      0x1fc ./Drivers/STM32F4xx_HAL_Driver/Src/stm32f4xx_hal_i2c.o
                0x08007f00                HAL_I2C_Master_Transmit
 .text.HAL_I2C_Mem_Write_IT
                0x080080fc      0x15c ./Drivers/STM32F4xx_HAL_Driver/Src/stm32f4xx_hal_i2c.o
                0x080080fc                HAL_I2C_Mem_Write_IT
 .text.HAL_I2C_Mem_Read_IT
                0x08008258      0x174 ./Drivers/STM32F4xx_HAL_Driver/Src/stm32f4xx_hal_i2c.o
                0x08008258                HAL_I2C_Mem_Read_IT
 .text.HAL_I2C_EV_IRQHandler
                0x080083cc      0x2e2 ./Drivers/STM32F4xx_HAL_Driver/Src/stm32f4xx_hal_i2c.o
                0x080083cc                HAL_I2C_EV_IRQHandler
 .text.HAL_I2C_ER_IRQHandler
                0x080086ae      0x14e ./Drivers/STM32F4xx_HAL_Driver/Src/stm32f4xx_hal_i2c.o
                0x080086ae                HAL_I2C_ER_IRQHandler
 .text.HAL_I2C_MasterTxCpltCallback
                0x080087fc       0x14 ./Drivers/STM32F4xx_HAL_Driver/Src/stm32f4xx_hal_i2c.o
                0x080087fc                HAL_I2C_MasterTxCpltCallback
 .text.HAL_I2C_MasterRxCpltCallback
                0x08008810       0x14 ./Drivers/STM32F4xx_HAL_Driver/Src/stm32f4xx_hal_i2c.o
                0x08008810                HAL_I2C_MasterRxCpltCallback
 .text.HAL_I2C_SlaveTxCpltCallback
                0x08008824       0x14 ./Drivers/STM32F4xx_HAL_Driver/Src/stm32f4xx_hal_i2c.o
                0x08008824                HAL_I2C_SlaveTxCpltCallback
 .text.HAL_I2C_SlaveRxCpltCallback
                0x08008838       0x14 ./Drivers/STM32F4xx_HAL_Driver/Src/stm32f4xx_hal_i2c.o
                0x08008838                HAL_I2C_SlaveRxCpltCallback
 .text.HAL_I2C_AddrCallback
                0x0800884c       0x1c ./Drivers/STM32F4xx_HAL_Driver/Src/stm32f4xx_hal_i2c.o
                0x0800884c                HAL_I2C_AddrCallback
 .text.HAL_I2C_ListenCpltCallback
                0x08008868       0x14 ./Drivers/STM32F4xx_HAL_Driver/Src/stm32f4xx_hal_i2c.o
                0x08008868                HAL_I2C_ListenCpltCallback
 .text.HAL_I2C_AbortCpltCallback
                0x0800887c       0x14 ./Drivers/STM32F4xx_HAL_Driver/Src/stm32f4xx_hal_i2c.o
                0x0800887c                HAL_I2C_AbortCpltCallback
 .text.I2C_MasterTransmit_TXE
                0x08008890      0x138 ./Drivers/STM32F4xx_HAL_Driver/Src/stm32f4xx_hal_i2c.o
 .text.I2C_MasterTransmit_BTF
                0x080089c8       0xec ./Drivers/STM32F4xx_HAL_Driver/Src/stm32f4xx_hal_i2c.o
 .text.I2C_MemoryTransmit_TXE_BTF
                0x08008ab4      0x130 ./Drivers/STM32F4xx_HAL_Driver/Src/stm32f4xx_hal_i2c.o
 .text.I2C_MasterReceive_RXNE
                0x08008be4      0x190 ./Drivers/STM32F4xx_HAL_Driver/Src/stm32f4xx_hal_i2c.o
 .text.I2C_MasterReceive_BTF
                0x08008d74      0x1e2 ./Drivers/STM32F4xx_HAL_Driver/Src/stm32f4xx_hal_i2c.o
 .text.I2C_Master_SB
                0x08008f56      0x10c ./Drivers/STM32F4xx_HAL_Driver/Src/stm32f4xx_hal_i2c.o
 .text.I2C_Master_ADD10
                0x08009062       0x54 ./Drivers/STM32F4xx_HAL_Driver/Src/stm32f4xx_hal_i2c.o
 .text.I2C_Master_ADDR
                0x080090b6      0x322 ./Drivers/STM32F4xx_HAL_Driver/Src/stm32f4xx_hal_i2c.o
 .text.I2C_SlaveTransmit_TXE
                0x080093d8       0x7a ./Drivers/STM32F4xx_HAL_Driver/Src/stm32f4xx_hal_i2c.o
 .text.I2C_SlaveTransmit_BTF
                0x08009452       0x42 ./Drivers/STM32F4xx_HAL_Driver/Src/stm32f4xx_hal_i2c.o
 .text.I2C_SlaveReceive_RXNE
                0x08009494       0x7c ./Drivers/STM32F4xx_HAL_Driver/Src/stm32f4xx_hal_i2c.o
 .text.I2C_SlaveReceive_BTF
                0x08009510       0x44 ./Drivers/STM32F4xx_HAL_Driver/Src/stm32f4xx_hal_i2c.o
 .text.I2C_Slave_ADDR
                0x08009554       0x94 ./Drivers/STM32F4xx_HAL_Driver/Src/stm32f4xx_hal_i2c.o
 .text.I2C_Slave_STOPF
                0x080095e8      0x260 ./Drivers/STM32F4xx_HAL_Driver/Src/stm32f4xx_hal_i2c.o
 .text.I2C_Slave_AF
                0x08009848       0xe8 ./Drivers/STM32F4xx_HAL_Driver/Src/stm32f4xx_hal_i2c.o
 .text.I2C_ITError
                0x08009930      0x264 ./Drivers/STM32F4xx_HAL_Driver/Src/stm32f4xx_hal_i2c.o
 .text.I2C_MasterRequestWrite
                0x08009b94      0x104 ./Drivers/STM32F4xx_HAL_Driver/Src/stm32f4xx_hal_i2c.o
 .text.I2C_DMAAbort
                0x08009c98      0x150 ./Drivers/STM32F4xx_HAL_Driver/Src/stm32f4xx_hal_i2c.o
 .text.I2C_WaitOnFlagUntilTimeout
                0x08009de8       0xf4 ./Drivers/STM32F4xx_HAL_Driver/Src/stm32f4xx_hal_i2c.o
 .text.I2C_WaitOnMasterAddressFlagUntilTimeout
                0x08009edc      0x140 ./Drivers/STM32F4xx_HAL_Driver/Src/stm32f4xx_hal_i2c.o
 .text.I2C_WaitOnTXEFlagUntilTimeout
                0x0800a01c       0x90 ./Drivers/STM32F4xx_HAL_Driver/Src/stm32f4xx_hal_i2c.o
 .text.I2C_WaitOnBTFFlagUntilTimeout
                0x0800a0ac       0x90 ./Drivers/STM32F4xx_HAL_Driver/Src/stm32f4xx_hal_i2c.o
 .text.I2C_WaitOnSTOPRequestThroughIT
                0x0800a13c       0x64 ./Drivers/STM32F4xx_HAL_Driver/Src/stm32f4xx_hal_i2c.o
 .text.I2C_IsAcknowledgeFailed
                0x0800a1a0       0x5e ./Drivers/STM32F4xx_HAL_Driver/Src/stm32f4xx_hal_i2c.o
 .text.I2C_ConvertOtherXferOptions
                0x0800a1fe       0x36 ./Drivers/STM32F4xx_HAL_Driver/Src/stm32f4xx_hal_i2c.o
 .text.HAL_RCC_OscConfig
                0x0800a234      0x4f0 ./Drivers/STM32F4xx_HAL_Driver/Src/stm32f4xx_hal_rcc.o
                0x0800a234                HAL_RCC_OscConfig
 .text.HAL_RCC_ClockConfig
                0x0800a724      0x1cc ./Drivers/STM32F4xx_HAL_Driver/Src/stm32f4xx_hal_rcc.o
                0x0800a724                HAL_RCC_ClockConfig
 .text.HAL_RCC_GetSysClockFreq
                0x0800a8f0      0x20c ./Drivers/STM32F4xx_HAL_Driver/Src/stm32f4xx_hal_rcc.o
                0x0800a8f0                HAL_RCC_GetSysClockFreq
 .text.HAL_RCC_GetHCLKFreq
                0x0800aafc       0x18 ./Drivers/STM32F4xx_HAL_Driver/Src/stm32f4xx_hal_rcc.o
                0x0800aafc                HAL_RCC_GetHCLKFreq
 .text.HAL_RCC_GetPCLK1Freq
                0x0800ab14       0x28 ./Drivers/STM32F4xx_HAL_Driver/Src/stm32f4xx_hal_rcc.o
                0x0800ab14                HAL_RCC_GetPCLK1Freq
 .text.HAL_RCC_GetPCLK2Freq
                0x0800ab3c       0x28 ./Drivers/STM32F4xx_HAL_Driver/Src/stm32f4xx_hal_rcc.o
                0x0800ab3c                HAL_RCC_GetPCLK2Freq
 .text.HAL_SPI_Init
                0x0800ab64      0x112 ./Drivers/STM32F4xx_HAL_Driver/Src/stm32f4xx_hal_spi.o
                0x0800ab64                HAL_SPI_Init
 .text.HAL_SPI_TransmitReceive
                0x0800ac76      0x352 ./Drivers/STM32F4xx_HAL_Driver/Src/stm32f4xx_hal_spi.o
                0x0800ac76                HAL_SPI_TransmitReceive
 .text.SPI_WaitFlagStateUntilTimeout
                0x0800afc8      0x110 ./Drivers/STM32F4xx_HAL_Driver/Src/stm32f4xx_hal_spi.o
 .text.SPI_EndRxTxTransaction
                0x0800b0d8       0xa8 ./Drivers/STM32F4xx_HAL_Driver/Src/stm32f4xx_hal_spi.o
 .text.HAL_TIM_Base_Init
                0x0800b180       0x9e ./Drivers/STM32F4xx_HAL_Driver/Src/stm32f4xx_hal_tim.o
                0x0800b180                HAL_TIM_Base_Init
 *fill*         0x0800b21e        0x2 
 .text.HAL_TIM_Base_Start
                0x0800b220       0xd0 ./Drivers/STM32F4xx_HAL_Driver/Src/stm32f4xx_hal_tim.o
                0x0800b220                HAL_TIM_Base_Start
 .text.HAL_TIM_Base_Stop
                0x0800b2f0       0x4e ./Drivers/STM32F4xx_HAL_Driver/Src/stm32f4xx_hal_tim.o
                0x0800b2f0                HAL_TIM_Base_Stop
 *fill*         0x0800b33e        0x2 
 .text.HAL_TIM_Base_Start_IT
                0x0800b340       0xe0 ./Drivers/STM32F4xx_HAL_Driver/Src/stm32f4xx_hal_tim.o
                0x0800b340                HAL_TIM_Base_Start_IT
 .text.HAL_TIM_PWM_Init
                0x0800b420       0x9e ./Drivers/STM32F4xx_HAL_Driver/Src/stm32f4xx_hal_tim.o
                0x0800b420                HAL_TIM_PWM_Init
 .text.HAL_TIM_PWM_MspInit
                0x0800b4be       0x14 ./Drivers/STM32F4xx_HAL_Driver/Src/stm32f4xx_hal_tim.o
                0x0800b4be                HAL_TIM_PWM_MspInit
 .text.HAL_TIM_IC_Init
                0x0800b4d2       0x9e ./Drivers/STM32F4xx_HAL_Driver/Src/stm32f4xx_hal_tim.o
                0x0800b4d2                HAL_TIM_IC_Init
 .text.HAL_TIM_IC_MspInit
                0x0800b570       0x14 ./Drivers/STM32F4xx_HAL_Driver/Src/stm32f4xx_hal_tim.o
                0x0800b570                HAL_TIM_IC_MspInit
 .text.HAL_TIM_IC_Start_IT
                0x0800b584      0x250 ./Drivers/STM32F4xx_HAL_Driver/Src/stm32f4xx_hal_tim.o
                0x0800b584                HAL_TIM_IC_Start_IT
 .text.HAL_TIM_IC_Stop_IT
                0x0800b7d4      0x15c ./Drivers/STM32F4xx_HAL_Driver/Src/stm32f4xx_hal_tim.o
                0x0800b7d4                HAL_TIM_IC_Stop_IT
 .text.HAL_TIM_IRQHandler
                0x0800b930      0x1e0 ./Drivers/STM32F4xx_HAL_Driver/Src/stm32f4xx_hal_tim.o
                0x0800b930                HAL_TIM_IRQHandler
 .text.HAL_TIM_IC_ConfigChannel
                0x0800bb10      0x138 ./Drivers/STM32F4xx_HAL_Driver/Src/stm32f4xx_hal_tim.o
                0x0800bb10                HAL_TIM_IC_ConfigChannel
 .text.HAL_TIM_PWM_ConfigChannel
                0x0800bc48      0x184 ./Drivers/STM32F4xx_HAL_Driver/Src/stm32f4xx_hal_tim.o
                0x0800bc48                HAL_TIM_PWM_ConfigChannel
 .text.HAL_TIM_ConfigClockSource
                0x0800bdcc      0x18e ./Drivers/STM32F4xx_HAL_Driver/Src/stm32f4xx_hal_tim.o
                0x0800bdcc                HAL_TIM_ConfigClockSource
 *fill*         0x0800bf5a        0x2 
 .text.HAL_TIM_ReadCapturedValue
                0x0800bf5c       0x88 ./Drivers/STM32F4xx_HAL_Driver/Src/stm32f4xx_hal_tim.o
                0x0800bf5c                HAL_TIM_ReadCapturedValue
 .text.HAL_TIM_OC_DelayElapsedCallback
                0x0800bfe4       0x14 ./Drivers/STM32F4xx_HAL_Driver/Src/stm32f4xx_hal_tim.o
                0x0800bfe4                HAL_TIM_OC_DelayElapsedCallback
 .text.HAL_TIM_PWM_PulseFinishedCallback
                0x0800bff8       0x14 ./Drivers/STM32F4xx_HAL_Driver/Src/stm32f4xx_hal_tim.o
                0x0800bff8                HAL_TIM_PWM_PulseFinishedCallback
 .text.HAL_TIM_TriggerCallback
                0x0800c00c       0x14 ./Drivers/STM32F4xx_HAL_Driver/Src/stm32f4xx_hal_tim.o
                0x0800c00c                HAL_TIM_TriggerCallback
 .text.TIM_Base_SetConfig
                0x0800c020      0x14c ./Drivers/STM32F4xx_HAL_Driver/Src/stm32f4xx_hal_tim.o
                0x0800c020                TIM_Base_SetConfig
 .text.TIM_OC1_SetConfig
                0x0800c16c       0xe0 ./Drivers/STM32F4xx_HAL_Driver/Src/stm32f4xx_hal_tim.o
 .text.TIM_OC2_SetConfig
                0x0800c24c       0xec ./Drivers/STM32F4xx_HAL_Driver/Src/stm32f4xx_hal_tim.o
                0x0800c24c                TIM_OC2_SetConfig
 .text.TIM_OC3_SetConfig
                0x0800c338       0xe8 ./Drivers/STM32F4xx_HAL_Driver/Src/stm32f4xx_hal_tim.o
 .text.TIM_OC4_SetConfig
                0x0800c420       0xac ./Drivers/STM32F4xx_HAL_Driver/Src/stm32f4xx_hal_tim.o
 .text.TIM_TI1_SetConfig
                0x0800c4cc       0xe8 ./Drivers/STM32F4xx_HAL_Driver/Src/stm32f4xx_hal_tim.o
                0x0800c4cc                TIM_TI1_SetConfig
 .text.TIM_TI1_ConfigInputStage
                0x0800c5b4       0x5e ./Drivers/STM32F4xx_HAL_Driver/Src/stm32f4xx_hal_tim.o
 .text.TIM_TI2_SetConfig
                0x0800c612       0x7a ./Drivers/STM32F4xx_HAL_Driver/Src/stm32f4xx_hal_tim.o
 .text.TIM_TI2_ConfigInputStage
                0x0800c68c       0x60 ./Drivers/STM32F4xx_HAL_Driver/Src/stm32f4xx_hal_tim.o
 .text.TIM_TI3_SetConfig
                0x0800c6ec       0x78 ./Drivers/STM32F4xx_HAL_Driver/Src/stm32f4xx_hal_tim.o
 .text.TIM_TI4_SetConfig
                0x0800c764       0x7a ./Drivers/STM32F4xx_HAL_Driver/Src/stm32f4xx_hal_tim.o
 .text.TIM_ITRx_SetConfig
                0x0800c7de       0x36 ./Drivers/STM32F4xx_HAL_Driver/Src/stm32f4xx_hal_tim.o
 .text.TIM_ETR_SetConfig
                0x0800c814       0x40 ./Drivers/STM32F4xx_HAL_Driver/Src/stm32f4xx_hal_tim.o
                0x0800c814                TIM_ETR_SetConfig
 .text.TIM_CCxChannelCmd
                0x0800c854       0x4a ./Drivers/STM32F4xx_HAL_Driver/Src/stm32f4xx_hal_tim.o
                0x0800c854                TIM_CCxChannelCmd
 *fill*         0x0800c89e        0x2 
 .text.HAL_TIMEx_MasterConfigSynchronization
                0x0800c8a0       0xf8 ./Drivers/STM32F4xx_HAL_Driver/Src/stm32f4xx_hal_tim_ex.o
                0x0800c8a0                HAL_TIMEx_MasterConfigSynchronization
 .text.HAL_TIMEx_ConfigBreakDeadTime
                0x0800c998       0xa4 ./Drivers/STM32F4xx_HAL_Driver/Src/stm32f4xx_hal_tim_ex.o
                0x0800c998                HAL_TIMEx_ConfigBreakDeadTime
 .text.HAL_TIMEx_CommutCallback
                0x0800ca3c       0x14 ./Drivers/STM32F4xx_HAL_Driver/Src/stm32f4xx_hal_tim_ex.o
                0x0800ca3c                HAL_TIMEx_CommutCallback
 .text.HAL_TIMEx_BreakCallback
                0x0800ca50       0x14 ./Drivers/STM32F4xx_HAL_Driver/Src/stm32f4xx_hal_tim_ex.o
                0x0800ca50                HAL_TIMEx_BreakCallback
 .text.HAL_UART_Init
                0x0800ca64       0xa0 ./Drivers/STM32F4xx_HAL_Driver/Src/stm32f4xx_hal_uart.o
                0x0800ca64                HAL_UART_Init
 .text.HAL_UART_Transmit
                0x0800cb04      0x116 ./Drivers/STM32F4xx_HAL_Driver/Src/stm32f4xx_hal_uart.o
                0x0800cb04                HAL_UART_Transmit
 *fill*         0x0800cc1a        0x2 
 .text.HAL_UART_IRQHandler
                0x0800cc1c      0x554 ./Drivers/STM32F4xx_HAL_Driver/Src/stm32f4xx_hal_uart.o
                0x0800cc1c                HAL_UART_IRQHandler
 .text.HAL_UART_TxCpltCallback
                0x0800d170       0x14 ./Drivers/STM32F4xx_HAL_Driver/Src/stm32f4xx_hal_uart.o
                0x0800d170                HAL_UART_TxCpltCallback
 .text.HAL_UART_RxCpltCallback
                0x0800d184       0x14 ./Drivers/STM32F4xx_HAL_Driver/Src/stm32f4xx_hal_uart.o
                0x0800d184                HAL_UART_RxCpltCallback
 .text.HAL_UART_ErrorCallback
                0x0800d198       0x14 ./Drivers/STM32F4xx_HAL_Driver/Src/stm32f4xx_hal_uart.o
                0x0800d198                HAL_UART_ErrorCallback
 .text.HAL_UARTEx_RxEventCallback
                0x0800d1ac       0x18 ./Drivers/STM32F4xx_HAL_Driver/Src/stm32f4xx_hal_uart.o
                0x0800d1ac                HAL_UARTEx_RxEventCallback
 .text.UART_WaitOnFlagUntilTimeout
                0x0800d1c4       0xb2 ./Drivers/STM32F4xx_HAL_Driver/Src/stm32f4xx_hal_uart.o
 .text.UART_EndRxTransfer
                0x0800d276       0xc6 ./Drivers/STM32F4xx_HAL_Driver/Src/stm32f4xx_hal_uart.o
 .text.UART_DMAAbortOnError
                0x0800d33c       0x22 ./Drivers/STM32F4xx_HAL_Driver/Src/stm32f4xx_hal_uart.o
 .text.UART_Transmit_IT
                0x0800d35e       0xa0 ./Drivers/STM32F4xx_HAL_Driver/Src/stm32f4xx_hal_uart.o
 .text.UART_EndTransmit_IT
                0x0800d3fe       0x30 ./Drivers/STM32F4xx_HAL_Driver/Src/stm32f4xx_hal_uart.o
 .text.UART_Receive_IT
                0x0800d42e      0x17c ./Drivers/STM32F4xx_HAL_Driver/Src/stm32f4xx_hal_uart.o
 *fill*         0x0800d5aa        0x2 
 .text.UART_SetConfig
                0x0800d5ac      0x4e8 ./Drivers/STM32F4xx_HAL_Driver/Src/stm32f4xx_hal_uart.o
 .text.__cvt    0x0800da94       0xca D:/SOFTWARE/en.st-stm32cubeide_1.18.1_24813_20250409_2138_x86_64.exe/STM32CubeIDE_1.18.1/STM32CubeIDE/plugins/com.st.stm32cube.ide.mcu.externaltools.gnu-tools-for-stm32.13.3.rel1.win32_1.0.0.202411081344/tools/bin/../lib/gcc/arm-none-eabi/13.3.1/../../../../arm-none-eabi/lib/thumb/v7e-m+fp/hard\libc_nano.a(libc_a-nano-vfprintf_float.o)
                0x0800da94                __cvt
 .text.__exponent
                0x0800db5e       0x74 D:/SOFTWARE/en.st-stm32cubeide_1.18.1_24813_20250409_2138_x86_64.exe/STM32CubeIDE_1.18.1/STM32CubeIDE/plugins/com.st.stm32cube.ide.mcu.externaltools.gnu-tools-for-stm32.13.3.rel1.win32_1.0.0.202411081344/tools/bin/../lib/gcc/arm-none-eabi/13.3.1/../../../../arm-none-eabi/lib/thumb/v7e-m+fp/hard\libc_nano.a(libc_a-nano-vfprintf_float.o)
                0x0800db5e                __exponent
 *fill*         0x0800dbd2        0x2 
 .text._printf_float
                0x0800dbd4      0x454 D:/SOFTWARE/en.st-stm32cubeide_1.18.1_24813_20250409_2138_x86_64.exe/STM32CubeIDE_1.18.1/STM32CubeIDE/plugins/com.st.stm32cube.ide.mcu.externaltools.gnu-tools-for-stm32.13.3.rel1.win32_1.0.0.202411081344/tools/bin/../lib/gcc/arm-none-eabi/13.3.1/../../../../arm-none-eabi/lib/thumb/v7e-m+fp/hard\libc_nano.a(libc_a-nano-vfprintf_float.o)
                0x0800dbd4                _printf_float
 .text._printf_common
                0x0800e028       0xda D:/SOFTWARE/en.st-stm32cubeide_1.18.1_24813_20250409_2138_x86_64.exe/STM32CubeIDE_1.18.1/STM32CubeIDE/plugins/com.st.stm32cube.ide.mcu.externaltools.gnu-tools-for-stm32.13.3.rel1.win32_1.0.0.202411081344/tools/bin/../lib/gcc/arm-none-eabi/13.3.1/../../../../arm-none-eabi/lib/thumb/v7e-m+fp/hard\libc_nano.a(libc_a-nano-vfprintf_i.o)
                0x0800e028                _printf_common
 *fill*         0x0800e102        0x2 
 .text._printf_i
                0x0800e104      0x23c D:/SOFTWARE/en.st-stm32cubeide_1.18.1_24813_20250409_2138_x86_64.exe/STM32CubeIDE_1.18.1/STM32CubeIDE/plugins/com.st.stm32cube.ide.mcu.externaltools.gnu-tools-for-stm32.13.3.rel1.win32_1.0.0.202411081344/tools/bin/../lib/gcc/arm-none-eabi/13.3.1/../../../../arm-none-eabi/lib/thumb/v7e-m+fp/hard\libc_nano.a(libc_a-nano-vfprintf_i.o)
                0x0800e104                _printf_i
 .text.std      0x0800e340       0x6c D:/SOFTWARE/en.st-stm32cubeide_1.18.1_24813_20250409_2138_x86_64.exe/STM32CubeIDE_1.18.1/STM32CubeIDE/plugins/com.st.stm32cube.ide.mcu.externaltools.gnu-tools-for-stm32.13.3.rel1.win32_1.0.0.202411081344/tools/bin/../lib/gcc/arm-none-eabi/13.3.1/../../../../arm-none-eabi/lib/thumb/v7e-m+fp/hard\libc_nano.a(libc_a-findfp.o)
 .text.stdio_exit_handler
                0x0800e3ac       0x18 D:/SOFTWARE/en.st-stm32cubeide_1.18.1_24813_20250409_2138_x86_64.exe/STM32CubeIDE_1.18.1/STM32CubeIDE/plugins/com.st.stm32cube.ide.mcu.externaltools.gnu-tools-for-stm32.13.3.rel1.win32_1.0.0.202411081344/tools/bin/../lib/gcc/arm-none-eabi/13.3.1/../../../../arm-none-eabi/lib/thumb/v7e-m+fp/hard\libc_nano.a(libc_a-findfp.o)
 .text.cleanup_stdio
                0x0800e3c4       0x40 D:/SOFTWARE/en.st-stm32cubeide_1.18.1_24813_20250409_2138_x86_64.exe/STM32CubeIDE_1.18.1/STM32CubeIDE/plugins/com.st.stm32cube.ide.mcu.externaltools.gnu-tools-for-stm32.13.3.rel1.win32_1.0.0.202411081344/tools/bin/../lib/gcc/arm-none-eabi/13.3.1/../../../../arm-none-eabi/lib/thumb/v7e-m+fp/hard\libc_nano.a(libc_a-findfp.o)
 .text.global_stdio_init.part.0
                0x0800e404       0x3c D:/SOFTWARE/en.st-stm32cubeide_1.18.1_24813_20250409_2138_x86_64.exe/STM32CubeIDE_1.18.1/STM32CubeIDE/plugins/com.st.stm32cube.ide.mcu.externaltools.gnu-tools-for-stm32.13.3.rel1.win32_1.0.0.202411081344/tools/bin/../lib/gcc/arm-none-eabi/13.3.1/../../../../arm-none-eabi/lib/thumb/v7e-m+fp/hard\libc_nano.a(libc_a-findfp.o)
 .text.__sfp_lock_acquire
                0x0800e440        0xc D:/SOFTWARE/en.st-stm32cubeide_1.18.1_24813_20250409_2138_x86_64.exe/STM32CubeIDE_1.18.1/STM32CubeIDE/plugins/com.st.stm32cube.ide.mcu.externaltools.gnu-tools-for-stm32.13.3.rel1.win32_1.0.0.202411081344/tools/bin/../lib/gcc/arm-none-eabi/13.3.1/../../../../arm-none-eabi/lib/thumb/v7e-m+fp/hard\libc_nano.a(libc_a-findfp.o)
                0x0800e440                __sfp_lock_acquire
 .text.__sfp_lock_release
                0x0800e44c        0xc D:/SOFTWARE/en.st-stm32cubeide_1.18.1_24813_20250409_2138_x86_64.exe/STM32CubeIDE_1.18.1/STM32CubeIDE/plugins/com.st.stm32cube.ide.mcu.externaltools.gnu-tools-for-stm32.13.3.rel1.win32_1.0.0.202411081344/tools/bin/../lib/gcc/arm-none-eabi/13.3.1/../../../../arm-none-eabi/lib/thumb/v7e-m+fp/hard\libc_nano.a(libc_a-findfp.o)
                0x0800e44c                __sfp_lock_release
 .text.__sinit  0x0800e458       0x30 D:/SOFTWARE/en.st-stm32cubeide_1.18.1_24813_20250409_2138_x86_64.exe/STM32CubeIDE_1.18.1/STM32CubeIDE/plugins/com.st.stm32cube.ide.mcu.externaltools.gnu-tools-for-stm32.13.3.rel1.win32_1.0.0.202411081344/tools/bin/../lib/gcc/arm-none-eabi/13.3.1/../../../../arm-none-eabi/lib/thumb/v7e-m+fp/hard\libc_nano.a(libc_a-findfp.o)
                0x0800e458                __sinit
 .text._fwalk_sglue
                0x0800e488       0x3c D:/SOFTWARE/en.st-stm32cubeide_1.18.1_24813_20250409_2138_x86_64.exe/STM32CubeIDE_1.18.1/STM32CubeIDE/plugins/com.st.stm32cube.ide.mcu.externaltools.gnu-tools-for-stm32.13.3.rel1.win32_1.0.0.202411081344/tools/bin/../lib/gcc/arm-none-eabi/13.3.1/../../../../arm-none-eabi/lib/thumb/v7e-m+fp/hard\libc_nano.a(libc_a-fwalk.o)
                0x0800e488                _fwalk_sglue
 .text._puts_r  0x0800e4c4       0xaa D:/SOFTWARE/en.st-stm32cubeide_1.18.1_24813_20250409_2138_x86_64.exe/STM32CubeIDE_1.18.1/STM32CubeIDE/plugins/com.st.stm32cube.ide.mcu.externaltools.gnu-tools-for-stm32.13.3.rel1.win32_1.0.0.202411081344/tools/bin/../lib/gcc/arm-none-eabi/13.3.1/../../../../arm-none-eabi/lib/thumb/v7e-m+fp/hard\libc_nano.a(libc_a-puts.o)
                0x0800e4c4                _puts_r
 *fill*         0x0800e56e        0x2 
 .text.puts     0x0800e570       0x10 D:/SOFTWARE/en.st-stm32cubeide_1.18.1_24813_20250409_2138_x86_64.exe/STM32CubeIDE_1.18.1/STM32CubeIDE/plugins/com.st.stm32cube.ide.mcu.externaltools.gnu-tools-for-stm32.13.3.rel1.win32_1.0.0.202411081344/tools/bin/../lib/gcc/arm-none-eabi/13.3.1/../../../../arm-none-eabi/lib/thumb/v7e-m+fp/hard\libc_nano.a(libc_a-puts.o)
                0x0800e570                puts
 .text.snprintf
                0x0800e580       0x6c D:/SOFTWARE/en.st-stm32cubeide_1.18.1_24813_20250409_2138_x86_64.exe/STM32CubeIDE_1.18.1/STM32CubeIDE/plugins/com.st.stm32cube.ide.mcu.externaltools.gnu-tools-for-stm32.13.3.rel1.win32_1.0.0.202411081344/tools/bin/../lib/gcc/arm-none-eabi/13.3.1/../../../../arm-none-eabi/lib/thumb/v7e-m+fp/hard\libc_nano.a(libc_a-snprintf.o)
                0x0800e580                sniprintf
                0x0800e580                snprintf
 .text.sprintf  0x0800e5ec       0x44 D:/SOFTWARE/en.st-stm32cubeide_1.18.1_24813_20250409_2138_x86_64.exe/STM32CubeIDE_1.18.1/STM32CubeIDE/plugins/com.st.stm32cube.ide.mcu.externaltools.gnu-tools-for-stm32.13.3.rel1.win32_1.0.0.202411081344/tools/bin/../lib/gcc/arm-none-eabi/13.3.1/../../../../arm-none-eabi/lib/thumb/v7e-m+fp/hard\libc_nano.a(libc_a-sprintf.o)
                0x0800e5ec                siprintf
                0x0800e5ec                sprintf
 .text.__sread  0x0800e630       0x22 D:/SOFTWARE/en.st-stm32cubeide_1.18.1_24813_20250409_2138_x86_64.exe/STM32CubeIDE_1.18.1/STM32CubeIDE/plugins/com.st.stm32cube.ide.mcu.externaltools.gnu-tools-for-stm32.13.3.rel1.win32_1.0.0.202411081344/tools/bin/../lib/gcc/arm-none-eabi/13.3.1/../../../../arm-none-eabi/lib/thumb/v7e-m+fp/hard\libc_nano.a(libc_a-stdio.o)
                0x0800e630                __sread
 .text.__swrite
                0x0800e652       0x38 D:/SOFTWARE/en.st-stm32cubeide_1.18.1_24813_20250409_2138_x86_64.exe/STM32CubeIDE_1.18.1/STM32CubeIDE/plugins/com.st.stm32cube.ide.mcu.externaltools.gnu-tools-for-stm32.13.3.rel1.win32_1.0.0.202411081344/tools/bin/../lib/gcc/arm-none-eabi/13.3.1/../../../../arm-none-eabi/lib/thumb/v7e-m+fp/hard\libc_nano.a(libc_a-stdio.o)
                0x0800e652                __swrite
 .text.__sseek  0x0800e68a       0x24 D:/SOFTWARE/en.st-stm32cubeide_1.18.1_24813_20250409_2138_x86_64.exe/STM32CubeIDE_1.18.1/STM32CubeIDE/plugins/com.st.stm32cube.ide.mcu.externaltools.gnu-tools-for-stm32.13.3.rel1.win32_1.0.0.202411081344/tools/bin/../lib/gcc/arm-none-eabi/13.3.1/../../../../arm-none-eabi/lib/thumb/v7e-m+fp/hard\libc_nano.a(libc_a-stdio.o)
                0x0800e68a                __sseek
 .text.__sclose
                0x0800e6ae        0x8 D:/SOFTWARE/en.st-stm32cubeide_1.18.1_24813_20250409_2138_x86_64.exe/STM32CubeIDE_1.18.1/STM32CubeIDE/plugins/com.st.stm32cube.ide.mcu.externaltools.gnu-tools-for-stm32.13.3.rel1.win32_1.0.0.202411081344/tools/bin/../lib/gcc/arm-none-eabi/13.3.1/../../../../arm-none-eabi/lib/thumb/v7e-m+fp/hard\libc_nano.a(libc_a-stdio.o)
                0x0800e6ae                __sclose
 .text.__swbuf_r
                0x0800e6b6       0x7c D:/SOFTWARE/en.st-stm32cubeide_1.18.1_24813_20250409_2138_x86_64.exe/STM32CubeIDE_1.18.1/STM32CubeIDE/plugins/com.st.stm32cube.ide.mcu.externaltools.gnu-tools-for-stm32.13.3.rel1.win32_1.0.0.202411081344/tools/bin/../lib/gcc/arm-none-eabi/13.3.1/../../../../arm-none-eabi/lib/thumb/v7e-m+fp/hard\libc_nano.a(libc_a-wbuf.o)
                0x0800e6b6                __swbuf_r
 *fill*         0x0800e732        0x2 
 .text.__swsetup_r
                0x0800e734       0xac D:/SOFTWARE/en.st-stm32cubeide_1.18.1_24813_20250409_2138_x86_64.exe/STM32CubeIDE_1.18.1/STM32CubeIDE/plugins/com.st.stm32cube.ide.mcu.externaltools.gnu-tools-for-stm32.13.3.rel1.win32_1.0.0.202411081344/tools/bin/../lib/gcc/arm-none-eabi/13.3.1/../../../../arm-none-eabi/lib/thumb/v7e-m+fp/hard\libc_nano.a(libc_a-wsetup.o)
                0x0800e734                __swsetup_r
 .text.memcmp   0x0800e7e0       0x20 D:/SOFTWARE/en.st-stm32cubeide_1.18.1_24813_20250409_2138_x86_64.exe/STM32CubeIDE_1.18.1/STM32CubeIDE/plugins/com.st.stm32cube.ide.mcu.externaltools.gnu-tools-for-stm32.13.3.rel1.win32_1.0.0.202411081344/tools/bin/../lib/gcc/arm-none-eabi/13.3.1/../../../../arm-none-eabi/lib/thumb/v7e-m+fp/hard\libc_nano.a(libc_a-memcmp.o)
                0x0800e7e0                memcmp
 .text.memset   0x0800e800       0x10 D:/SOFTWARE/en.st-stm32cubeide_1.18.1_24813_20250409_2138_x86_64.exe/STM32CubeIDE_1.18.1/STM32CubeIDE/plugins/com.st.stm32cube.ide.mcu.externaltools.gnu-tools-for-stm32.13.3.rel1.win32_1.0.0.202411081344/tools/bin/../lib/gcc/arm-none-eabi/13.3.1/../../../../arm-none-eabi/lib/thumb/v7e-m+fp/hard\libc_nano.a(libc_a-memset.o)
                0x0800e800                memset
 .text._localeconv_r
                0x0800e810        0x8 D:/SOFTWARE/en.st-stm32cubeide_1.18.1_24813_20250409_2138_x86_64.exe/STM32CubeIDE_1.18.1/STM32CubeIDE/plugins/com.st.stm32cube.ide.mcu.externaltools.gnu-tools-for-stm32.13.3.rel1.win32_1.0.0.202411081344/tools/bin/../lib/gcc/arm-none-eabi/13.3.1/../../../../arm-none-eabi/lib/thumb/v7e-m+fp/hard\libc_nano.a(libc_a-localeconv.o)
                0x0800e810                _localeconv_r
 .text._close_r
                0x0800e818       0x20 D:/SOFTWARE/en.st-stm32cubeide_1.18.1_24813_20250409_2138_x86_64.exe/STM32CubeIDE_1.18.1/STM32CubeIDE/plugins/com.st.stm32cube.ide.mcu.externaltools.gnu-tools-for-stm32.13.3.rel1.win32_1.0.0.202411081344/tools/bin/../lib/gcc/arm-none-eabi/13.3.1/../../../../arm-none-eabi/lib/thumb/v7e-m+fp/hard\libc_nano.a(libc_a-closer.o)
                0x0800e818                _close_r
 .text._lseek_r
                0x0800e838       0x24 D:/SOFTWARE/en.st-stm32cubeide_1.18.1_24813_20250409_2138_x86_64.exe/STM32CubeIDE_1.18.1/STM32CubeIDE/plugins/com.st.stm32cube.ide.mcu.externaltools.gnu-tools-for-stm32.13.3.rel1.win32_1.0.0.202411081344/tools/bin/../lib/gcc/arm-none-eabi/13.3.1/../../../../arm-none-eabi/lib/thumb/v7e-m+fp/hard\libc_nano.a(libc_a-lseekr.o)
                0x0800e838                _lseek_r
 .text._read_r  0x0800e85c       0x24 D:/SOFTWARE/en.st-stm32cubeide_1.18.1_24813_20250409_2138_x86_64.exe/STM32CubeIDE_1.18.1/STM32CubeIDE/plugins/com.st.stm32cube.ide.mcu.externaltools.gnu-tools-for-stm32.13.3.rel1.win32_1.0.0.202411081344/tools/bin/../lib/gcc/arm-none-eabi/13.3.1/../../../../arm-none-eabi/lib/thumb/v7e-m+fp/hard\libc_nano.a(libc_a-readr.o)
                0x0800e85c                _read_r
 .text._write_r
                0x0800e880       0x24 D:/SOFTWARE/en.st-stm32cubeide_1.18.1_24813_20250409_2138_x86_64.exe/STM32CubeIDE_1.18.1/STM32CubeIDE/plugins/com.st.stm32cube.ide.mcu.externaltools.gnu-tools-for-stm32.13.3.rel1.win32_1.0.0.202411081344/tools/bin/../lib/gcc/arm-none-eabi/13.3.1/../../../../arm-none-eabi/lib/thumb/v7e-m+fp/hard\libc_nano.a(libc_a-writer.o)
                0x0800e880                _write_r
 .text.__errno  0x0800e8a4        0xc D:/SOFTWARE/en.st-stm32cubeide_1.18.1_24813_20250409_2138_x86_64.exe/STM32CubeIDE_1.18.1/STM32CubeIDE/plugins/com.st.stm32cube.ide.mcu.externaltools.gnu-tools-for-stm32.13.3.rel1.win32_1.0.0.202411081344/tools/bin/../lib/gcc/arm-none-eabi/13.3.1/../../../../arm-none-eabi/lib/thumb/v7e-m+fp/hard\libc_nano.a(libc_a-errno.o)
                0x0800e8a4                __errno
 .text.__libc_init_array
                0x0800e8b0       0x48 D:/SOFTWARE/en.st-stm32cubeide_1.18.1_24813_20250409_2138_x86_64.exe/STM32CubeIDE_1.18.1/STM32CubeIDE/plugins/com.st.stm32cube.ide.mcu.externaltools.gnu-tools-for-stm32.13.3.rel1.win32_1.0.0.202411081344/tools/bin/../lib/gcc/arm-none-eabi/13.3.1/../../../../arm-none-eabi/lib/thumb/v7e-m+fp/hard\libc_nano.a(libc_a-init.o)
                0x0800e8b0                __libc_init_array
 .text.__retarget_lock_init_recursive
                0x0800e8f8        0x2 D:/SOFTWARE/en.st-stm32cubeide_1.18.1_24813_20250409_2138_x86_64.exe/STM32CubeIDE_1.18.1/STM32CubeIDE/plugins/com.st.stm32cube.ide.mcu.externaltools.gnu-tools-for-stm32.13.3.rel1.win32_1.0.0.202411081344/tools/bin/../lib/gcc/arm-none-eabi/13.3.1/../../../../arm-none-eabi/lib/thumb/v7e-m+fp/hard\libc_nano.a(libc_a-lock.o)
                0x0800e8f8                __retarget_lock_init_recursive
 .text.__retarget_lock_acquire_recursive
                0x0800e8fa        0x2 D:/SOFTWARE/en.st-stm32cubeide_1.18.1_24813_20250409_2138_x86_64.exe/STM32CubeIDE_1.18.1/STM32CubeIDE/plugins/com.st.stm32cube.ide.mcu.externaltools.gnu-tools-for-stm32.13.3.rel1.win32_1.0.0.202411081344/tools/bin/../lib/gcc/arm-none-eabi/13.3.1/../../../../arm-none-eabi/lib/thumb/v7e-m+fp/hard\libc_nano.a(libc_a-lock.o)
                0x0800e8fa                __retarget_lock_acquire_recursive
 .text.__retarget_lock_release_recursive
                0x0800e8fc        0x2 D:/SOFTWARE/en.st-stm32cubeide_1.18.1_24813_20250409_2138_x86_64.exe/STM32CubeIDE_1.18.1/STM32CubeIDE/plugins/com.st.stm32cube.ide.mcu.externaltools.gnu-tools-for-stm32.13.3.rel1.win32_1.0.0.202411081344/tools/bin/../lib/gcc/arm-none-eabi/13.3.1/../../../../arm-none-eabi/lib/thumb/v7e-m+fp/hard\libc_nano.a(libc_a-lock.o)
                0x0800e8fc                __retarget_lock_release_recursive
 .text.memcpy   0x0800e8fe       0x1c D:/SOFTWARE/en.st-stm32cubeide_1.18.1_24813_20250409_2138_x86_64.exe/STM32CubeIDE_1.18.1/STM32CubeIDE/plugins/com.st.stm32cube.ide.mcu.externaltools.gnu-tools-for-stm32.13.3.rel1.win32_1.0.0.202411081344/tools/bin/../lib/gcc/arm-none-eabi/13.3.1/../../../../arm-none-eabi/lib/thumb/v7e-m+fp/hard\libc_nano.a(libc_a-memcpy-stub.o)
                0x0800e8fe                memcpy
 .text.quorem   0x0800e91a      0x110 D:/SOFTWARE/en.st-stm32cubeide_1.18.1_24813_20250409_2138_x86_64.exe/STM32CubeIDE_1.18.1/STM32CubeIDE/plugins/com.st.stm32cube.ide.mcu.externaltools.gnu-tools-for-stm32.13.3.rel1.win32_1.0.0.202411081344/tools/bin/../lib/gcc/arm-none-eabi/13.3.1/../../../../arm-none-eabi/lib/thumb/v7e-m+fp/hard\libc_nano.a(libc_a-dtoa.o)
 *fill*         0x0800ea2a        0x6 
 .text._dtoa_r  0x0800ea30      0xba0 D:/SOFTWARE/en.st-stm32cubeide_1.18.1_24813_20250409_2138_x86_64.exe/STM32CubeIDE_1.18.1/STM32CubeIDE/plugins/com.st.stm32cube.ide.mcu.externaltools.gnu-tools-for-stm32.13.3.rel1.win32_1.0.0.202411081344/tools/bin/../lib/gcc/arm-none-eabi/13.3.1/../../../../arm-none-eabi/lib/thumb/v7e-m+fp/hard\libc_nano.a(libc_a-dtoa.o)
                0x0800ea30                _dtoa_r
 .text._free_r  0x0800f5d0       0x94 D:/SOFTWARE/en.st-stm32cubeide_1.18.1_24813_20250409_2138_x86_64.exe/STM32CubeIDE_1.18.1/STM32CubeIDE/plugins/com.st.stm32cube.ide.mcu.externaltools.gnu-tools-for-stm32.13.3.rel1.win32_1.0.0.202411081344/tools/bin/../lib/gcc/arm-none-eabi/13.3.1/../../../../arm-none-eabi/lib/thumb/v7e-m+fp/hard\libc_nano.a(libc_a-freer.o)
                0x0800f5d0                _free_r
 .text.malloc   0x0800f664       0x10 D:/SOFTWARE/en.st-stm32cubeide_1.18.1_24813_20250409_2138_x86_64.exe/STM32CubeIDE_1.18.1/STM32CubeIDE/plugins/com.st.stm32cube.ide.mcu.externaltools.gnu-tools-for-stm32.13.3.rel1.win32_1.0.0.202411081344/tools/bin/../lib/gcc/arm-none-eabi/13.3.1/../../../../arm-none-eabi/lib/thumb/v7e-m+fp/hard\libc_nano.a(libc_a-malloc.o)
                0x0800f664                malloc
 .text.sbrk_aligned
                0x0800f674       0x44 D:/SOFTWARE/en.st-stm32cubeide_1.18.1_24813_20250409_2138_x86_64.exe/STM32CubeIDE_1.18.1/STM32CubeIDE/plugins/com.st.stm32cube.ide.mcu.externaltools.gnu-tools-for-stm32.13.3.rel1.win32_1.0.0.202411081344/tools/bin/../lib/gcc/arm-none-eabi/13.3.1/../../../../arm-none-eabi/lib/thumb/v7e-m+fp/hard\libc_nano.a(libc_a-mallocr.o)
 .text._malloc_r
                0x0800f6b8      0x100 D:/SOFTWARE/en.st-stm32cubeide_1.18.1_24813_20250409_2138_x86_64.exe/STM32CubeIDE_1.18.1/STM32CubeIDE/plugins/com.st.stm32cube.ide.mcu.externaltools.gnu-tools-for-stm32.13.3.rel1.win32_1.0.0.202411081344/tools/bin/../lib/gcc/arm-none-eabi/13.3.1/../../../../arm-none-eabi/lib/thumb/v7e-m+fp/hard\libc_nano.a(libc_a-mallocr.o)
                0x0800f6b8                _malloc_r
 .text.__malloc_lock
                0x0800f7b8        0xc D:/SOFTWARE/en.st-stm32cubeide_1.18.1_24813_20250409_2138_x86_64.exe/STM32CubeIDE_1.18.1/STM32CubeIDE/plugins/com.st.stm32cube.ide.mcu.externaltools.gnu-tools-for-stm32.13.3.rel1.win32_1.0.0.202411081344/tools/bin/../lib/gcc/arm-none-eabi/13.3.1/../../../../arm-none-eabi/lib/thumb/v7e-m+fp/hard\libc_nano.a(libc_a-mlock.o)
                0x0800f7b8                __malloc_lock
 .text.__malloc_unlock
                0x0800f7c4        0xc D:/SOFTWARE/en.st-stm32cubeide_1.18.1_24813_20250409_2138_x86_64.exe/STM32CubeIDE_1.18.1/STM32CubeIDE/plugins/com.st.stm32cube.ide.mcu.externaltools.gnu-tools-for-stm32.13.3.rel1.win32_1.0.0.202411081344/tools/bin/../lib/gcc/arm-none-eabi/13.3.1/../../../../arm-none-eabi/lib/thumb/v7e-m+fp/hard\libc_nano.a(libc_a-mlock.o)
                0x0800f7c4                __malloc_unlock
 .text._Balloc  0x0800f7d0       0x80 D:/SOFTWARE/en.st-stm32cubeide_1.18.1_24813_20250409_2138_x86_64.exe/STM32CubeIDE_1.18.1/STM32CubeIDE/plugins/com.st.stm32cube.ide.mcu.externaltools.gnu-tools-for-stm32.13.3.rel1.win32_1.0.0.202411081344/tools/bin/../lib/gcc/arm-none-eabi/13.3.1/../../../../arm-none-eabi/lib/thumb/v7e-m+fp/hard\libc_nano.a(libc_a-mprec.o)
                0x0800f7d0                _Balloc
 .text._Bfree   0x0800f850       0x44 D:/SOFTWARE/en.st-stm32cubeide_1.18.1_24813_20250409_2138_x86_64.exe/STM32CubeIDE_1.18.1/STM32CubeIDE/plugins/com.st.stm32cube.ide.mcu.externaltools.gnu-tools-for-stm32.13.3.rel1.win32_1.0.0.202411081344/tools/bin/../lib/gcc/arm-none-eabi/13.3.1/../../../../arm-none-eabi/lib/thumb/v7e-m+fp/hard\libc_nano.a(libc_a-mprec.o)
                0x0800f850                _Bfree
 .text.__multadd
                0x0800f894       0x8c D:/SOFTWARE/en.st-stm32cubeide_1.18.1_24813_20250409_2138_x86_64.exe/STM32CubeIDE_1.18.1/STM32CubeIDE/plugins/com.st.stm32cube.ide.mcu.externaltools.gnu-tools-for-stm32.13.3.rel1.win32_1.0.0.202411081344/tools/bin/../lib/gcc/arm-none-eabi/13.3.1/../../../../arm-none-eabi/lib/thumb/v7e-m+fp/hard\libc_nano.a(libc_a-mprec.o)
                0x0800f894                __multadd
 .text.__hi0bits
                0x0800f920       0x3e D:/SOFTWARE/en.st-stm32cubeide_1.18.1_24813_20250409_2138_x86_64.exe/STM32CubeIDE_1.18.1/STM32CubeIDE/plugins/com.st.stm32cube.ide.mcu.externaltools.gnu-tools-for-stm32.13.3.rel1.win32_1.0.0.202411081344/tools/bin/../lib/gcc/arm-none-eabi/13.3.1/../../../../arm-none-eabi/lib/thumb/v7e-m+fp/hard\libc_nano.a(libc_a-mprec.o)
                0x0800f920                __hi0bits
 .text.__lo0bits
                0x0800f95e       0x5a D:/SOFTWARE/en.st-stm32cubeide_1.18.1_24813_20250409_2138_x86_64.exe/STM32CubeIDE_1.18.1/STM32CubeIDE/plugins/com.st.stm32cube.ide.mcu.externaltools.gnu-tools-for-stm32.13.3.rel1.win32_1.0.0.202411081344/tools/bin/../lib/gcc/arm-none-eabi/13.3.1/../../../../arm-none-eabi/lib/thumb/v7e-m+fp/hard\libc_nano.a(libc_a-mprec.o)
                0x0800f95e                __lo0bits
 .text.__i2b    0x0800f9b8       0x2c D:/SOFTWARE/en.st-stm32cubeide_1.18.1_24813_20250409_2138_x86_64.exe/STM32CubeIDE_1.18.1/STM32CubeIDE/plugins/com.st.stm32cube.ide.mcu.externaltools.gnu-tools-for-stm32.13.3.rel1.win32_1.0.0.202411081344/tools/bin/../lib/gcc/arm-none-eabi/13.3.1/../../../../arm-none-eabi/lib/thumb/v7e-m+fp/hard\libc_nano.a(libc_a-mprec.o)
                0x0800f9b8                __i2b
 .text.__multiply
                0x0800f9e4      0x144 D:/SOFTWARE/en.st-stm32cubeide_1.18.1_24813_20250409_2138_x86_64.exe/STM32CubeIDE_1.18.1/STM32CubeIDE/plugins/com.st.stm32cube.ide.mcu.externaltools.gnu-tools-for-stm32.13.3.rel1.win32_1.0.0.202411081344/tools/bin/../lib/gcc/arm-none-eabi/13.3.1/../../../../arm-none-eabi/lib/thumb/v7e-m+fp/hard\libc_nano.a(libc_a-mprec.o)
                0x0800f9e4                __multiply
 .text.__pow5mult
                0x0800fb28       0xb4 D:/SOFTWARE/en.st-stm32cubeide_1.18.1_24813_20250409_2138_x86_64.exe/STM32CubeIDE_1.18.1/STM32CubeIDE/plugins/com.st.stm32cube.ide.mcu.externaltools.gnu-tools-for-stm32.13.3.rel1.win32_1.0.0.202411081344/tools/bin/../lib/gcc/arm-none-eabi/13.3.1/../../../../arm-none-eabi/lib/thumb/v7e-m+fp/hard\libc_nano.a(libc_a-mprec.o)
                0x0800fb28                __pow5mult
 .text.__lshift
                0x0800fbdc       0xd8 D:/SOFTWARE/en.st-stm32cubeide_1.18.1_24813_20250409_2138_x86_64.exe/STM32CubeIDE_1.18.1/STM32CubeIDE/plugins/com.st.stm32cube.ide.mcu.externaltools.gnu-tools-for-stm32.13.3.rel1.win32_1.0.0.202411081344/tools/bin/../lib/gcc/arm-none-eabi/13.3.1/../../../../arm-none-eabi/lib/thumb/v7e-m+fp/hard\libc_nano.a(libc_a-mprec.o)
                0x0800fbdc                __lshift
 .text.__mcmp   0x0800fcb4       0x36 D:/SOFTWARE/en.st-stm32cubeide_1.18.1_24813_20250409_2138_x86_64.exe/STM32CubeIDE_1.18.1/STM32CubeIDE/plugins/com.st.stm32cube.ide.mcu.externaltools.gnu-tools-for-stm32.13.3.rel1.win32_1.0.0.202411081344/tools/bin/../lib/gcc/arm-none-eabi/13.3.1/../../../../arm-none-eabi/lib/thumb/v7e-m+fp/hard\libc_nano.a(libc_a-mprec.o)
                0x0800fcb4                __mcmp
 *fill*         0x0800fcea        0x2 
 .text.__mdiff  0x0800fcec      0x128 D:/SOFTWARE/en.st-stm32cubeide_1.18.1_24813_20250409_2138_x86_64.exe/STM32CubeIDE_1.18.1/STM32CubeIDE/plugins/com.st.stm32cube.ide.mcu.externaltools.gnu-tools-for-stm32.13.3.rel1.win32_1.0.0.202411081344/tools/bin/../lib/gcc/arm-none-eabi/13.3.1/../../../../arm-none-eabi/lib/thumb/v7e-m+fp/hard\libc_nano.a(libc_a-mprec.o)
                0x0800fcec                __mdiff
 .text.__d2b    0x0800fe14       0xb0 D:/SOFTWARE/en.st-stm32cubeide_1.18.1_24813_20250409_2138_x86_64.exe/STM32CubeIDE_1.18.1/STM32CubeIDE/plugins/com.st.stm32cube.ide.mcu.externaltools.gnu-tools-for-stm32.13.3.rel1.win32_1.0.0.202411081344/tools/bin/../lib/gcc/arm-none-eabi/13.3.1/../../../../arm-none-eabi/lib/thumb/v7e-m+fp/hard\libc_nano.a(libc_a-mprec.o)
                0x0800fe14                __d2b
 .text.__ssputs_r
                0x0800fec4       0xb6 D:/SOFTWARE/en.st-stm32cubeide_1.18.1_24813_20250409_2138_x86_64.exe/STM32CubeIDE_1.18.1/STM32CubeIDE/plugins/com.st.stm32cube.ide.mcu.externaltools.gnu-tools-for-stm32.13.3.rel1.win32_1.0.0.202411081344/tools/bin/../lib/gcc/arm-none-eabi/13.3.1/../../../../arm-none-eabi/lib/thumb/v7e-m+fp/hard\libc_nano.a(libc_a-nano-svfprintf.o)
                0x0800fec4                __ssputs_r
 *fill*         0x0800ff7a        0x2 
 .text._svfprintf_r
                0x0800ff7c      0x1f8 D:/SOFTWARE/en.st-stm32cubeide_1.18.1_24813_20250409_2138_x86_64.exe/STM32CubeIDE_1.18.1/STM32CubeIDE/plugins/com.st.stm32cube.ide.mcu.externaltools.gnu-tools-for-stm32.13.3.rel1.win32_1.0.0.202411081344/tools/bin/../lib/gcc/arm-none-eabi/13.3.1/../../../../arm-none-eabi/lib/thumb/v7e-m+fp/hard\libc_nano.a(libc_a-nano-svfprintf.o)
                0x0800ff7c                _svfiprintf_r
                0x0800ff7c                _svfprintf_r
 .text.__sfputc_r
                0x08010174       0x2e D:/SOFTWARE/en.st-stm32cubeide_1.18.1_24813_20250409_2138_x86_64.exe/STM32CubeIDE_1.18.1/STM32CubeIDE/plugins/com.st.stm32cube.ide.mcu.externaltools.gnu-tools-for-stm32.13.3.rel1.win32_1.0.0.202411081344/tools/bin/../lib/gcc/arm-none-eabi/13.3.1/../../../../arm-none-eabi/lib/thumb/v7e-m+fp/hard\libc_nano.a(libc_a-nano-vfprintf.o)
 .text.__sfputs_r
                0x080101a2       0x24 D:/SOFTWARE/en.st-stm32cubeide_1.18.1_24813_20250409_2138_x86_64.exe/STM32CubeIDE_1.18.1/STM32CubeIDE/plugins/com.st.stm32cube.ide.mcu.externaltools.gnu-tools-for-stm32.13.3.rel1.win32_1.0.0.202411081344/tools/bin/../lib/gcc/arm-none-eabi/13.3.1/../../../../arm-none-eabi/lib/thumb/v7e-m+fp/hard\libc_nano.a(libc_a-nano-vfprintf.o)
                0x080101a2                __sfputs_r
 *fill*         0x080101c6        0x2 
 .text._vfprintf_r
                0x080101c8      0x230 D:/SOFTWARE/en.st-stm32cubeide_1.18.1_24813_20250409_2138_x86_64.exe/STM32CubeIDE_1.18.1/STM32CubeIDE/plugins/com.st.stm32cube.ide.mcu.externaltools.gnu-tools-for-stm32.13.3.rel1.win32_1.0.0.202411081344/tools/bin/../lib/gcc/arm-none-eabi/13.3.1/../../../../arm-none-eabi/lib/thumb/v7e-m+fp/hard\libc_nano.a(libc_a-nano-vfprintf.o)
                0x080101c8                _vfprintf_r
                0x080101c8                _vfiprintf_r
 .text.__sflush_r
                0x080103f8      0x108 D:/SOFTWARE/en.st-stm32cubeide_1.18.1_24813_20250409_2138_x86_64.exe/STM32CubeIDE_1.18.1/STM32CubeIDE/plugins/com.st.stm32cube.ide.mcu.externaltools.gnu-tools-for-stm32.13.3.rel1.win32_1.0.0.202411081344/tools/bin/../lib/gcc/arm-none-eabi/13.3.1/../../../../arm-none-eabi/lib/thumb/v7e-m+fp/hard\libc_nano.a(libc_a-fflush.o)
                0x080103f8                __sflush_r
 .text._fflush_r
                0x08010500       0x50 D:/SOFTWARE/en.st-stm32cubeide_1.18.1_24813_20250409_2138_x86_64.exe/STM32CubeIDE_1.18.1/STM32CubeIDE/plugins/com.st.stm32cube.ide.mcu.externaltools.gnu-tools-for-stm32.13.3.rel1.win32_1.0.0.202411081344/tools/bin/../lib/gcc/arm-none-eabi/13.3.1/../../../../arm-none-eabi/lib/thumb/v7e-m+fp/hard\libc_nano.a(libc_a-fflush.o)
                0x08010500                _fflush_r
 .text.__swhatbuf_r
                0x08010550       0x4c D:/SOFTWARE/en.st-stm32cubeide_1.18.1_24813_20250409_2138_x86_64.exe/STM32CubeIDE_1.18.1/STM32CubeIDE/plugins/com.st.stm32cube.ide.mcu.externaltools.gnu-tools-for-stm32.13.3.rel1.win32_1.0.0.202411081344/tools/bin/../lib/gcc/arm-none-eabi/13.3.1/../../../../arm-none-eabi/lib/thumb/v7e-m+fp/hard\libc_nano.a(libc_a-makebuf.o)
                0x08010550                __swhatbuf_r
 .text.__smakebuf_r
                0x0801059c       0x78 D:/SOFTWARE/en.st-stm32cubeide_1.18.1_24813_20250409_2138_x86_64.exe/STM32CubeIDE_1.18.1/STM32CubeIDE/plugins/com.st.stm32cube.ide.mcu.externaltools.gnu-tools-for-stm32.13.3.rel1.win32_1.0.0.202411081344/tools/bin/../lib/gcc/arm-none-eabi/13.3.1/../../../../arm-none-eabi/lib/thumb/v7e-m+fp/hard\libc_nano.a(libc_a-makebuf.o)
                0x0801059c                __smakebuf_r
 .text.memmove  0x08010614       0x34 D:/SOFTWARE/en.st-stm32cubeide_1.18.1_24813_20250409_2138_x86_64.exe/STM32CubeIDE_1.18.1/STM32CubeIDE/plugins/com.st.stm32cube.ide.mcu.externaltools.gnu-tools-for-stm32.13.3.rel1.win32_1.0.0.202411081344/tools/bin/../lib/gcc/arm-none-eabi/13.3.1/../../../../arm-none-eabi/lib/thumb/v7e-m+fp/hard\libc_nano.a(libc_a-memmove.o)
                0x08010614                memmove
 .text._fstat_r
                0x08010648       0x24 D:/SOFTWARE/en.st-stm32cubeide_1.18.1_24813_20250409_2138_x86_64.exe/STM32CubeIDE_1.18.1/STM32CubeIDE/plugins/com.st.stm32cube.ide.mcu.externaltools.gnu-tools-for-stm32.13.3.rel1.win32_1.0.0.202411081344/tools/bin/../lib/gcc/arm-none-eabi/13.3.1/../../../../arm-none-eabi/lib/thumb/v7e-m+fp/hard\libc_nano.a(libc_a-fstatr.o)
                0x08010648                _fstat_r
 .text._isatty_r
                0x0801066c       0x20 D:/SOFTWARE/en.st-stm32cubeide_1.18.1_24813_20250409_2138_x86_64.exe/STM32CubeIDE_1.18.1/STM32CubeIDE/plugins/com.st.stm32cube.ide.mcu.externaltools.gnu-tools-for-stm32.13.3.rel1.win32_1.0.0.202411081344/tools/bin/../lib/gcc/arm-none-eabi/13.3.1/../../../../arm-none-eabi/lib/thumb/v7e-m+fp/hard\libc_nano.a(libc_a-isattyr.o)
                0x0801066c                _isatty_r
 .text._sbrk_r  0x0801068c       0x20 D:/SOFTWARE/en.st-stm32cubeide_1.18.1_24813_20250409_2138_x86_64.exe/STM32CubeIDE_1.18.1/STM32CubeIDE/plugins/com.st.stm32cube.ide.mcu.externaltools.gnu-tools-for-stm32.13.3.rel1.win32_1.0.0.202411081344/tools/bin/../lib/gcc/arm-none-eabi/13.3.1/../../../../arm-none-eabi/lib/thumb/v7e-m+fp/hard\libc_nano.a(libc_a-sbrkr.o)
                0x0801068c                _sbrk_r
 .text.__assert_func
                0x080106ac       0x3c D:/SOFTWARE/en.st-stm32cubeide_1.18.1_24813_20250409_2138_x86_64.exe/STM32CubeIDE_1.18.1/STM32CubeIDE/plugins/com.st.stm32cube.ide.mcu.externaltools.gnu-tools-for-stm32.13.3.rel1.win32_1.0.0.202411081344/tools/bin/../lib/gcc/arm-none-eabi/13.3.1/../../../../arm-none-eabi/lib/thumb/v7e-m+fp/hard\libc_nano.a(libc_a-assert.o)
                0x080106ac                __assert_func
 .text._calloc_r
                0x080106e8       0x28 D:/SOFTWARE/en.st-stm32cubeide_1.18.1_24813_20250409_2138_x86_64.exe/STM32CubeIDE_1.18.1/STM32CubeIDE/plugins/com.st.stm32cube.ide.mcu.externaltools.gnu-tools-for-stm32.13.3.rel1.win32_1.0.0.202411081344/tools/bin/../lib/gcc/arm-none-eabi/13.3.1/../../../../arm-none-eabi/lib/thumb/v7e-m+fp/hard\libc_nano.a(libc_a-callocr.o)
                0x080106e8                _calloc_r
 .text.__ascii_mbtowc