../Core/Src/BNO055.c:78:6:Check_Status	24	static
../Core/Src/BNO055.c:151:6:SelectPage	16	static
../Core/Src/BNO055.c:166:6:ResetBNO055	16	static
../Core/Src/BNO055.c:202:6:ReadData	24	static
../Core/Src/BNO055.c:284:6:Set_Operation_Mode	16	static
../Core/Src/BNO055.c:306:6:SetPowerMODE	16	static
../Core/Src/BNO055.c:328:6:Clock_Source	16	static
../Core/Src/BNO055.c:341:6:BNO055_Axis	16	static
../Core/Src/BNO055.c:363:6:SET_Accel_Range	16	static
../Core/Src/BNO055.c:377:6:BNO055_Init	24	static
../Core/Src/BNO055.c:449:6:getCalibration	24	static
../Core/Src/BNO055.c:483:6:getSensorOffsets	24	static
../Core/Src/BNO055.c:509:6:setSensorOffsets	24	static
../Core/Src/BNO055.c:533:6:isFullyCalibrated	16	static
../Core/Src/BNO055.c:566:12:getCurrentMode	16	static
../Core/Src/BNO055.c:581:6:Calibrate_BNO055	24	static
../Core/Src/BNO055.c:643:19:BNO055_ReadEulerRaw	32	static
../Core/Src/BNO055.c:656:21:BNO055_ReadEulerFloat	56	static
../Core/Src/BNO055.c:672:6:BNO055_PrintEulerRaw	216	static
../Core/Src/BNO055.c:690:6:BNO055_SendEulerCAN	112	static
../Core/Src/BNO055.c:710:6:BNO055_SendGyroCAN	272	static
../Core/Src/BNO055.c:737:6:BNO055_PrintEulerDebug	272	static
