../Core/Src/BNO055.c:82:6:Check_Status	24	static
../Core/Src/BNO055.c:155:6:SelectPage	16	static
../Core/Src/BNO055.c:170:6:ResetBNO055	16	static
../Core/Src/BNO055.c:226:6:I2C_ManualBusRecovery	40	static
../Core/Src/BNO055.c:283:6:ReadData	24	static
../Core/Src/BNO055.c:388:6:Set_Operation_Mode	16	static
../Core/Src/BNO055.c:410:6:SetPowerMODE	16	static
../Core/Src/BNO055.c:432:6:Clock_Source	16	static
../Core/Src/BNO055.c:445:6:BNO055_Axis	16	static
../Core/Src/BNO055.c:467:6:SET_Accel_Range	16	static
../Core/Src/BNO055.c:481:6:BNO055_Init	24	static
../Core/Src/BNO055.c:553:6:getCalibration	24	static
../Core/Src/BNO055.c:587:6:getSensorOffsets	24	static
../Core/Src/BNO055.c:613:6:setSensorOffsets	24	static
../Core/Src/BNO055.c:637:6:isFullyCalibrated	16	static
../Core/Src/BNO055.c:670:12:getCurrentMode	16	static
../Core/Src/BNO055.c:685:6:Calibrate_BNO055	24	static
../Core/Src/BNO055.c:747:19:BNO055_ReadEulerRaw	32	static
../Core/Src/BNO055.c:760:21:BNO055_ReadEulerFloat	56	static
../Core/Src/BNO055.c:776:6:BNO055_PrintEulerRaw	216	static
../Core/Src/BNO055.c:794:6:BNO055_SendEulerCAN	112	static
../Core/Src/BNO055.c:814:6:BNO055_SendGyroCAN	272	static
../Core/Src/BNO055.c:841:6:BNO055_PrintEulerDebug	272	static
