../Core/Src/BNO055.c:82:6:Check_Status	24	static
../Core/Src/BNO055.c:155:6:SelectPage	16	static
../Core/Src/BNO055.c:170:6:ResetBNO055	16	static
../Core/Src/BNO055.c:226:6:I2C_ManualBusRecovery	40	static
../Core/Src/BNO055.c:283:6:ReadData	24	static
../Core/Src/BNO055.c:370:6:Set_Operation_Mode	16	static
../Core/Src/BNO055.c:392:6:SetPowerMODE	16	static
../Core/Src/BNO055.c:414:6:Clock_Source	16	static
../Core/Src/BNO055.c:427:6:BNO055_Axis	16	static
../Core/Src/BNO055.c:449:6:SET_Accel_Range	16	static
../Core/Src/BNO055.c:463:6:BNO055_Init	24	static
../Core/Src/BNO055.c:535:6:getCalibration	24	static
../Core/Src/BNO055.c:569:6:getSensorOffsets	24	static
../Core/Src/BNO055.c:595:6:setSensorOffsets	24	static
../Core/Src/BNO055.c:619:6:isFullyCalibrated	16	static
../Core/Src/BNO055.c:652:12:getCurrentMode	16	static
../Core/Src/BNO055.c:667:6:Calibrate_BNO055	24	static
../Core/Src/BNO055.c:729:19:BNO055_ReadEulerRaw	32	static
../Core/Src/BNO055.c:742:21:BNO055_ReadEulerFloat	56	static
../Core/Src/BNO055.c:758:6:BNO055_PrintEulerRaw	216	static
../Core/Src/BNO055.c:776:6:BNO055_SendEulerCAN	112	static
../Core/Src/BNO055.c:796:6:BNO055_SendGyroCAN	272	static
../Core/Src/BNO055.c:823:6:BNO055_PrintEulerDebug	272	static
