../Core/Src/stm32f4xx_it.c:79:6:NMI_Handler	4	static
../Core/Src/stm32f4xx_it.c:94:6:HardFault_Handler	4	static
../Core/Src/stm32f4xx_it.c:109:6:MemManage_Handler	4	static
../Core/Src/stm32f4xx_it.c:124:6:BusFault_Handler	4	static
../Core/Src/stm32f4xx_it.c:139:6:UsageFault_Handler	4	static
../Core/Src/stm32f4xx_it.c:154:6:SVC_Handler	4	static
../Core/Src/stm32f4xx_it.c:167:6:DebugMon_Handler	4	static
../Core/Src/stm32f4xx_it.c:180:6:PendSV_Handler	4	static
../Core/Src/stm32f4xx_it.c:193:6:SysTick_Handler	8	static
../Core/Src/stm32f4xx_it.c:214:6:RCC_IRQHandler	4	static
../Core/Src/stm32f4xx_it.c:227:6:ADC_IRQHandler	8	static
../Core/Src/stm32f4xx_it.c:241:6:CAN1_TX_IRQHandler	8	static
../Core/Src/stm32f4xx_it.c:255:6:CAN1_RX0_IRQHandler	8	static
../Core/Src/stm32f4xx_it.c:269:6:CAN1_RX1_IRQHandler	8	static
../Core/Src/stm32f4xx_it.c:283:6:TIM1_BRK_TIM9_IRQHandler	8	static
../Core/Src/stm32f4xx_it.c:297:6:TIM1_UP_TIM10_IRQHandler	8	static
../Core/Src/stm32f4xx_it.c:311:6:TIM1_TRG_COM_TIM11_IRQHandler	8	static
../Core/Src/stm32f4xx_it.c:325:6:TIM1_CC_IRQHandler	8	static
../Core/Src/stm32f4xx_it.c:339:6:TIM2_IRQHandler	8	static
../Core/Src/stm32f4xx_it.c:353:6:TIM3_IRQHandler	8	static
../Core/Src/stm32f4xx_it.c:367:6:TIM4_IRQHandler	8	static
../Core/Src/stm32f4xx_it.c:381:6:USART1_IRQHandler	8	static
../Core/Src/stm32f4xx_it.c:395:6:TIM8_BRK_TIM12_IRQHandler	8	static
../Core/Src/stm32f4xx_it.c:409:6:TIM8_UP_TIM13_IRQHandler	8	static
../Core/Src/stm32f4xx_it.c:423:6:TIM8_TRG_COM_TIM14_IRQHandler	8	static
../Core/Src/stm32f4xx_it.c:437:6:TIM8_CC_IRQHandler	8	static
../Core/Src/stm32f4xx_it.c:451:6:TIM7_IRQHandler	8	static
../Core/Src/stm32f4xx_it.c:465:6:DMA2_Stream0_IRQHandler	8	static
../Core/Src/stm32f4xx_it.c:479:6:I2C3_EV_IRQHandler	8	static
../Core/Src/stm32f4xx_it.c:493:6:I2C3_ER_IRQHandler	8	static
