../Core/Src/stm32f4xx_it.c:80:6:NMI_Handler	4	static
../Core/Src/stm32f4xx_it.c:95:6:HardFault_Handler	4	static
../Core/Src/stm32f4xx_it.c:110:6:MemManage_Handler	4	static
../Core/Src/stm32f4xx_it.c:125:6:BusFault_Handler	4	static
../Core/Src/stm32f4xx_it.c:140:6:UsageFault_Handler	4	static
../Core/Src/stm32f4xx_it.c:155:6:SVC_Handler	4	static
../Core/Src/stm32f4xx_it.c:168:6:DebugMon_Handler	4	static
../Core/Src/stm32f4xx_it.c:181:6:PendSV_Handler	4	static
../Core/Src/stm32f4xx_it.c:194:6:SysTick_Handler	8	static
../Core/Src/stm32f4xx_it.c:215:6:RCC_IRQHandler	4	static
../Core/Src/stm32f4xx_it.c:228:6:ADC_IRQHandler	8	static
../Core/Src/stm32f4xx_it.c:242:6:CAN1_TX_IRQHandler	8	static
../Core/Src/stm32f4xx_it.c:256:6:CAN1_RX0_IRQHandler	8	static
../Core/Src/stm32f4xx_it.c:270:6:CAN1_RX1_IRQHandler	8	static
../Core/Src/stm32f4xx_it.c:284:6:CAN1_SCE_IRQHandler	8	static
../Core/Src/stm32f4xx_it.c:298:6:TIM1_BRK_TIM9_IRQHandler	8	static
../Core/Src/stm32f4xx_it.c:312:6:TIM1_UP_TIM10_IRQHandler	8	static
../Core/Src/stm32f4xx_it.c:326:6:TIM1_TRG_COM_TIM11_IRQHandler	8	static
../Core/Src/stm32f4xx_it.c:340:6:TIM1_CC_IRQHandler	8	static
../Core/Src/stm32f4xx_it.c:354:6:TIM2_IRQHandler	8	static
../Core/Src/stm32f4xx_it.c:368:6:TIM3_IRQHandler	8	static
../Core/Src/stm32f4xx_it.c:382:6:TIM4_IRQHandler	8	static
../Core/Src/stm32f4xx_it.c:396:6:USART1_IRQHandler	8	static
../Core/Src/stm32f4xx_it.c:410:6:TIM8_BRK_TIM12_IRQHandler	8	static
../Core/Src/stm32f4xx_it.c:424:6:TIM8_UP_TIM13_IRQHandler	8	static
../Core/Src/stm32f4xx_it.c:438:6:TIM8_TRG_COM_TIM14_IRQHandler	8	static
../Core/Src/stm32f4xx_it.c:452:6:TIM8_CC_IRQHandler	8	static
../Core/Src/stm32f4xx_it.c:466:6:TIM7_IRQHandler	8	static
../Core/Src/stm32f4xx_it.c:480:6:DMA2_Stream0_IRQHandler	8	static
../Core/Src/stm32f4xx_it.c:494:6:CAN2_TX_IRQHandler	8	static
../Core/Src/stm32f4xx_it.c:508:6:CAN2_RX0_IRQHandler	8	static
../Core/Src/stm32f4xx_it.c:522:6:CAN2_RX1_IRQHandler	8	static
../Core/Src/stm32f4xx_it.c:536:6:I2C3_EV_IRQHandler	8	static
../Core/Src/stm32f4xx_it.c:550:6:I2C3_ER_IRQHandler	8	static
